grid_pipeline: grid=D:\work\vesuvius-c\PHerc0139-10x10x10 output=output\pherc0139_10x10x10_gpu_run_20260730\mesh halo=13 tpc=2 max_conc=32 reject_garbage=1
BPA growth gate OFF (coherent-sheet default; weld geometry is scoped to grid_weld)
CVT site ratio: default
Processing 1000 cubes
scrollslice source: output\pherc0139_10x10x10_gpu_run_20260730\mesh/scrollslice.source.json
  [  28/1000] z04352_y03072_x03200 exit=0 t=10.5s
  [   7/1000] z04352_y02816_x03072 exit=0 t=14.2s
  [  29/1000] z04352_y03072_x03328 exit=0 t=12.5s
  [  26/1000] z04352_y03072_x02944 exit=0 t=12.9s
  [  12/1000] z04352_y02944_x02432 exit=0 t=14.3s
  [  21/1000] z04352_y03072_x02304 exit=0 t=14.2s
  [  30/1000] z04352_y03072_x03456 exit=0 t=13.7s
  [   6/1000] z04352_y02816_x02944 exit=0 t=15.5s
  [   4/1000] z04352_y02816_x02688 exit=0 t=16.4s
  [   8/1000] z04352_y02816_x03200 exit=0 t=18.0s
  [  10/1000] z04352_y02816_x03456 exit=0 t=18.4s
  [   9/1000] z04352_y02816_x03328 exit=0 t=18.7s
  [  17/1000] z04352_y02944_x03072 exit=0 t=18.6s
  [  11/1000] z04352_y02944_x02304 exit=0 t=18.8s
  [   5/1000] z04352_y02816_x02816 exit=0 t=19.4s
  [  27/1000] z04352_y03072_x03072 exit=0 t=18.3s
  [   1/1000] z04352_y02816_x02304 exit=0 t=20.7s
  [  40/1000] z04352_y03200_x03456 exit=0 t=4.9s
  [   3/1000] z04352_y02816_x02560 exit=0 t=21.6s
  [  20/1000] z04352_y02944_x03456 exit=0 t=20.3s
  [  32/1000] z04352_y03200_x02432 exit=0 t=20.2s
  [   2/1000] z04352_y02816_x02432 exit=0 t=22.9s
  [  13/1000] z04352_y02944_x02560 exit=0 t=23.4s
  [  22/1000] z04352_y03072_x02432 exit=0 t=23.5s
  [  16/1000] z04352_y02944_x02944 exit=0 t=25.1s
  [  38/1000] z04352_y03200_x03200 exit=0 t=11.1s
  [  18/1000] z04352_y02944_x03200 exit=0 t=25.9s
  [  39/1000] z04352_y03200_x03328 exit=0 t=12.2s
  [  31/1000] z04352_y03200_x02304 exit=0 t=25.9s
  [  25/1000] z04352_y03072_x02816 exit=0 t=26.1s
  [  52/1000] z04352_y03456_x02432 exit=0 t=7.4s
  [  19/1000] z04352_y02944_x03328 exit=0 t=28.6s
  [  45/1000] z04352_y03328_x02816 exit=0 t=10.1s
  [  36/1000] z04352_y03200_x02944 exit=0 t=15.0s
  [  62/1000] z04352_y03584_x02432 exit=0 t=2.1s
  [  49/1000] z04352_y03328_x03328 exit=0 t=10.2s
  [  37/1000] z04352_y03200_x03072 exit=0 t=16.3s
  [  42/1000] z04352_y03328_x02432 exit=0 t=13.8s
  [  50/1000] z04352_y03328_x03456 exit=0 t=12.2s
  [  46/1000] z04352_y03328_x02944 exit=0 t=13.5s
  [  33/1000] z04352_y03200_x02560 exit=0 t=21.4s
  [  51/1000] z04352_y03456_x02304 exit=0 t=15.1s
  [  24/1000] z04352_y03072_x02688 exit=0 t=35.9s
  [  44/1000] z04352_y03328_x02688 exit=0 t=19.3s
  [  43/1000] z04352_y03328_x02560 exit=0 t=19.7s
  [  63/1000] z04352_y03584_x02560 exit=0 t=10.6s
  [  53/1000] z04352_y03456_x02560 exit=0 t=17.6s
  [  35/1000] z04352_y03200_x02816 exit=0 t=25.6s
  [  61/1000] z04352_y03584_x02304 exit=0 t=12.6s
  [  54/1000] z04352_y03456_x02688 exit=0 t=18.8s
  [  48/1000] z04352_y03328_x03200 exit=0 t=22.6s
  [  47/1000] z04352_y03328_x03072 exit=0 t=24.5s
  [  23/1000] z04352_y03072_x02560 exit=0 t=43.1s
  [  14/1000] z04352_y02944_x02688 exit=0 t=45.1s
  [  64/1000] z04352_y03584_x02688 exit=0 t=18.3s
  [  57/1000] z04352_y03456_x03072 exit=0 t=22.0s
  [  58/1000] z04352_y03456_x03200 exit=0 t=21.2s
  [  34/1000] z04352_y03200_x02688 exit=0 t=34.0s
  [  15/1000] z04352_y02944_x02816 exit=0 t=47.2s
  [  55/1000] z04352_y03456_x02816 exit=0 t=25.3s
  [  41/1000] z04352_y03328_x02304 exit=0 t=32.8s
  [  59/1000] z04352_y03456_x03328 exit=0 t=23.7s
  [  65/1000] z04352_y03584_x02816 exit=0 t=21.4s
  [  60/1000] z04352_y03456_x03456 exit=0 t=23.2s
  [  73/1000] z04352_y03712_x02560 exit=0 t=17.4s
  [  71/1000] z04352_y03712_x02304 exit=0 t=21.0s
  [  80/1000] z04352_y03712_x03456 exit=0 t=14.2s
  [  74/1000] z04352_y03712_x02688 exit=0 t=17.7s
  [  67/1000] z04352_y03584_x03072 exit=0 t=24.7s
  [  69/1000] z04352_y03584_x03328 exit=0 t=24.2s
  [  56/1000] z04352_y03456_x02944 exit=0 t=31.5s
  [  70/1000] z04352_y03584_x03456 exit=0 t=24.5s
  [  66/1000] z04352_y03584_x02944 exit=0 t=27.1s
  [  72/1000] z04352_y03712_x02432 exit=0 t=24.0s
  [  68/1000] z04352_y03584_x03200 exit=0 t=27.5s
  [  81/1000] z04352_y03840_x02304 exit=0 t=21.4s
  [  75/1000] z04352_y03712_x02816 exit=0 t=26.9s
  [  87/1000] z04352_y03840_x03072 exit=0 t=19.3s
  [  79/1000] z04352_y03712_x03328 exit=0 t=30.5s
  [  82/1000] z04352_y03840_x02432 exit=0 t=30.0s
  [  88/1000] z04352_y03840_x03200 exit=0 t=23.9s
  [  86/1000] z04352_y03840_x02944 exit=0 t=27.2s
  [  85/1000] z04352_y03840_x02816 exit=0 t=29.3s
  [  89/1000] z04352_y03840_x03328 exit=0 t=27.7s
  [  84/1000] z04352_y03840_x02688 exit=0 t=32.1s
  [ 101/1000] z04480_y02816_x02304 exit=0 t=24.5s
  [ 106/1000] z04480_y02816_x02944 exit=0 t=25.9s
  [ 107/1000] z04480_y02816_x03072 exit=0 t=24.9s
  [ 100/1000] z04352_y03968_x03456 exit=0 t=28.9s
  [  90/1000] z04352_y03840_x03456 exit=0 t=35.8s
  [ 102/1000] z04480_y02816_x02432 exit=0 t=28.3s
  [ 105/1000] z04480_y02816_x02816 exit=0 t=27.5s
  [ 104/1000] z04480_y02816_x02688 exit=0 t=28.2s
  [ 110/1000] z04480_y02816_x03456 exit=0 t=18.7s
  [ 108/1000] z04480_y02816_x03200 exit=0 t=24.5s
  [ 112/1000] z04480_y02944_x02432 exit=0 t=15.2s
  [ 109/1000] z04480_y02816_x03328 exit=0 t=22.7s
  [ 103/1000] z04480_y02816_x02560 exit=0 t=31.5s
  [  99/1000] z04352_y03968_x03328 exit=0 t=33.7s
  [  98/1000] z04352_y03968_x03200 exit=0 t=36.0s
  [ 111/1000] z04480_y02944_x02304 exit=0 t=20.1s
  [ 113/1000] z04480_y02944_x02560 exit=0 t=18.9s
  [  94/1000] z04352_y03968_x02688 exit=0 t=41.4s
  [  83/1000] z04352_y03840_x02560 exit=0 t=50.4s
  [  97/1000] z04352_y03968_x03072 exit=0 t=42.4s
  [ 121/1000] z04480_y03072_x02304 exit=0 t=12.0s
  [  96/1000] z04352_y03968_x02944 exit=0 t=44.9s
  [ 117/1000] z04480_y02944_x03072 exit=0 t=20.1s
  [  91/1000] z04352_y03968_x02304 exit=0 t=50.8s
  [ 128/1000] z04480_y03072_x03200 exit=0 t=12.3s
  [ 130/1000] z04480_y03072_x03456 exit=0 t=12.6s
  [ 129/1000] z04480_y03072_x03328 exit=0 t=14.6s
  [ 127/1000] z04480_y03072_x03072 exit=0 t=15.5s
  [ 126/1000] z04480_y03072_x02944 exit=0 t=16.5s
  [  93/1000] z04352_y03968_x02560 exit=0 t=53.2s
  [ 140/1000] z04480_y03200_x03456 exit=0 t=6.0s
  [  92/1000] z04352_y03968_x02432 exit=0 t=55.8s
  [ 122/1000] z04480_y03072_x02432 exit=0 t=21.7s
  [ 139/1000] z04480_y03200_x03328 exit=0 t=9.5s
  [ 131/1000] z04480_y03200_x02304 exit=0 t=17.6s
  [  95/1000] z04352_y03968_x02816 exit=0 t=55.8s
  [ 118/1000] z04480_y02944_x03200 exit=0 t=27.7s
  [ 138/1000] z04480_y03200_x03200 exit=0 t=12.9s
  [ 145/1000] z04480_y03328_x02816 exit=0 t=7.0s
  [ 146/1000] z04480_y03328_x02944 exit=0 t=7.8s
  [ 150/1000] z04480_y03328_x03456 exit=0 t=5.5s
  [ 136/1000] z04480_y03200_x02944 exit=0 t=18.1s
  [ 137/1000] z04480_y03200_x03072 exit=0 t=18.0s
  [ 116/1000] z04480_y02944_x02944 exit=0 t=37.0s
  [ 120/1000] z04480_y02944_x03456 exit=0 t=30.4s
  [ 152/1000] z04480_y03456_x02432 exit=0 t=8.1s
  [  76/1000] z04352_y03712_x02944 exit=0 t=75.8s
  [ 119/1000] z04480_y02944_x03328 exit=0 t=32.6s
  [ 142/1000] z04480_y03328_x02432 exit=0 t=16.3s
  [ 149/1000] z04480_y03328_x03328 exit=0 t=10.7s
  [ 162/1000] z04480_y03584_x02432 exit=0 t=2.8s
  [ 132/1000] z04480_y03200_x02432 exit=0 t=26.8s
  [ 133/1000] z04480_y03200_x02560 exit=0 t=26.4s
  [ 114/1000] z04480_y02944_x02688 exit=0 t=45.0s
  [ 125/1000] z04480_y03072_x02816 exit=0 t=33.3s
  [ 144/1000] z04480_y03328_x02688 exit=0 t=16.7s
  [ 151/1000] z04480_y03456_x02304 exit=0 t=13.1s
  [ 159/1000] z04480_y03456_x03328 exit=0 t=8.1s
  [ 148/1000] z04480_y03328_x03200 exit=0 t=16.7s
  [ 143/1000] z04480_y03328_x02560 exit=0 t=19.1s
  [ 161/1000] z04480_y03584_x02304 exit=0 t=8.6s
  [ 154/1000] z04480_y03456_x02688 exit=0 t=15.5s
  [ 134/1000] z04480_y03200_x02688 exit=0 t=32.0s
  [ 153/1000] z04480_y03456_x02560 exit=0 t=16.6s
  [ 147/1000] z04480_y03328_x03072 exit=0 t=20.8s
  [ 115/1000] z04480_y02944_x02816 exit=0 t=49.8s
  [ 123/1000] z04480_y03072_x02560 exit=0 t=40.3s
  [ 158/1000] z04480_y03456_x03200 exit=0 t=13.3s
  [ 163/1000] z04480_y03584_x02560 exit=0 t=10.6s
  [ 141/1000] z04480_y03328_x02304 exit=0 t=25.8s
  [ 124/1000] z04480_y03072_x02688 exit=0 t=40.5s
  [ 167/1000] z04480_y03584_x03072 exit=0 t=12.8s
  [ 168/1000] z04480_y03584_x03200 exit=0 t=13.1s
  [ 157/1000] z04480_y03456_x03072 exit=0 t=20.5s
  [ 155/1000] z04480_y03456_x02816 exit=0 t=22.7s
  [ 135/1000] z04480_y03200_x02816 exit=0 t=40.3s
  [ 160/1000] z04480_y03456_x03456 exit=0 t=21.0s
  [  77/1000] z04352_y03712_x03072 exit=0 t=94.6s
  [ 164/1000] z04480_y03584_x02688 exit=0 t=19.8s
  [ 171/1000] z04480_y03712_x02304 exit=0 t=17.0s
  [ 165/1000] z04480_y03584_x02816 exit=0 t=20.4s
  [ 174/1000] z04480_y03712_x02688 exit=0 t=17.8s
  [ 173/1000] z04480_y03712_x02560 exit=0 t=19.9s
  [ 176/1000] z04480_y03712_x02944 exit=0 t=22.2s
  [ 180/1000] z04480_y03712_x03456 exit=0 t=19.6s
  [ 177/1000] z04480_y03712_x03072 exit=0 t=22.8s
  [ 172/1000] z04480_y03712_x02432 exit=0 t=24.9s
  [ 156/1000] z04480_y03456_x02944 exit=0 t=34.3s
  [ 166/1000] z04480_y03584_x02944 exit=0 t=28.0s
  [ 185/1000] z04480_y03840_x02816 exit=0 t=19.6s
  [ 187/1000] z04480_y03840_x03072 exit=0 t=20.1s
  [ 175/1000] z04480_y03712_x02816 exit=0 t=25.9s
  [ 170/1000] z04480_y03584_x03456 exit=0 t=28.9s
  [ 186/1000] z04480_y03840_x02944 exit=0 t=23.8s
  [ 188/1000] z04480_y03840_x03200 exit=0 t=25.7s
  [ 169/1000] z04480_y03584_x03328 exit=0 t=35.6s
  [ 196/1000] z04480_y03968_x02944 exit=0 t=21.7s
  [ 189/1000] z04480_y03840_x03328 exit=0 t=27.1s
  [ 210/1000] z04608_y02816_x03456 exit=0 t=12.2s
  [ 184/1000] z04480_y03840_x02688 exit=0 t=34.1s
  [  78/1000] z04352_y03712_x03200 exit=0 t=121.9s
  [ 183/1000] z04480_y03840_x02560 exit=0 t=37.9s
  [ 206/1000] z04608_y02816_x02944 exit=0 t=18.6s
  [ 209/1000] z04608_y02816_x03328 exit=0 t=17.3s
  [ 195/1000] z04480_y03968_x02816 exit=0 t=29.5s
  [ 207/1000] z04608_y02816_x03072 exit=0 t=19.2s
  [ 190/1000] z04480_y03840_x03456 exit=0 t=36.0s
  [ 181/1000] z04480_y03840_x02304 exit=0 t=42.2s
  [ 208/1000] z04608_y02816_x03200 exit=0 t=22.6s
  [ 200/1000] z04480_y03968_x03456 exit=0 t=29.0s
  [ 199/1000] z04480_y03968_x03328 exit=0 t=31.1s
  [ 193/1000] z04480_y03968_x02560 exit=0 t=38.6s
  [ 197/1000] z04480_y03968_x03072 exit=0 t=35.8s
  [ 211/1000] z04608_y02944_x02304 exit=0 t=24.1s
  [ 204/1000] z04608_y02816_x02688 exit=0 t=30.7s
  [ 205/1000] z04608_y02816_x02816 exit=0 t=30.3s
  [ 194/1000] z04480_y03968_x02688 exit=0 t=42.0s
  [ 192/1000] z04480_y03968_x02432 exit=0 t=44.1s
  [ 213/1000] z04608_y02944_x02560 exit=0 t=25.3s
  [ 203/1000] z04608_y02816_x02560 exit=0 t=35.6s
  [ 182/1000] z04480_y03840_x02432 exit=0 t=56.0s
  [ 178/1000] z04480_y03712_x03200 exit=0 t=58.7s
  [ 228/1000] z04608_y03072_x03200 exit=0 t=13.7s
  [ 227/1000] z04608_y03072_x03072 exit=0 t=13.9s
  [ 191/1000] z04480_y03968_x02304 exit=0 t=51.4s
  [ 221/1000] z04608_y03072_x02304 exit=0 t=19.8s
  [ 212/1000] z04608_y02944_x02432 exit=0 t=31.9s
  [ 230/1000] z04608_y03072_x03456 exit=0 t=14.2s
  [ 222/1000] z04608_y03072_x02432 exit=0 t=23.8s
  [ 229/1000] z04608_y03072_x03328 exit=0 t=16.2s
  [ 239/1000] z04608_y03200_x03328 exit=0 t=7.6s
  [ 240/1000] z04608_y03200_x03456 exit=0 t=6.3s
  [ 202/1000] z04608_y02816_x02432 exit=0 t=45.8s
  [ 217/1000] z04608_y02944_x03072 exit=0 t=30.2s
  [ 219/1000] z04608_y02944_x03328 exit=0 t=26.8s
  [ 198/1000] z04480_y03968_x03200 exit=0 t=53.0s
  [ 179/1000] z04480_y03712_x03328 exit=0 t=67.4s
  [ 220/1000] z04608_y02944_x03456 exit=0 t=28.1s
  [ 231/1000] z04608_y03200_x02304 exit=0 t=18.6s
  [ 218/1000] z04608_y02944_x03200 exit=0 t=30.1s
  [ 215/1000] z04608_y02944_x02816 exit=0 t=36.1s
  [ 201/1000] z04608_y02816_x02304 exit=0 t=50.6s
  [ 238/1000] z04608_y03200_x03200 exit=0 t=12.9s
  [ 226/1000] z04608_y03072_x02944 exit=0 t=25.5s
  [ 214/1000] z04608_y02944_x02688 exit=0 t=36.8s
  [ 250/1000] z04608_y03328_x03456 exit=0 t=6.1s
  [ 216/1000] z04608_y02944_x02944 exit=0 t=38.9s
  [ 242/1000] z04608_y03328_x02432 exit=0 t=14.8s
  [ 245/1000] z04608_y03328_x02816 exit=0 t=12.0s
  [ 246/1000] z04608_y03328_x02944 exit=0 t=12.4s
  [ 261/1000] z04608_y03584_x02304 exit=0 t=6.8s
  [ 237/1000] z04608_y03200_x03072 exit=0 t=21.8s
  [ 233/1000] z04608_y03200_x02560 exit=0 t=26.1s
  [ 252/1000] z04608_y03456_x02432 exit=0 t=11.4s
  [ 236/1000] z04608_y03200_x02944 exit=0 t=22.6s
  [ 262/1000] z04608_y03584_x02432 exit=0 t=8.1s
  [ 259/1000] z04608_y03456_x03328 exit=0 t=9.0s
  [ 251/1000] z04608_y03456_x02304 exit=0 t=14.2s
  [ 249/1000] z04608_y03328_x03328 exit=0 t=15.0s
  [ 254/1000] z04608_y03456_x02688 exit=0 t=14.0s
  [ 248/1000] z04608_y03328_x03200 exit=0 t=16.5s
  [ 247/1000] z04608_y03328_x03072 exit=0 t=17.5s
  [ 260/1000] z04608_y03456_x03456 exit=0 t=12.4s
  [ 244/1000] z04608_y03328_x02688 exit=0 t=22.6s
  [ 263/1000] z04608_y03584_x02560 exit=0 t=10.9s
  [ 243/1000] z04608_y03328_x02560 exit=0 t=23.2s
  [ 232/1000] z04608_y03200_x02432 exit=0 t=32.3s
  [ 224/1000] z04608_y03072_x02688 exit=0 t=40.5s
  [ 223/1000] z04608_y03072_x02560 exit=0 t=43.7s
  [ 225/1000] z04608_y03072_x02816 exit=0 t=41.6s
  [ 241/1000] z04608_y03328_x02304 exit=0 t=25.8s
  [ 273/1000] z04608_y03712_x02560 exit=0 t=6.8s
  [ 234/1000] z04608_y03200_x02688 exit=0 t=33.7s
  [ 253/1000] z04608_y03456_x02560 exit=0 t=20.5s
  [ 255/1000] z04608_y03456_x02816 exit=0 t=19.9s
  [ 258/1000] z04608_y03456_x03200 exit=0 t=18.2s
  [ 268/1000] z04608_y03584_x03200 exit=0 t=13.1s
  [ 271/1000] z04608_y03712_x02304 exit=0 t=12.7s
  [ 274/1000] z04608_y03712_x02688 exit=0 t=14.1s
  [ 272/1000] z04608_y03712_x02432 exit=0 t=16.6s
  [ 269/1000] z04608_y03584_x03328 exit=0 t=20.2s
  [ 257/1000] z04608_y03456_x03072 exit=0 t=28.6s
  [ 267/1000] z04608_y03584_x03072 exit=0 t=22.0s
  [ 264/1000] z04608_y03584_x02688 exit=0 t=24.7s
  [ 256/1000] z04608_y03456_x02944 exit=0 t=31.8s
  [ 270/1000] z04608_y03584_x03456 exit=0 t=24.0s
  [ 275/1000] z04608_y03712_x02816 exit=0 t=23.6s
  [ 235/1000] z04608_y03200_x02816 exit=0 t=52.2s
  [ 265/1000] z04608_y03584_x02816 exit=0 t=30.1s
  [ 266/1000] z04608_y03584_x02944 exit=0 t=31.1s
  [ 292/1000] z04608_y03968_x02432 exit=0 t=20.6s
  [ 282/1000] z04608_y03840_x02432 exit=0 t=25.6s
  [ 276/1000] z04608_y03712_x02944 exit=0 t=29.6s
  [ 280/1000] z04608_y03712_x03456 exit=0 t=28.1s
  [ 289/1000] z04608_y03840_x03328 exit=0 t=25.9s
  [ 281/1000] z04608_y03840_x02304 exit=0 t=29.1s
  [ 288/1000] z04608_y03840_x03200 exit=0 t=27.1s
  [ 287/1000] z04608_y03840_x03072 exit=0 t=27.6s
  [ 277/1000] z04608_y03712_x03072 exit=0 t=33.3s
  [ 291/1000] z04608_y03968_x02304 exit=0 t=29.1s
  [ 298/1000] z04608_y03968_x03200 exit=0 t=18.9s
  [ 300/1000] z04608_y03968_x03456 exit=0 t=18.2s
  [ 299/1000] z04608_y03968_x03328 exit=0 t=21.1s
  [ 286/1000] z04608_y03840_x02944 exit=0 t=34.3s
  [ 297/1000] z04608_y03968_x03072 exit=0 t=24.6s
  [ 290/1000] z04608_y03840_x03456 exit=0 t=34.5s
  [ 295/1000] z04608_y03968_x02816 exit=0 t=30.3s
  [ 285/1000] z04608_y03840_x02816 exit=0 t=37.1s
  [ 293/1000] z04608_y03968_x02560 exit=0 t=33.2s
  [ 308/1000] z04736_y02816_x03200 exit=0 t=14.3s
  [ 283/1000] z04608_y03840_x02560 exit=0 t=39.7s
  [ 309/1000] z04736_y02816_x03328 exit=0 t=14.8s
  [ 307/1000] z04736_y02816_x03072 exit=0 t=18.9s
  [ 296/1000] z04608_y03968_x02944 exit=0 t=31.8s
  [ 310/1000] z04736_y02816_x03456 exit=0 t=15.2s
  [ 278/1000] z04608_y03712_x03200 exit=0 t=43.5s
  [ 294/1000] z04608_y03968_x02688 exit=0 t=35.0s
  [ 320/1000] z04736_y02944_x03456 exit=0 t=11.4s
  [ 319/1000] z04736_y02944_x03328 exit=0 t=13.7s
  [ 279/1000] z04608_y03712_x03328 exit=0 t=52.4s
  [ 306/1000] z04736_y02816_x02944 exit=0 t=32.5s
  [ 318/1000] z04736_y02944_x03200 exit=0 t=22.9s
  [ 312/1000] z04736_y02944_x02432 exit=0 t=28.3s
  [ 321/1000] z04736_y03072_x02304 exit=0 t=20.6s
  [ 311/1000] z04736_y02944_x02304 exit=0 t=30.1s
  [ 328/1000] z04736_y03072_x03200 exit=0 t=18.1s
  [ 313/1000] z04736_y02944_x02560 exit=0 t=31.1s
  [ 330/1000] z04736_y03072_x03456 exit=0 t=18.1s
  [ 305/1000] z04736_y02816_x02816 exit=0 t=38.4s
  [ 327/1000] z04736_y03072_x03072 exit=0 t=22.0s
  [ 331/1000] z04736_y03200_x02304 exit=0 t=20.9s
  [ 340/1000] z04736_y03200_x03456 exit=0 t=6.6s
  [ 329/1000] z04736_y03072_x03328 exit=0 t=23.6s
  [ 314/1000] z04736_y02944_x02688 exit=0 t=35.4s
  [ 301/1000] z04736_y02816_x02304 exit=0 t=49.1s
  [ 284/1000] z04608_y03840_x02688 exit=0 t=64.7s
  [ 339/1000] z04736_y03200_x03328 exit=0 t=9.2s
  [ 317/1000] z04736_y02944_x03072 exit=0 t=32.7s
  [ 322/1000] z04736_y03072_x02432 exit=0 t=30.5s
  [ 315/1000] z04736_y02944_x02816 exit=0 t=38.6s
  [ 350/1000] z04736_y03328_x03456 exit=0 t=4.9s
  [ 338/1000] z04736_y03200_x03200 exit=0 t=15.1s
  [ 316/1000] z04736_y02944_x02944 exit=0 t=37.8s
  [ 334/1000] z04736_y03200_x02688 exit=0 t=28.7s
  [ 333/1000] z04736_y03200_x02560 exit=0 t=30.3s
  [ 302/1000] z04736_y02816_x02432 exit=0 t=55.3s
  [ 346/1000] z04736_y03328_x02944 exit=0 t=13.0s
  [ 347/1000] z04736_y03328_x03072 exit=0 t=12.2s
  [ 326/1000] z04736_y03072_x02944 exit=0 t=36.0s
  [ 337/1000] z04736_y03200_x03072 exit=0 t=23.4s
  [ 336/1000] z04736_y03200_x02944 exit=0 t=27.0s
  [ 342/1000] z04736_y03328_x02432 exit=0 t=17.5s
  [ 352/1000] z04736_y03456_x02432 exit=0 t=10.0s
  [ 360/1000] z04736_y03456_x03456 exit=0 t=7.8s
  [ 361/1000] z04736_y03584_x02304 exit=0 t=6.9s
  [ 349/1000] z04736_y03328_x03328 exit=0 t=15.0s
  [ 362/1000] z04736_y03584_x02432 exit=0 t=5.9s
  [ 354/1000] z04736_y03456_x02688 exit=0 t=13.0s
  [ 345/1000] z04736_y03328_x02816 exit=0 t=19.0s
  [ 341/1000] z04736_y03328_x02304 exit=0 t=22.8s
  [ 359/1000] z04736_y03456_x03328 exit=0 t=10.5s
  [ 351/1000] z04736_y03456_x02304 exit=0 t=16.2s
  [ 343/1000] z04736_y03328_x02560 exit=0 t=22.4s
  [ 348/1000] z04736_y03328_x03200 exit=0 t=17.7s
  [ 332/1000] z04736_y03200_x02432 exit=0 t=38.6s
  [ 353/1000] z04736_y03456_x02560 exit=0 t=17.2s
  [ 304/1000] z04736_y02816_x02688 exit=0 t=62.7s
  [ 355/1000] z04736_y03456_x02816 exit=0 t=18.8s
  [ 303/1000] z04736_y02816_x02560 exit=0 t=68.3s
  [ 358/1000] z04736_y03456_x03200 exit=0 t=18.0s
  [ 372/1000] z04736_y03712_x02432 exit=0 t=9.0s
  [ 368/1000] z04736_y03584_x03200 exit=0 t=12.5s
  [ 344/1000] z04736_y03328_x02688 exit=0 t=27.8s
  [ 335/1000] z04736_y03200_x02816 exit=0 t=41.0s
  [ 371/1000] z04736_y03712_x02304 exit=0 t=11.0s
  [ 374/1000] z04736_y03712_x02688 exit=0 t=10.0s
  [ 373/1000] z04736_y03712_x02560 exit=0 t=10.4s
  [ 369/1000] z04736_y03584_x03328 exit=0 t=13.4s
  [ 375/1000] z04736_y03712_x02816 exit=0 t=12.6s
  [ 356/1000] z04736_y03456_x02944 exit=0 t=25.6s
  [ 363/1000] z04736_y03584_x02560 exit=0 t=19.9s
  [ 357/1000] z04736_y03456_x03072 exit=0 t=25.6s
  [ 325/1000] z04736_y03072_x02816 exit=0 t=56.5s
  [ 323/1000] z04736_y03072_x02560 exit=0 t=58.4s
  [ 364/1000] z04736_y03584_x02688 exit=0 t=23.9s
  [ 370/1000] z04736_y03584_x03456 exit=0 t=23.0s
  [ 367/1000] z04736_y03584_x03072 exit=0 t=25.8s
  [ 376/1000] z04736_y03712_x02944 exit=0 t=22.8s
  [ 365/1000] z04736_y03584_x02816 exit=0 t=31.2s
  [ 377/1000] z04736_y03712_x03072 exit=0 t=26.6s
  [ 324/1000] z04736_y03072_x02688 exit=0 t=68.5s
  [ 366/1000] z04736_y03584_x02944 exit=0 t=33.9s
  [ 383/1000] z04736_y03840_x02560 exit=0 t=30.4s
  [ 382/1000] z04736_y03840_x02432 exit=0 t=33.4s
  [ 389/1000] z04736_y03840_x03328 exit=0 t=30.0s
  [ 390/1000] z04736_y03840_x03456 exit=0 t=30.2s
  [ 399/1000] z04736_y03968_x03328 exit=0 t=24.6s
  [ 400/1000] z04736_y03968_x03456 exit=0 t=23.9s
  [ 398/1000] z04736_y03968_x03200 exit=0 t=26.1s
  [ 384/1000] z04736_y03840_x02688 exit=0 t=36.8s
  [ 388/1000] z04736_y03840_x03200 exit=0 t=34.0s
  [ 391/1000] z04736_y03968_x02304 exit=0 t=33.3s
  [ 409/1000] z04864_y02816_x03328 exit=0 t=14.5s
  [ 379/1000] z04736_y03712_x03328 exit=0 t=43.6s
  [ 381/1000] z04736_y03840_x02304 exit=0 t=43.6s
  [ 392/1000] z04736_y03968_x02432 exit=0 t=36.5s
  [ 397/1000] z04736_y03968_x03072 exit=0 t=33.7s
  [ 408/1000] z04864_y02816_x03200 exit=0 t=21.0s
  [ 404/1000] z04864_y02816_x02688 exit=0 t=27.2s
  [ 410/1000] z04864_y02816_x03456 exit=0 t=15.0s
  [ 403/1000] z04864_y02816_x02560 exit=0 t=30.8s
  [ 385/1000] z04736_y03840_x02816 exit=0 t=44.8s
  [ 380/1000] z04736_y03712_x03456 exit=0 t=49.4s
  [ 378/1000] z04736_y03712_x03200 exit=0 t=52.0s
  [ 387/1000] z04736_y03840_x03072 exit=0 t=48.0s
  [ 386/1000] z04736_y03840_x02944 exit=0 t=48.4s
  [ 396/1000] z04736_y03968_x02944 exit=0 t=44.2s
  [ 407/1000] z04864_y02816_x03072 exit=0 t=37.4s
  [ 406/1000] z04864_y02816_x02944 exit=0 t=39.2s
  [ 421/1000] z04864_y03072_x02304 exit=0 t=20.5s
  [ 401/1000] z04864_y02816_x02304 exit=0 t=49.1s
  [ 418/1000] z04864_y02944_x03200 exit=0 t=24.5s
  [ 419/1000] z04864_y02944_x03328 exit=0 t=26.2s
  [ 412/1000] z04864_y02944_x02432 exit=0 t=32.0s
  [ 431/1000] z04864_y03200_x02304 exit=0 t=18.3s
  [ 413/1000] z04864_y02944_x02560 exit=0 t=32.3s
  [ 395/1000] z04736_y03968_x02816 exit=0 t=62.4s
  [ 405/1000] z04864_y02816_x02816 exit=0 t=49.7s
  [ 414/1000] z04864_y02944_x02688 exit=0 t=35.2s
  [ 415/1000] z04864_y02944_x02816 exit=0 t=35.3s
  [ 422/1000] z04864_y03072_x02432 exit=0 t=29.7s
  [ 439/1000] z04864_y03200_x03328 exit=0 t=9.5s
  [ 430/1000] z04864_y03072_x03456 exit=0 t=25.1s
  [ 440/1000] z04864_y03200_x03456 exit=0 t=7.4s
  [ 393/1000] z04736_y03968_x02560 exit=0 t=66.8s
  [ 394/1000] z04736_y03968_x02688 exit=0 t=67.0s
  [ 416/1000] z04864_y02944_x02944 exit=0 t=38.5s
  [ 438/1000] z04864_y03200_x03200 exit=0 t=12.4s
  [ 420/1000] z04864_y02944_x03456 exit=0 t=35.8s
  [ 428/1000] z04864_y03072_x03200 exit=0 t=29.6s
  [ 417/1000] z04864_y02944_x03072 exit=0 t=39.0s
  [ 452/1000] z04864_y03456_x02432 exit=0 t=4.0s
  [ 427/1000] z04864_y03072_x03072 exit=0 t=32.0s
  [ 411/1000] z04864_y02944_x02304 exit=0 t=46.1s
  [ 429/1000] z04864_y03072_x03328 exit=0 t=33.2s
  [reject] z04864_y03584_x02432 (empty prediction -- no meshable component)
  [ 450/1000] z04864_y03328_x03456 exit=0 t=8.0s
  [ 447/1000] z04864_y03328_x03072 exit=0 t=11.5s
  [ 455/1000] z04864_y03456_x02816 exit=0 t=8.1s
  [ 426/1000] z04864_y03072_x02944 exit=0 t=38.1s
  [ 446/1000] z04864_y03328_x02944 exit=0 t=14.6s
  [ 449/1000] z04864_y03328_x03328 exit=0 t=13.8s
  [ 460/1000] z04864_y03456_x03456 exit=0 t=8.9s
  [ 437/1000] z04864_y03200_x03072 exit=0 t=24.4s
  [ 461/1000] z04864_y03584_x02304 exit=0 t=9.0s
  [ 402/1000] z04864_y02816_x02432 exit=0 t=72.6s
  [ 443/1000] z04864_y03328_x02560 exit=0 t=20.1s
  [ 434/1000] z04864_y03200_x02688 exit=0 t=35.3s
  [ 423/1000] z04864_y03072_x02560 exit=0 t=46.4s
  [ 454/1000] z04864_y03456_x02688 exit=0 t=14.2s
  [ 442/1000] z04864_y03328_x02432 exit=0 t=21.4s
  [ 448/1000] z04864_y03328_x03200 exit=0 t=18.3s
  [ 436/1000] z04864_y03200_x02944 exit=0 t=28.8s
  [ 456/1000] z04864_y03456_x02944 exit=0 t=15.7s
  [ 445/1000] z04864_y03328_x02816 exit=0 t=24.0s
  [ 451/1000] z04864_y03456_x02304 exit=0 t=21.0s
  [ 444/1000] z04864_y03328_x02688 exit=0 t=27.2s
  [ 459/1000] z04864_y03456_x03328 exit=0 t=19.2s
  [ 469/1000] z04864_y03584_x03328 exit=0 t=10.7s
  [ 472/1000] z04864_y03712_x02432 exit=0 t=10.8s
  [ 441/1000] z04864_y03328_x02304 exit=0 t=31.2s
  [ 458/1000] z04864_y03456_x03200 exit=0 t=22.4s
  [ 473/1000] z04864_y03712_x02560 exit=0 t=12.2s
  [ 424/1000] z04864_y03072_x02688 exit=0 t=56.5s
  [ 471/1000] z04864_y03712_x02304 exit=0 t=13.7s
  [ 463/1000] z04864_y03584_x02560 exit=0 t=20.3s
  [ 474/1000] z04864_y03712_x02688 exit=0 t=13.8s
  [ 425/1000] z04864_y03072_x02816 exit=0 t=58.6s
  [ 475/1000] z04864_y03712_x02816 exit=0 t=15.4s
  [ 464/1000] z04864_y03584_x02688 exit=0 t=23.3s
  [ 453/1000] z04864_y03456_x02560 exit=0 t=31.4s
  [ 468/1000] z04864_y03584_x03200 exit=0 t=20.5s
  [ 470/1000] z04864_y03584_x03456 exit=0 t=19.9s
  [ 457/1000] z04864_y03456_x03072 exit=0 t=31.0s
  [ 435/1000] z04864_y03200_x02816 exit=0 t=47.1s
  [ 432/1000] z04864_y03200_x02432 exit=0 t=56.9s
  [ 465/1000] z04864_y03584_x02816 exit=0 t=27.0s
  [ 467/1000] z04864_y03584_x03072 exit=0 t=27.7s
  [ 484/1000] z04864_y03840_x02688 exit=0 t=19.1s
  [ 478/1000] z04864_y03712_x03200 exit=0 t=26.5s
  [ 476/1000] z04864_y03712_x02944 exit=0 t=27.9s
  [ 433/1000] z04864_y03200_x02560 exit=0 t=66.2s
  [ 479/1000] z04864_y03712_x03328 exit=0 t=30.7s
  [ 490/1000] z04864_y03840_x03456 exit=0 t=22.4s
  [ 480/1000] z04864_y03712_x03456 exit=0 t=31.6s
  [ 466/1000] z04864_y03584_x02944 exit=0 t=40.0s
  [ 485/1000] z04864_y03840_x02816 exit=0 t=28.5s
  [ 483/1000] z04864_y03840_x02560 exit=0 t=33.0s
  [ 477/1000] z04864_y03712_x03072 exit=0 t=39.5s
  [ 482/1000] z04864_y03840_x02432 exit=0 t=36.1s
  [ 493/1000] z04864_y03968_x02560 exit=0 t=29.0s
  [ 489/1000] z04864_y03840_x03328 exit=0 t=32.1s
  [ 488/1000] z04864_y03840_x03200 exit=0 t=34.6s
  [ 486/1000] z04864_y03840_x02944 exit=0 t=36.0s
  [ 491/1000] z04864_y03968_x02304 exit=0 t=33.2s
  [ 504/1000] z04992_y02816_x02688 exit=0 t=23.6s
  [ 492/1000] z04864_y03968_x02432 exit=0 t=34.4s
  [ 494/1000] z04864_y03968_x02688 exit=0 t=34.9s
  [ 509/1000] z04992_y02816_x03328 exit=0 t=18.4s
  [ 505/1000] z04992_y02816_x02816 exit=0 t=26.7s
  [ 481/1000] z04864_y03840_x02304 exit=0 t=46.6s
  [ 496/1000] z04864_y03968_x02944 exit=0 t=35.1s
  [ 510/1000] z04992_y02816_x03456 exit=0 t=18.4s
  [ 498/1000] z04864_y03968_x03200 exit=0 t=35.4s
  [ 497/1000] z04864_y03968_x03072 exit=0 t=40.4s
  [ 519/1000] z04992_y02944_x03328 exit=0 t=13.2s
  [ 503/1000] z04992_y02816_x02560 exit=0 t=36.3s
  [ 518/1000] z04992_y02944_x03200 exit=0 t=16.2s
  [ 501/1000] z04992_y02816_x02304 exit=0 t=38.5s
  [ 508/1000] z04992_y02816_x03200 exit=0 t=30.5s
  [ 516/1000] z04992_y02944_x02944 exit=0 t=19.3s
  [ 507/1000] z04992_y02816_x03072 exit=0 t=32.4s
  [ 502/1000] z04992_y02816_x02432 exit=0 t=40.1s
  [ 513/1000] z04992_y02944_x02560 exit=0 t=25.4s
  [ 520/1000] z04992_y02944_x03456 exit=0 t=16.8s
  [ 506/1000] z04992_y02816_x02944 exit=0 t=34.8s
  [ 500/1000] z04864_y03968_x03456 exit=0 t=43.4s
  [ 514/1000] z04992_y02944_x02688 exit=0 t=28.9s
  [ 512/1000] z04992_y02944_x02432 exit=0 t=31.9s
  [ 499/1000] z04864_y03968_x03328 exit=0 t=48.6s
  [ 531/1000] z04992_y03200_x02304 exit=0 t=15.0s
  [ 527/1000] z04992_y03072_x03072 exit=0 t=17.1s
  [ 495/1000] z04864_y03968_x02816 exit=0 t=51.8s
  [ 517/1000] z04992_y02944_x03072 exit=0 t=27.6s
  [ 487/1000] z04864_y03840_x03072 exit=0 t=61.8s
  [ 515/1000] z04992_y02944_x02816 exit=0 t=32.7s
  [ 526/1000] z04992_y03072_x02944 exit=0 t=22.4s
  [ 539/1000] z04992_y03200_x03328 exit=0 t=14.0s
  [ 521/1000] z04992_y03072_x02304 exit=0 t=30.8s
  [ 549/1000] z04992_y03328_x03328 exit=0 t=8.9s
  [ 552/1000] z04992_y03456_x02432 exit=0 t=4.7s
  [ 511/1000] z04992_y02944_x02304 exit=0 t=42.8s
  [ 522/1000] z04992_y03072_x02432 exit=0 t=32.0s
  [ 538/1000] z04992_y03200_x03200 exit=0 t=17.9s
  [ 525/1000] z04992_y03072_x02816 exit=0 t=29.4s
  [ 540/1000] z04992_y03200_x03456 exit=0 t=18.1s
  [ 550/1000] z04992_y03328_x03456 exit=0 t=11.5s
  [ 562/1000] z04992_y03584_x02432 exit=0 t=2.2s
  [ 529/1000] z04992_y03072_x03328 exit=0 t=30.7s
  [ 523/1000] z04992_y03072_x02560 exit=0 t=36.2s
  [ 555/1000] z04992_y03456_x02816 exit=0 t=8.5s
  [ 541/1000] z04992_y03328_x02304 exit=0 t=24.2s
  [ 547/1000] z04992_y03328_x03072 exit=0 t=19.3s
  [ 560/1000] z04992_y03456_x03456 exit=0 t=8.8s
  [ 530/1000] z04992_y03072_x03456 exit=0 t=35.5s
  [ 548/1000] z04992_y03328_x03200 exit=0 t=19.7s
  [ 546/1000] z04992_y03328_x02944 exit=0 t=20.5s
  [ 528/1000] z04992_y03072_x03200 exit=0 t=37.0s
  [ 561/1000] z04992_y03584_x02304 exit=0 t=10.4s
  [ 543/1000] z04992_y03328_x02560 exit=0 t=26.8s
  [ 544/1000] z04992_y03328_x02688 exit=0 t=26.8s
  [ 537/1000] z04992_y03200_x03072 exit=0 t=30.8s
  [ 554/1000] z04992_y03456_x02688 exit=0 t=19.3s
  [ 536/1000] z04992_y03200_x02944 exit=0 t=34.2s
  [ 572/1000] z04992_y03712_x02432 exit=0 t=6.7s
  [ 556/1000] z04992_y03456_x02944 exit=0 t=17.7s
  [ 542/1000] z04992_y03328_x02432 exit=0 t=33.1s
  [ 563/1000] z04992_y03584_x02560 exit=0 t=16.6s
  [ 551/1000] z04992_y03456_x02304 exit=0 t=25.9s
  [ 570/1000] z04992_y03584_x03456 exit=0 t=10.8s
  [ 534/1000] z04992_y03200_x02688 exit=0 t=40.4s
  [ 559/1000] z04992_y03456_x03328 exit=0 t=22.1s
  [ 553/1000] z04992_y03456_x02560 exit=0 t=27.9s
  [ 535/1000] z04992_y03200_x02816 exit=0 t=41.9s
  [ 558/1000] z04992_y03456_x03200 exit=0 t=23.8s
  [ 569/1000] z04992_y03584_x03328 exit=0 t=15.4s
  [ 573/1000] z04992_y03712_x02560 exit=0 t=13.7s
  [ 574/1000] z04992_y03712_x02688 exit=0 t=14.1s
  [ 532/1000] z04992_y03200_x02432 exit=0 t=44.8s
  [ 564/1000] z04992_y03584_x02688 exit=0 t=25.1s
  [ 565/1000] z04992_y03584_x02816 exit=0 t=24.9s
  [ 557/1000] z04992_y03456_x03072 exit=0 t=30.7s
  [ 584/1000] z04992_y03840_x02688 exit=0 t=13.0s
  [ 571/1000] z04992_y03712_x02304 exit=0 t=21.5s
  [ 524/1000] z04992_y03072_x02688 exit=0 t=61.8s
  [ 575/1000] z04992_y03712_x02816 exit=0 t=22.4s
  [ 545/1000] z04992_y03328_x02816 exit=0 t=44.8s
  [ 568/1000] z04992_y03584_x03200 exit=0 t=27.7s
  [ 585/1000] z04992_y03840_x02816 exit=0 t=15.8s
  [ 567/1000] z04992_y03584_x03072 exit=0 t=30.5s
  [ 578/1000] z04992_y03712_x03200 exit=0 t=24.6s
  [ 566/1000] z04992_y03584_x02944 exit=0 t=32.9s
  [ 577/1000] z04992_y03712_x03072 exit=0 t=27.5s
  [ 579/1000] z04992_y03712_x03328 exit=0 t=26.3s
  [ 580/1000] z04992_y03712_x03456 exit=0 t=25.3s
  [ 583/1000] z04992_y03840_x02560 exit=0 t=23.4s
  [ 594/1000] z04992_y03968_x02688 exit=0 t=17.2s
  [ 586/1000] z04992_y03840_x02944 exit=0 t=25.7s
  [ 576/1000] z04992_y03712_x02944 exit=0 t=33.6s
  [ 595/1000] z04992_y03968_x02816 exit=0 t=21.4s
  [ 593/1000] z04992_y03968_x02560 exit=0 t=28.4s
  [ 590/1000] z04992_y03840_x03456 exit=0 t=29.3s
  [ 582/1000] z04992_y03840_x02432 exit=0 t=36.9s
  [ 533/1000] z04992_y03200_x02560 exit=0 t=76.1s
  [ 610/1000] z05120_y02816_x03456 exit=0 t=16.7s
  [ 609/1000] z05120_y02816_x03328 exit=0 t=19.3s
  [ 581/1000] z04992_y03840_x02304 exit=0 t=41.7s
  [ 598/1000] z04992_y03968_x03200 exit=0 t=28.9s
  [ 607/1000] z05120_y02816_x03072 exit=0 t=22.0s
  [ 597/1000] z04992_y03968_x03072 exit=0 t=31.5s
  [ 608/1000] z05120_y02816_x03200 exit=0 t=23.6s
  [ 588/1000] z04992_y03840_x03200 exit=0 t=39.5s
  [ 601/1000] z05120_y02816_x02304 exit=0 t=31.2s
  [ 599/1000] z04992_y03968_x03328 exit=0 t=33.8s
  [ 596/1000] z04992_y03968_x02944 exit=0 t=40.6s
  [ 618/1000] z05120_y02944_x03200 exit=0 t=13.9s
  [ 619/1000] z05120_y02944_x03328 exit=0 t=17.1s
  [ 616/1000] z05120_y02944_x02944 exit=0 t=24.1s
  [ 602/1000] z05120_y02816_x02432 exit=0 t=37.5s
  [ 613/1000] z05120_y02944_x02560 exit=0 t=29.1s
  [ 604/1000] z05120_y02816_x02688 exit=0 t=35.7s
  [ 592/1000] z04992_y03968_x02432 exit=0 t=46.6s
  [ 606/1000] z05120_y02816_x02944 exit=0 t=36.3s
  [ 620/1000] z05120_y02944_x03456 exit=0 t=17.0s
  [ 600/1000] z04992_y03968_x03456 exit=0 t=39.8s
  [ 614/1000] z05120_y02944_x02688 exit=0 t=30.0s
  [ 617/1000] z05120_y02944_x03072 exit=0 t=25.4s
  [ 605/1000] z05120_y02816_x02816 exit=0 t=39.8s
  [ 587/1000] z04992_y03840_x03072 exit=0 t=53.5s
  [ 615/1000] z05120_y02944_x02816 exit=0 t=32.4s
  [ 591/1000] z04992_y03968_x02304 exit=0 t=53.4s
  [ 612/1000] z05120_y02944_x02432 exit=0 t=37.9s
  [ 611/1000] z05120_y02944_x02304 exit=0 t=45.7s
  [ 638/1000] z05120_y03200_x03200 exit=0 t=16.0s
  [ 627/1000] z05120_y03072_x03072 exit=0 t=27.0s
  [ 603/1000] z05120_y02816_x02560 exit=0 t=52.4s
  [ 589/1000] z04992_y03840_x03328 exit=0 t=63.3s
  [ 641/1000] z05120_y03328_x02304 exit=0 t=15.1s
  [ 628/1000] z05120_y03072_x03200 exit=0 t=25.6s
  [ 629/1000] z05120_y03072_x03328 exit=0 t=25.2s
  [ 637/1000] z05120_y03200_x03072 exit=0 t=17.5s
  [ 639/1000] z05120_y03200_x03328 exit=0 t=17.6s
  [ 631/1000] z05120_y03200_x02304 exit=0 t=25.0s
  [ 636/1000] z05120_y03200_x02944 exit=0 t=20.0s
  [ 640/1000] z05120_y03200_x03456 exit=0 t=19.8s
  [ 649/1000] z05120_y03328_x03328 exit=0 t=12.6s
  [ 621/1000] z05120_y03072_x02304 exit=0 t=34.7s
  [ 626/1000] z05120_y03072_x02944 exit=0 t=34.3s
  [ 643/1000] z05120_y03328_x02560 exit=0 t=21.0s
  [ 622/1000] z05120_y03072_x02432 exit=0 t=37.8s
  [ 623/1000] z05120_y03072_x02560 exit=0 t=37.2s
  [ 656/1000] z05120_y03456_x02944 exit=0 t=8.6s
  [ 625/1000] z05120_y03072_x02816 exit=0 t=37.6s
  [ 630/1000] z05120_y03072_x03456 exit=0 t=33.0s
  [ 650/1000] z05120_y03328_x03456 exit=0 t=10.7s
  [ 653/1000] z05120_y03456_x02560 exit=0 t=12.1s
  [ 655/1000] z05120_y03456_x02816 exit=0 t=12.1s
  [ 646/1000] z05120_y03328_x02944 exit=0 t=24.2s
  [ 648/1000] z05120_y03328_x03200 exit=0 t=22.3s
  [ 662/1000] z05120_y03584_x02432 exit=0 t=9.2s
  [ 652/1000] z05120_y03456_x02432 exit=0 t=14.8s
  [ 657/1000] z05120_y03456_x03072 exit=0 t=14.9s
  [ 644/1000] z05120_y03328_x02688 exit=0 t=30.1s
  [ 660/1000] z05120_y03456_x03456 exit=0 t=12.5s
  [ 673/1000] z05120_y03712_x02560 exit=0 t=3.8s
  [ 663/1000] z05120_y03584_x02560 exit=0 t=11.1s
  [ 661/1000] z05120_y03584_x02304 exit=0 t=12.4s
  [ 659/1000] z05120_y03456_x03328 exit=0 t=15.3s
  [ 642/1000] z05120_y03328_x02432 exit=0 t=32.6s
  [ 647/1000] z05120_y03328_x03072 exit=0 t=27.1s
  [ 670/1000] z05120_y03584_x03456 exit=0 t=10.8s
  [ 634/1000] z05120_y03200_x02688 exit=0 t=37.0s
  [ 632/1000] z05120_y03200_x02432 exit=0 t=41.3s
  [ 651/1000] z05120_y03456_x02304 exit=0 t=21.1s
  [ 635/1000] z05120_y03200_x02816 exit=0 t=38.1s
  [ 669/1000] z05120_y03584_x03328 exit=0 t=13.9s
  [ 633/1000] z05120_y03200_x02560 exit=0 t=43.2s
  [ 672/1000] z05120_y03712_x02432 exit=0 t=13.4s
  [ 645/1000] z05120_y03328_x02816 exit=0 t=37.1s
  [ 658/1000] z05120_y03456_x03200 exit=0 t=24.0s
  [ 624/1000] z05120_y03072_x02688 exit=0 t=54.0s
  [ 654/1000] z05120_y03456_x02688 exit=0 t=26.2s
  [ 671/1000] z05120_y03712_x02304 exit=0 t=16.6s
  [ 665/1000] z05120_y03584_x02816 exit=0 t=20.8s
  [ 684/1000] z05120_y03840_x02688 exit=0 t=10.7s
  [ 674/1000] z05120_y03712_x02688 exit=0 t=17.0s
  [ 668/1000] z05120_y03584_x03200 exit=0 t=21.6s
  [ 664/1000] z05120_y03584_x02688 exit=0 t=25.4s
  [ 685/1000] z05120_y03840_x02816 exit=0 t=15.0s
  [ 675/1000] z05120_y03712_x02816 exit=0 t=20.8s
  [ 678/1000] z05120_y03712_x03200 exit=0 t=20.8s
  [ 679/1000] z05120_y03712_x03328 exit=0 t=21.2s
  [ 666/1000] z05120_y03584_x02944 exit=0 t=30.6s
  [ 676/1000] z05120_y03712_x02944 exit=0 t=24.5s
  [ 683/1000] z05120_y03840_x02560 exit=0 t=23.9s
  [ 677/1000] z05120_y03712_x03072 exit=0 t=28.8s
  [ 682/1000] z05120_y03840_x02432 exit=0 t=26.5s
  [ 680/1000] z05120_y03712_x03456 exit=0 t=27.5s
  [ 667/1000] z05120_y03584_x03072 exit=0 t=36.9s
  [ 686/1000] z05120_y03840_x02944 exit=0 t=27.6s
  [ 694/1000] z05120_y03968_x02688 exit=0 t=24.6s
  [ 693/1000] z05120_y03968_x02560 exit=0 t=25.5s
  [ 690/1000] z05120_y03840_x03456 exit=0 t=27.5s
  [ 687/1000] z05120_y03840_x03072 exit=0 t=31.0s
  [ 697/1000] z05120_y03968_x03072 exit=0 t=25.3s
  [ 688/1000] z05120_y03840_x03200 exit=0 t=31.6s
  [ 700/1000] z05120_y03968_x03456 exit=0 t=25.9s
  [ 696/1000] z05120_y03968_x02944 exit=0 t=27.3s
  [ 699/1000] z05120_y03968_x03328 exit=0 t=26.5s
  [ 695/1000] z05120_y03968_x02816 exit=0 t=29.2s
  [ 710/1000] z05248_y02816_x03456 exit=0 t=21.2s
  [ 701/1000] z05248_y02816_x02304 exit=0 t=31.6s
  [ 691/1000] z05120_y03968_x02304 exit=0 t=37.7s
  [ 698/1000] z05120_y03968_x03200 exit=0 t=33.7s
  [ 689/1000] z05120_y03840_x03328 exit=0 t=39.1s
  [ 716/1000] z05248_y02944_x02944 exit=0 t=14.7s
  [ 709/1000] z05248_y02816_x03328 exit=0 t=25.0s
  [ 720/1000] z05248_y02944_x03456 exit=0 t=14.6s
  [ 702/1000] z05248_y02816_x02432 exit=0 t=36.3s
  [ 681/1000] z05120_y03840_x02304 exit=0 t=49.4s
  [ 692/1000] z05120_y03968_x02432 exit=0 t=45.7s
  [ 719/1000] z05248_y02944_x03328 exit=0 t=19.6s
  [ 718/1000] z05248_y02944_x03200 exit=0 t=21.4s
  [ 715/1000] z05248_y02944_x02816 exit=0 t=27.9s
  [ 708/1000] z05248_y02816_x03200 exit=0 t=36.3s
  [ 707/1000] z05248_y02816_x03072 exit=0 t=40.0s
  [ 722/1000] z05248_y03072_x02432 exit=0 t=24.0s
  [ 704/1000] z05248_y02816_x02688 exit=0 t=44.5s
  [ 714/1000] z05248_y02944_x02688 exit=0 t=36.1s
  [ 706/1000] z05248_y02816_x02944 exit=0 t=46.7s
  [ 717/1000] z05248_y02944_x03072 exit=0 t=33.8s
  [ 730/1000] z05248_y03072_x03456 exit=0 t=21.3s
  [ 721/1000] z05248_y03072_x02304 exit=0 t=31.3s
  [ 703/1000] z05248_y02816_x02560 exit=0 t=51.4s
  [ 711/1000] z05248_y02944_x02304 exit=0 t=43.1s
  [ 712/1000] z05248_y02944_x02432 exit=0 t=42.5s
  [ 729/1000] z05248_y03072_x03328 exit=0 t=24.4s
  [ 723/1000] z05248_y03072_x02560 exit=0 t=32.1s
  [ 737/1000] z05248_y03200_x03072 exit=0 t=21.3s
  [ 731/1000] z05248_y03200_x02304 exit=0 t=28.4s
  [ 732/1000] z05248_y03200_x02432 exit=0 t=29.2s
  [ 727/1000] z05248_y03072_x03072 exit=0 t=36.2s
  [ 713/1000] z05248_y02944_x02560 exit=0 t=47.4s
  [ 725/1000] z05248_y03072_x02816 exit=0 t=37.5s
  [ 724/1000] z05248_y03072_x02688 exit=0 t=37.7s
  [ 726/1000] z05248_y03072_x02944 exit=0 t=37.5s
  [ 736/1000] z05248_y03200_x02944 exit=0 t=28.0s
  [ 738/1000] z05248_y03200_x03200 exit=0 t=24.6s
  [ 705/1000] z05248_y02816_x02816 exit=0 t=62.7s
  [ 750/1000] z05248_y03328_x03456 exit=0 t=12.9s
  [ 749/1000] z05248_y03328_x03328 exit=0 t=13.1s
  [ 740/1000] z05248_y03200_x03456 exit=0 t=24.8s
  [ 753/1000] z05248_y03456_x02560 exit=0 t=13.9s
  [ 748/1000] z05248_y03328_x03200 exit=0 t=18.4s
  [ 734/1000] z05248_y03200_x02688 exit=0 t=36.3s
  [ 756/1000] z05248_y03456_x02944 exit=0 t=11.7s
  [ 763/1000] z05248_y03584_x02560 exit=0 t=7.9s
  [ 760/1000] z05248_y03456_x03456 exit=0 t=8.6s
  [ 762/1000] z05248_y03584_x02432 exit=0 t=8.9s
  [ 747/1000] z05248_y03328_x03072 exit=0 t=20.7s
  [ 773/1000] z05248_y03712_x02560 exit=0 t=2.2s
  [ 757/1000] z05248_y03456_x03072 exit=0 t=12.8s
  [ 746/1000] z05248_y03328_x02944 exit=0 t=23.2s
  [ 741/1000] z05248_y03328_x02304 exit=0 t=31.3s
  [ 744/1000] z05248_y03328_x02688 exit=0 t=28.9s
  [ 761/1000] z05248_y03584_x02304 exit=0 t=13.8s
  [ 728/1000] z05248_y03072_x03200 exit=0 t=46.0s
  [ 743/1000] z05248_y03328_x02560 exit=0 t=31.5s
  [ 759/1000] z05248_y03456_x03328 exit=0 t=15.8s
  [ 772/1000] z05248_y03712_x02432 exit=0 t=7.6s
  [ 770/1000] z05248_y03584_x03456 exit=0 t=9.9s
  [ 739/1000] z05248_y03200_x03328 exit=0 t=39.1s
  [ 769/1000] z05248_y03584_x03328 exit=0 t=13.3s
  [ 742/1000] z05248_y03328_x02432 exit=0 t=36.3s
  [ 758/1000] z05248_y03456_x03200 exit=0 t=19.2s
  [ 733/1000] z05248_y03200_x02560 exit=0 t=48.6s
  [ 735/1000] z05248_y03200_x02816 exit=0 t=46.3s
  [ 755/1000] z05248_y03456_x02816 exit=0 t=25.3s
  [ 771/1000] z05248_y03712_x02304 exit=0 t=12.8s
  [ 751/1000] z05248_y03456_x02304 exit=0 t=30.5s
  [ 779/1000] z05248_y03712_x03328 exit=0 t=11.2s
  [ 754/1000] z05248_y03456_x02688 exit=0 t=29.6s
  [ 745/1000] z05248_y03328_x02816 exit=0 t=37.9s
  [ 784/1000] z05248_y03840_x02688 exit=0 t=9.9s
  [ 764/1000] z05248_y03584_x02688 exit=0 t=25.0s
  [ 774/1000] z05248_y03712_x02688 exit=0 t=19.4s
  [ 785/1000] z05248_y03840_x02816 exit=0 t=13.9s
  [ 768/1000] z05248_y03584_x03200 exit=0 t=26.3s
  [ 766/1000] z05248_y03584_x02944 exit=0 t=26.6s
  [ 752/1000] z05248_y03456_x02432 exit=0 t=39.1s
  [ 778/1000] z05248_y03712_x03200 exit=0 t=19.8s
  [ 794/1000] z05248_y03968_x02688 exit=0 t=13.0s
  [ 786/1000] z05248_y03840_x02944 exit=0 t=17.9s
  [ 780/1000] z05248_y03712_x03456 exit=0 t=23.0s
  [ 776/1000] z05248_y03712_x02944 exit=0 t=28.3s
  [ 783/1000] z05248_y03840_x02560 exit=0 t=23.6s
  [ 777/1000] z05248_y03712_x03072 exit=0 t=27.7s
  [ 795/1000] z05248_y03968_x02816 exit=0 t=20.3s
  [ 782/1000] z05248_y03840_x02432 exit=0 t=27.5s
  [ 793/1000] z05248_y03968_x02560 exit=0 t=23.0s
  [ 796/1000] z05248_y03968_x02944 exit=0 t=21.2s
  [ 788/1000] z05248_y03840_x03200 exit=0 t=25.9s
  [ 775/1000] z05248_y03712_x02816 exit=0 t=34.5s
  [ 787/1000] z05248_y03840_x03072 exit=0 t=28.0s
  [ 765/1000] z05248_y03584_x02816 exit=0 t=42.8s
  [ 789/1000] z05248_y03840_x03328 exit=0 t=29.7s
  [ 800/1000] z05248_y03968_x03456 exit=0 t=25.3s
  [ 790/1000] z05248_y03840_x03456 exit=0 t=31.5s
  [ 767/1000] z05248_y03584_x03072 exit=0 t=48.5s
  [ 781/1000] z05248_y03840_x02304 exit=0 t=40.0s
  [ 808/1000] z05376_y02816_x03200 exit=0 t=22.4s
  [ 797/1000] z05248_y03968_x03072 exit=0 t=32.6s
  [ 818/1000] z05376_y02944_x03200 exit=0 t=13.6s
  [ 792/1000] z05248_y03968_x02432 exit=0 t=37.1s
  [ 807/1000] z05376_y02816_x03072 exit=0 t=26.4s
  [ 791/1000] z05248_y03968_x02304 exit=0 t=38.3s
  [ 819/1000] z05376_y02944_x03328 exit=0 t=14.8s
  [ 809/1000] z05376_y02816_x03328 exit=0 t=25.2s
  [ 799/1000] z05248_y03968_x03328 exit=0 t=35.2s
  [ 820/1000] z05376_y02944_x03456 exit=0 t=15.7s
  [ 802/1000] z05376_y02816_x02432 exit=0 t=34.7s
  [ 816/1000] z05376_y02944_x02944 exit=0 t=22.3s
  [ 810/1000] z05376_y02816_x03456 exit=0 t=31.3s
  [ 822/1000] z05376_y03072_x02432 exit=0 t=20.7s
  [ 813/1000] z05376_y02944_x02560 exit=0 t=30.2s
  [ 821/1000] z05376_y03072_x02304 exit=0 t=24.2s
  [ 803/1000] z05376_y02816_x02560 exit=0 t=41.0s
  [ 804/1000] z05376_y02816_x02688 exit=0 t=40.0s
  [ 815/1000] z05376_y02944_x02816 exit=0 t=31.0s
  [ 817/1000] z05376_y02944_x03072 exit=0 t=30.7s
  [ 837/1000] z05376_y03200_x03072 exit=0 t=13.8s
  [ 801/1000] z05376_y02816_x02304 exit=0 t=49.1s
  [ 827/1000] z05376_y03072_x03072 exit=0 t=21.0s
  [ 830/1000] z05376_y03072_x03456 exit=0 t=18.9s
  [ 814/1000] z05376_y02944_x02688 exit=0 t=37.8s
  [ 829/1000] z05376_y03072_x03328 exit=0 t=22.8s
  [ 828/1000] z05376_y03072_x03200 exit=0 t=23.9s
  [ 824/1000] z05376_y03072_x02688 exit=0 t=31.7s
  [ 798/1000] z05248_y03968_x03200 exit=0 t=58.4s
  [ 806/1000] z05376_y02816_x02944 exit=0 t=51.4s
  [ 823/1000] z05376_y03072_x02560 exit=0 t=35.5s
  [ 836/1000] z05376_y03200_x02944 exit=0 t=24.8s
  [ 838/1000] z05376_y03200_x03200 exit=0 t=22.0s
  [ 849/1000] z05376_y03328_x03328 exit=0 t=12.2s
  [ 826/1000] z05376_y03072_x02944 exit=0 t=35.5s
  [ 850/1000] z05376_y03328_x03456 exit=0 t=14.5s
  [ 840/1000] z05376_y03200_x03456 exit=0 t=23.5s
  [ 860/1000] z05376_y03456_x03456 exit=0 t=5.9s
  [ 848/1000] z05376_y03328_x03200 exit=0 t=16.5s
  [ 853/1000] z05376_y03456_x02560 exit=0 t=12.7s
  [ 832/1000] z05376_y03200_x02432 exit=0 t=33.2s
  [ 839/1000] z05376_y03200_x03328 exit=0 t=27.1s
  [ 812/1000] z05376_y02944_x02432 exit=0 t=54.1s
  [ 857/1000] z05376_y03456_x03072 exit=0 t=11.4s
  [ 831/1000] z05376_y03200_x02304 exit=0 t=37.4s
  [ 841/1000] z05376_y03328_x02304 exit=0 t=27.3s
  [ 805/1000] z05376_y02816_x02816 exit=0 t=63.5s
  [ 856/1000] z05376_y03456_x02944 exit=0 t=14.0s
  [ 847/1000] z05376_y03328_x03072 exit=0 t=24.1s
  [ 844/1000] z05376_y03328_x02688 exit=0 t=28.2s
  [ 873/1000] z05376_y03712_x02560 exit=0 t=4.9s
  [ 863/1000] z05376_y03584_x02560 exit=0 t=10.2s
  [ 858/1000] z05376_y03456_x03200 exit=0 t=16.4s
  [ 859/1000] z05376_y03456_x03328 exit=0 t=16.5s
  [ 870/1000] z05376_y03584_x03456 exit=0 t=8.5s
  [ 872/1000] z05376_y03712_x02432 exit=0 t=7.5s
  [ 861/1000] z05376_y03584_x02304 exit=0 t=15.8s
  [ 825/1000] z05376_y03072_x02816 exit=0 t=52.5s
  [ 811/1000] z05376_y02944_x02304 exit=0 t=66.8s
  [ 833/1000] z05376_y03200_x02560 exit=0 t=45.7s
  [ 871/1000] z05376_y03712_x02304 exit=0 t=9.7s
  [ 854/1000] z05376_y03456_x02688 exit=0 t=26.6s
  [ 862/1000] z05376_y03584_x02432 exit=0 t=16.8s
  [ 846/1000] z05376_y03328_x02944 exit=0 t=33.1s
  [ 845/1000] z05376_y03328_x02816 exit=0 t=36.4s
  [ 835/1000] z05376_y03200_x02816 exit=0 t=48.0s
  [ 851/1000] z05376_y03456_x02304 exit=0 t=32.1s
  [ 864/1000] z05376_y03584_x02688 exit=0 t=20.9s
  [ 843/1000] z05376_y03328_x02560 exit=0 t=41.6s
  [ 842/1000] z05376_y03328_x02432 exit=0 t=42.6s
  [ 852/1000] z05376_y03456_x02432 exit=0 t=35.0s
  [ 884/1000] z05376_y03840_x02688 exit=0 t=9.5s
  [ 879/1000] z05376_y03712_x03328 exit=0 t=13.2s
  [ 869/1000] z05376_y03584_x03328 exit=0 t=20.9s
  [ 865/1000] z05376_y03584_x02816 exit=0 t=23.4s
  [ 866/1000] z05376_y03584_x02944 exit=0 t=23.9s
  [ 855/1000] z05376_y03456_x02816 exit=0 t=33.6s
  [ 868/1000] z05376_y03584_x03200 exit=0 t=24.7s
  [ 880/1000] z05376_y03712_x03456 exit=0 t=16.7s
  [ 886/1000] z05376_y03840_x02944 exit=0 t=14.3s
  [ 874/1000] z05376_y03712_x02688 exit=0 t=24.2s
  [ 834/1000] z05376_y03200_x02688 exit=0 t=61.3s
  [ 878/1000] z05376_y03712_x03200 exit=0 t=21.8s
  [ 885/1000] z05376_y03840_x02816 exit=0 t=18.3s
  [ 867/1000] z05376_y03584_x03072 exit=0 t=32.4s
  [ 875/1000] z05376_y03712_x02816 exit=0 t=28.1s
  [ 877/1000] z05376_y03712_x03072 exit=0 t=26.5s
  [ 887/1000] z05376_y03840_x03072 exit=0 t=21.3s
  [ 888/1000] z05376_y03840_x03200 exit=0 t=22.7s
  [ 883/1000] z05376_y03840_x02560 exit=0 t=24.8s
  [ 882/1000] z05376_y03840_x02432 exit=0 t=25.4s
  [ 894/1000] z05376_y03968_x02688 exit=0 t=23.2s
  [ 890/1000] z05376_y03840_x03456 exit=0 t=26.2s
  [ 897/1000] z05376_y03968_x03072 exit=0 t=20.8s
  [ 895/1000] z05376_y03968_x02816 exit=0 t=23.3s
  [ 893/1000] z05376_y03968_x02560 exit=0 t=27.0s
  [ 881/1000] z05376_y03840_x02304 exit=0 t=35.6s
  [ 896/1000] z05376_y03968_x02944 exit=0 t=25.8s
  [ 918/1000] z05504_y02944_x03200 exit=0 t=11.6s
  [ 919/1000] z05504_y02944_x03328 exit=0 t=8.4s
  [ 891/1000] z05376_y03968_x02304 exit=0 t=34.0s
  [ 892/1000] z05376_y03968_x02432 exit=0 t=33.2s
  [ 920/1000] z05504_y02944_x03456 exit=0 t=9.0s
  [ 909/1000] z05504_y02816_x03328 exit=0 t=20.9s
  [ 889/1000] z05376_y03840_x03328 exit=0 t=36.4s
  [ 917/1000] z05504_y02944_x03072 exit=0 t=15.4s
  [ 876/1000] z05376_y03712_x02944 exit=0 t=47.0s
  [ 908/1000] z05504_y02816_x03200 exit=0 t=28.3s
  [ 899/1000] z05376_y03968_x03328 exit=0 t=37.0s
  [ 910/1000] z05504_y02816_x03456 exit=0 t=28.2s
  [ 900/1000] z05376_y03968_x03456 exit=0 t=37.3s
  [ 916/1000] z05504_y02944_x02944 exit=0 t=24.3s
  [ 922/1000] z05504_y03072_x02432 exit=0 t=20.4s
  [ 923/1000] z05504_y03072_x02560 exit=0 t=22.2s
  [ 913/1000] z05504_y02944_x02560 exit=0 t=33.3s
  [ 924/1000] z05504_y03072_x02688 exit=0 t=20.7s
  [ 915/1000] z05504_y02944_x02816 exit=0 t=32.4s
  [ 898/1000] z05376_y03968_x03200 exit=0 t=46.9s
  [ 907/1000] z05504_y02816_x03072 exit=0 t=41.8s
  [ 914/1000] z05504_y02944_x02688 exit=0 t=35.6s
  [ 921/1000] z05504_y03072_x02304 exit=0 t=28.0s
  [ 905/1000] z05504_y02816_x02816 exit=0 t=44.9s
  [ 901/1000] z05504_y02816_x02304 exit=0 t=48.4s
  [ 930/1000] z05504_y03072_x03456 exit=0 t=21.2s
  [ 927/1000] z05504_y03072_x03072 exit=0 t=24.5s
  [ 937/1000] z05504_y03200_x03072 exit=0 t=15.1s
  [ 928/1000] z05504_y03072_x03200 exit=0 t=27.7s
  [ 931/1000] z05504_y03200_x02304 exit=0 t=26.9s
  [ 932/1000] z05504_y03200_x02432 exit=0 t=28.4s
  [ 929/1000] z05504_y03072_x03328 exit=0 t=33.0s
  [ 950/1000] z05504_y03328_x03456 exit=0 t=14.2s
  [ 933/1000] z05504_y03200_x02560 exit=0 t=33.7s
  [ 948/1000] z05504_y03328_x03200 exit=0 t=15.5s
  [ 912/1000] z05504_y02944_x02432 exit=0 t=53.6s
  [ 949/1000] z05504_y03328_x03328 exit=0 t=16.2s
  [ 906/1000] z05504_y02816_x02944 exit=0 t=62.1s
  [ 938/1000] z05504_y03200_x03200 exit=0 t=28.9s
  [ 940/1000] z05504_y03200_x03456 exit=0 t=26.8s
  [ 939/1000] z05504_y03200_x03328 exit=0 t=30.7s
  [ 911/1000] z05504_y02944_x02304 exit=0 t=61.2s
  [ 902/1000] z05504_y02816_x02432 exit=0 t=69.2s
  [ 947/1000] z05504_y03328_x03072 exit=0 t=24.1s
  [ 903/1000] z05504_y02816_x02560 exit=0 t=70.2s
  [ 946/1000] z05504_y03328_x02944 exit=0 t=25.5s
  [ 960/1000] z05504_y03456_x03456 exit=0 t=8.7s
  [ 957/1000] z05504_y03456_x03072 exit=0 t=13.4s
  [ 925/1000] z05504_y03072_x02816 exit=0 t=50.5s
  [ 904/1000] z05504_y02816_x02688 exit=0 t=72.3s
  [ 942/1000] z05504_y03328_x02432 exit=0 t=30.2s
  [ 941/1000] z05504_y03328_x02304 exit=0 t=31.3s
  [ 936/1000] z05504_y03200_x02944 exit=0 t=38.8s
  [ 966/1000] z05504_y03584_x02944 exit=0 t=7.1s
  [ 959/1000] z05504_y03456_x03328 exit=0 t=13.6s
  [ 956/1000] z05504_y03456_x02944 exit=0 t=20.4s
  [ 953/1000] z05504_y03456_x02560 exit=0 t=26.0s
  [ 958/1000] z05504_y03456_x03200 exit=0 t=17.0s
  [ 970/1000] z05504_y03584_x03456 exit=0 t=7.9s
  [ 962/1000] z05504_y03584_x02432 exit=0 t=15.9s
  [ 972/1000] z05504_y03712_x02432 exit=0 t=8.9s
  [ 943/1000] z05504_y03328_x02560 exit=0 t=36.7s
  [ 971/1000] z05504_y03712_x02304 exit=0 t=9.1s
  [ 963/1000] z05504_y03584_x02560 exit=0 t=14.9s
  [ 973/1000] z05504_y03712_x02560 exit=0 t=7.9s
  [ 945/1000] z05504_y03328_x02816 exit=0 t=35.6s
  [ 951/1000] z05504_y03456_x02304 exit=0 t=34.0s
  [ 944/1000] z05504_y03328_x02688 exit=0 t=38.8s
  [ 969/1000] z05504_y03584_x03328 exit=0 t=12.3s
  [ 954/1000] z05504_y03456_x02688 exit=0 t=30.1s
  [ 952/1000] z05504_y03456_x02432 exit=0 t=33.9s
  [ 964/1000] z05504_y03584_x02688 exit=0 t=21.3s
  [ 974/1000] z05504_y03712_x02688 exit=0 t=13.5s
  [ 980/1000] z05504_y03712_x03456 exit=0 t=11.8s
  [ 955/1000] z05504_y03456_x02816 exit=0 t=34.0s
  [ 961/1000] z05504_y03584_x02304 exit=0 t=25.9s
  [ 979/1000] z05504_y03712_x03328 exit=0 t=15.1s
  [ 984/1000] z05504_y03840_x02688 exit=0 t=14.2s
  [ 968/1000] z05504_y03584_x03200 exit=0 t=25.4s
  [ 967/1000] z05504_y03584_x03072 exit=0 t=26.6s
  [ 965/1000] z05504_y03584_x02816 exit=0 t=28.3s
  [ 983/1000] z05504_y03840_x02560 exit=0 t=17.9s
  [ 978/1000] z05504_y03712_x03200 exit=0 t=24.0s
  [ 986/1000] z05504_y03840_x02944 exit=0 t=19.0s
  [ 995/1000] z05504_y03968_x02816 exit=0 t=15.5s
  [ 994/1000] z05504_y03968_x02688 exit=0 t=16.7s
  [ 985/1000] z05504_y03840_x02816 exit=0 t=21.7s
  [ 982/1000] z05504_y03840_x02432 exit=0 t=24.8s
  [ 981/1000] z05504_y03840_x02304 exit=0 t=25.9s
  [ 988/1000] z05504_y03840_x03200 exit=0 t=22.1s
  [ 996/1000] z05504_y03968_x02944 exit=0 t=20.8s
  [ 934/1000] z05504_y03200_x02688 exit=0 t=73.9s
  [ 977/1000] z05504_y03712_x03072 exit=0 t=31.7s
  [ 993/1000] z05504_y03968_x02560 exit=0 t=23.7s
  [ 987/1000] z05504_y03840_x03072 exit=0 t=27.1s
  [ 926/1000] z05504_y03072_x02944 exit=0 t=83.4s
  [ 997/1000] z05504_y03968_x03072 exit=0 t=21.6s
  [ 975/1000] z05504_y03712_x02816 exit=0 t=37.7s
  [ 998/1000] z05504_y03968_x03200 exit=0 t=25.2s
  [ 989/1000] z05504_y03840_x03328 exit=0 t=33.1s
  [ 976/1000] z05504_y03712_x02944 exit=0 t=40.1s
  [ 990/1000] z05504_y03840_x03456 exit=0 t=33.3s
  [ 935/1000] z05504_y03200_x02816 exit=0 t=81.9s
  [1000/1000] z05504_y03968_x03456 exit=0 t=28.3s
  [ 999/1000] z05504_y03968_x03328 exit=0 t=30.7s
  [ 992/1000] z05504_y03968_x02432 exit=0 t=50.3s
  [ 991/1000] z05504_y03968_x02304 exit=0 t=57.4s
Cubes: 999 ok (0 skipped already-done), 1 rejected (0 solid-slab, 1 empty), 0 fail in 879.4s
  rejected cube list -> output\pherc0139_10x10x10_gpu_run_20260730\mesh/rejected_cubes.txt
