grid_pipeline: grid=D:\work\vesuvius-c\PHerc0139-4x21x21-cubes output=output\pherc0139_4x21x21_run\mesh halo=13 tpc=2 max_conc=32 reject_garbage=1
BPA growth gate OFF (coherent-sheet default; weld geometry is scoped to grid_weld)
CVT site ratio: default
Processing 1753 cubes
scrollslice source: output\pherc0139_4x21x21_run\mesh/scrollslice.source.json
  [reject] z04352_y02048_x01536 (garbage solid-slab prediction)
  [reject] z04352_y02176_x01536 (garbage solid-slab prediction)
  [  22/1753] z04352_y02176_x01664 exit=0 t=2.3s
  [   2/1753] z04352_y02048_x01792 exit=0 t=8.3s
  [  15/1753] z04352_y02048_x03456 exit=0 t=12.0s
  [  16/1753] z04352_y02048_x03584 exit=0 t=14.0s
  [  14/1753] z04352_y02048_x03328 exit=0 t=16.8s
  [  30/1753] z04352_y02176_x02688 exit=0 t=18.2s
  [  35/1753] z04352_y02176_x03328 exit=0 t=18.1s
  [  36/1753] z04352_y02176_x03456 exit=0 t=12.3s
  [  11/1753] z04352_y02048_x02944 exit=0 t=20.9s
  [  42/1753] z04352_y02304_x01536 exit=0 t=0.8s
  [  10/1753] z04352_y02048_x02816 exit=0 t=22.8s
  [  12/1753] z04352_y02048_x03072 exit=0 t=23.4s
  [  31/1753] z04352_y02176_x02816 exit=0 t=24.3s
  [  13/1753] z04352_y02048_x03200 exit=0 t=24.6s
  [  32/1753] z04352_y02176_x02944 exit=0 t=25.4s
  [  37/1753] z04352_y02176_x03584 exit=0 t=13.6s
  [  34/1753] z04352_y02176_x03200 exit=0 t=30.5s
  [  33/1753] z04352_y02176_x03072 exit=0 t=30.7s
  [  17/1753] z04352_y02048_x03712 exit=0 t=32.3s
  [  29/1753] z04352_y02176_x02560 exit=0 t=38.0s
  [   9/1753] z04352_y02048_x02688 exit=0 t=38.3s
  [   4/1753] z04352_y02048_x02048 exit=0 t=41.5s
  [  38/1753] z04352_y02176_x03712 exit=0 t=28.6s
  [   8/1753] z04352_y02048_x02560 exit=0 t=44.8s
  [  19/1753] z04352_y02048_x03968 exit=0 t=45.0s
  [  50/1753] z04352_y02304_x02560 exit=0 t=19.6s
  [  43/1753] z04352_y02304_x01664 exit=0 t=26.1s
  [  39/1753] z04352_y02176_x03840 exit=0 t=32.8s
  [  40/1753] z04352_y02176_x03968 exit=0 t=32.2s
  [  25/1753] z04352_y02176_x02048 exit=0 t=50.8s
  [  51/1753] z04352_y02304_x02688 exit=0 t=22.1s
  [  56/1753] z04352_y02304_x03328 exit=0 t=12.0s
  [  20/1753] z04352_y02048_x04096 exit=0 t=53.8s
  [  18/1753] z04352_y02048_x03840 exit=0 t=55.3s
  [  57/1753] z04352_y02304_x03456 exit=0 t=12.7s
  [  55/1753] z04352_y02304_x03200 exit=0 t=18.2s
  [  24/1753] z04352_y02176_x01920 exit=0 t=58.7s
  [  58/1753] z04352_y02304_x03584 exit=0 t=15.0s
  [  59/1753] z04352_y02304_x03712 exit=0 t=17.2s
  [  45/1753] z04352_y02304_x01920 exit=0 t=40.3s
  [  23/1753] z04352_y02176_x01792 exit=0 t=64.0s
  [  52/1753] z04352_y02304_x02816 exit=0 t=33.6s
  [  41/1753] z04352_y02176_x04096 exit=0 t=44.3s
  [  54/1753] z04352_y02304_x03072 exit=0 t=29.9s
  [  49/1753] z04352_y02304_x02432 exit=0 t=42.6s
  [  53/1753] z04352_y02304_x02944 exit=0 t=36.5s
  [  60/1753] z04352_y02304_x03840 exit=0 t=25.1s
  [  62/1753] z04352_y02304_x04096 exit=0 t=24.4s
  [  63/1753] z04352_y02432_x01536 exit=0 t=24.2s
  [   5/1753] z04352_y02048_x02176 exit=0 t=77.3s
  [  61/1753] z04352_y02304_x03968 exit=0 t=30.8s
  [  82/1753] z04352_y02432_x03968 exit=0 t=11.7s
  [   6/1753] z04352_y02048_x02304 exit=0 t=86.2s
  [  71/1753] z04352_y02432_x02560 exit=0 t=27.4s
  [  46/1753] z04352_y02304_x02048 exit=0 t=64.4s
  [  78/1753] z04352_y02432_x03456 exit=0 t=24.0s
  [  76/1753] z04352_y02432_x03200 exit=0 t=29.2s
  [   3/1753] z04352_y02048_x01920 exit=0 t=94.0s
  [  81/1753] z04352_y02432_x03840 exit=0 t=23.7s
  [  73/1753] z04352_y02432_x02816 exit=0 t=31.8s
  [  79/1753] z04352_y02432_x03584 exit=0 t=27.1s
  [  47/1753] z04352_y02304_x02176 exit=0 t=71.1s
  [  67/1753] z04352_y02432_x02048 exit=0 t=42.1s
  [  77/1753] z04352_y02432_x03328 exit=0 t=31.2s
  [  74/1753] z04352_y02432_x02944 exit=0 t=33.3s
  [   7/1753] z04352_y02048_x02432 exit=0 t=97.4s
  [  26/1753] z04352_y02176_x02176 exit=0 t=101.1s
  [  70/1753] z04352_y02432_x02432 exit=0 t=46.9s
  [  75/1753] z04352_y02432_x03072 exit=0 t=39.7s
  [  27/1753] z04352_y02176_x02304 exit=0 t=104.4s
  [  65/1753] z04352_y02432_x01792 exit=0 t=52.6s
  [  83/1753] z04352_y02432_x04096 exit=0 t=32.1s
  [  28/1753] z04352_y02176_x02432 exit=0 t=107.9s
  [  66/1753] z04352_y02432_x01920 exit=0 t=54.7s
  [  80/1753] z04352_y02432_x03712 exit=0 t=39.6s
  [  44/1753] z04352_y02304_x01792 exit=0 t=87.5s
  [  99/1753] z04352_y02560_x03456 exit=0 t=15.6s
  [  98/1753] z04352_y02560_x03328 exit=0 t=20.6s
  [ 100/1753] z04352_y02560_x03584 exit=0 t=21.1s
  [  68/1753] z04352_y02432_x02176 exit=0 t=63.6s
  [  72/1753] z04352_y02432_x02688 exit=0 t=59.1s
  [  95/1753] z04352_y02560_x02944 exit=0 t=27.2s
  [  87/1753] z04352_y02560_x01920 exit=0 t=37.9s
  [  96/1753] z04352_y02560_x03072 exit=0 t=29.5s
  [  92/1753] z04352_y02560_x02560 exit=0 t=31.6s
  [  85/1753] z04352_y02560_x01664 exit=0 t=48.1s
  [  97/1753] z04352_y02560_x03200 exit=0 t=31.1s
  [  93/1753] z04352_y02560_x02688 exit=0 t=35.2s
  [  94/1753] z04352_y02560_x02816 exit=0 t=35.4s
  [  88/1753] z04352_y02560_x02048 exit=0 t=44.7s
  [ 104/1753] z04352_y02560_x04096 exit=0 t=27.7s
  [ 101/1753] z04352_y02560_x03712 exit=0 t=40.1s
  [ 120/1753] z04352_y02688_x03456 exit=0 t=16.5s
  [ 102/1753] z04352_y02560_x03840 exit=0 t=39.3s
  [  91/1753] z04352_y02560_x02432 exit=0 t=50.1s
  [ 103/1753] z04352_y02560_x03968 exit=0 t=41.6s
  [ 108/1753] z04352_y02688_x01920 exit=0 t=37.5s
  [ 112/1753] z04352_y02688_x02432 exit=0 t=29.6s
  [ 119/1753] z04352_y02688_x03328 exit=0 t=22.6s
  [ 106/1753] z04352_y02688_x01664 exit=0 t=41.5s
  [ 116/1753] z04352_y02688_x02944 exit=0 t=26.0s
  [ 118/1753] z04352_y02688_x03200 exit=0 t=23.5s
  [ 117/1753] z04352_y02688_x03072 exit=0 t=27.0s
  [ 115/1753] z04352_y02688_x02816 exit=0 t=34.7s
  [  64/1753] z04352_y02432_x01664 exit=0 t=104.0s
  [ 124/1753] z04352_y02688_x03968 exit=0 t=25.1s
  [ 121/1753] z04352_y02688_x03584 exit=0 t=29.1s
  [  48/1753] z04352_y02304_x02304 exit=0 t=132.9s
  [ 122/1753] z04352_y02688_x03712 exit=0 t=28.7s
  [  86/1753] z04352_y02560_x01792 exit=0 t=72.5s
  [ 125/1753] z04352_y02688_x04096 exit=0 t=28.1s
  [ 107/1753] z04352_y02688_x01792 exit=0 t=53.9s
  [ 114/1753] z04352_y02688_x02688 exit=0 t=44.1s
  [ 123/1753] z04352_y02688_x03840 exit=0 t=34.7s
  [ 135/1753] z04352_y02816_x02688 exit=0 t=17.1s
  [ 137/1753] z04352_y02816_x02944 exit=0 t=16.2s
  [ 138/1753] z04352_y02816_x03072 exit=0 t=13.9s
  [ 132/1753] z04352_y02816_x02304 exit=0 t=21.6s
  [ 136/1753] z04352_y02816_x02816 exit=0 t=20.5s
  [ 134/1753] z04352_y02816_x02560 exit=0 t=22.1s
  [ 133/1753] z04352_y02816_x02432 exit=0 t=23.1s
  [ 113/1753] z04352_y02688_x02560 exit=0 t=54.8s
  [ 139/1753] z04352_y02816_x03200 exit=0 t=18.7s
  [ 141/1753] z04352_y02816_x03456 exit=0 t=19.1s
  [  89/1753] z04352_y02560_x02176 exit=0 t=87.5s
  [ 140/1753] z04352_y02816_x03328 exit=0 t=19.3s
  [ 142/1753] z04352_y02816_x03584 exit=0 t=18.5s
  [ 111/1753] z04352_y02688_x02304 exit=0 t=65.3s
  [  90/1753] z04352_y02560_x02304 exit=0 t=85.5s
  [ 126/1753] z04352_y02816_x01536 exit=0 t=40.6s
  [ 143/1753] z04352_y02816_x03712 exit=0 t=25.5s
  [ 128/1753] z04352_y02816_x01792 exit=0 t=40.7s
  [ 144/1753] z04352_y02816_x03840 exit=0 t=26.2s
  [ 154/1753] z04352_y02944_x02432 exit=0 t=14.5s
  [ 153/1753] z04352_y02944_x02304 exit=0 t=19.4s
  [ 145/1753] z04352_y02816_x03968 exit=0 t=28.4s
  [ 146/1753] z04352_y02816_x04096 exit=0 t=27.8s
  [  84/1753] z04352_y02560_x01536 exit=0 t=112.7s
  [ 159/1753] z04352_y02944_x03072 exit=0 t=19.1s
  [ 109/1753] z04352_y02688_x02048 exit=0 t=86.2s
  [ 155/1753] z04352_y02944_x02560 exit=0 t=24.6s
  [ 152/1753] z04352_y02944_x02176 exit=0 t=28.6s
  [ 151/1753] z04352_y02944_x02048 exit=0 t=29.6s
  [ 162/1753] z04352_y02944_x03456 exit=0 t=21.2s
  [ 166/1753] z04352_y02944_x03968 exit=0 t=15.1s
  [ 165/1753] z04352_y02944_x03840 exit=0 t=15.3s
  [ 164/1753] z04352_y02944_x03712 exit=0 t=18.7s
  [ 158/1753] z04352_y02944_x02944 exit=0 t=26.0s
  [ 160/1753] z04352_y02944_x03200 exit=0 t=26.9s
  [ 110/1753] z04352_y02688_x02176 exit=0 t=94.6s
  [ 147/1753] z04352_y02944_x01536 exit=0 t=41.7s
  [ 161/1753] z04352_y02944_x03328 exit=0 t=30.0s
  [ 167/1753] z04352_y02944_x04096 exit=0 t=22.0s
  [ 130/1753] z04352_y02816_x02048 exit=0 t=62.5s
  [ 127/1753] z04352_y02816_x01664 exit=0 t=66.2s
  [ 174/1753] z04352_y03072_x02304 exit=0 t=14.5s
  [ 181/1753] z04352_y03072_x03200 exit=0 t=9.1s
  [ 179/1753] z04352_y03072_x02944 exit=0 t=12.7s
  [ 148/1753] z04352_y02944_x01664 exit=0 t=48.2s
  [ 182/1753] z04352_y03072_x03328 exit=0 t=12.0s
  [ 171/1753] z04352_y03072_x01920 exit=0 t=24.4s
  [ 163/1753] z04352_y02944_x03584 exit=0 t=36.9s
  [ 131/1753] z04352_y02816_x02176 exit=0 t=69.2s
  [ 183/1753] z04352_y03072_x03456 exit=0 t=13.1s
  [ 129/1753] z04352_y02816_x01920 exit=0 t=71.6s
  [ 180/1753] z04352_y03072_x03072 exit=0 t=18.1s
  [ 186/1753] z04352_y03072_x03840 exit=0 t=10.8s
  [ 187/1753] z04352_y03072_x03968 exit=0 t=10.6s
  [ 150/1753] z04352_y02944_x01920 exit=0 t=51.6s
  [ 188/1753] z04352_y03072_x04096 exit=0 t=11.4s
  [ 156/1753] z04352_y02944_x02688 exit=0 t=46.5s
  [ 175/1753] z04352_y03072_x02432 exit=0 t=24.9s
  [ 185/1753] z04352_y03072_x03712 exit=0 t=16.6s
  [ 184/1753] z04352_y03072_x03584 exit=0 t=18.0s
  [ 157/1753] z04352_y02944_x02816 exit=0 t=48.2s
  [ 204/1753] z04352_y03200_x03456 exit=0 t=4.3s
  [ 178/1753] z04352_y03072_x02816 exit=0 t=26.2s
  [ 105/1753] z04352_y02688_x01536 exit=0 t=121.3s
  [ 202/1753] z04352_y03200_x03200 exit=0 t=10.8s
  [ 168/1753] z04352_y03072_x01536 exit=0 t=43.5s
  [ 208/1753] z04352_y03200_x03968 exit=0 t=7.7s
  [ 203/1753] z04352_y03200_x03328 exit=0 t=11.5s
  [ 172/1753] z04352_y03072_x02048 exit=0 t=41.3s
  [ 206/1753] z04352_y03200_x03712 exit=0 t=10.9s
  [ 200/1753] z04352_y03200_x02944 exit=0 t=14.8s
  [ 205/1753] z04352_y03200_x03584 exit=0 t=11.9s
  [ 201/1753] z04352_y03200_x03072 exit=0 t=15.8s
  [ 177/1753] z04352_y03072_x02688 exit=0 t=36.3s
  [ 196/1753] z04352_y03200_x02432 exit=0 t=19.6s
  [ 207/1753] z04352_y03200_x03840 exit=0 t=15.0s
  [ 197/1753] z04352_y03200_x02560 exit=0 t=21.4s
  [ 195/1753] z04352_y03200_x02304 exit=0 t=26.0s
  [ 176/1753] z04352_y03072_x02560 exit=0 t=43.6s
  [ 199/1753] z04352_y03200_x02816 exit=0 t=25.4s
  [ 220/1753] z04352_y03328_x02816 exit=0 t=9.7s
  [ 217/1753] z04352_y03328_x02432 exit=0 t=13.3s
  [ 221/1753] z04352_y03328_x02944 exit=0 t=13.0s
  [ 224/1753] z04352_y03328_x03328 exit=0 t=10.0s
  [ 198/1753] z04352_y03200_x02688 exit=0 t=32.9s
  [ 225/1753] z04352_y03328_x03456 exit=0 t=12.0s
  [ 219/1753] z04352_y03328_x02688 exit=0 t=19.3s
  [ 218/1753] z04352_y03328_x02560 exit=0 t=19.7s
  [ 223/1753] z04352_y03328_x03200 exit=0 t=22.1s
  [ 169/1753] z04352_y03072_x01664 exit=0 t=67.7s
  [ 222/1753] z04352_y03328_x03072 exit=0 t=24.2s
  [ 192/1753] z04352_y03200_x01920 exit=0 t=47.7s
  [ 226/1753] z04352_y03328_x03584 exit=0 t=19.3s
  [ 228/1753] z04352_y03328_x03840 exit=0 t=18.7s
  [ 209/1753] z04352_y03200_x04096 exit=0 t=38.1s
  [ 227/1753] z04352_y03328_x03712 exit=0 t=20.9s
  [ 149/1753] z04352_y02944_x01792 exit=0 t=96.9s
  [ 238/1753] z04352_y03456_x02432 exit=0 t=6.9s
  [ 191/1753] z04352_y03200_x01792 exit=0 t=55.7s
  [ 215/1753] z04352_y03328_x02176 exit=0 t=36.3s
  [ 190/1753] z04352_y03200_x01664 exit=0 t=56.6s
  [ 214/1753] z04352_y03328_x02048 exit=0 t=37.4s
  [ 194/1753] z04352_y03200_x02176 exit=0 t=52.8s
  [ 216/1753] z04352_y03328_x02304 exit=0 t=37.0s
  [ 173/1753] z04352_y03072_x02176 exit=0 t=73.9s
  [ 237/1753] z04352_y03456_x02304 exit=0 t=15.0s
  [ 212/1753] z04352_y03328_x01792 exit=0 t=47.8s
  [ 239/1753] z04352_y03456_x02560 exit=0 t=17.3s
  [ 229/1753] z04352_y03328_x03968 exit=0 t=34.4s
  [ 240/1753] z04352_y03456_x02688 exit=0 t=18.5s
  [ 248/1753] z04352_y03456_x03712 exit=0 t=14.6s
  [ 243/1753] z04352_y03456_x03072 exit=0 t=20.4s
  [ 244/1753] z04352_y03456_x03200 exit=0 t=20.0s
  [ 230/1753] z04352_y03328_x04096 exit=0 t=36.5s
  [ 259/1753] z04352_y03584_x02432 exit=0 t=1.9s
  [ 241/1753] z04352_y03456_x02816 exit=0 t=24.6s
  [ 245/1753] z04352_y03456_x03328 exit=0 t=22.7s
  [ 249/1753] z04352_y03456_x03840 exit=0 t=19.9s
  [ 246/1753] z04352_y03456_x03456 exit=0 t=23.1s
  [ 235/1753] z04352_y03456_x02048 exit=0 t=35.6s
  [ 247/1753] z04352_y03456_x03584 exit=0 t=21.6s
  [ 232/1753] z04352_y03456_x01664 exit=0 t=41.4s
  [ 258/1753] z04352_y03584_x02304 exit=0 t=12.0s
  [ 242/1753] z04352_y03456_x02944 exit=0 t=31.0s
  [ 260/1753] z04352_y03584_x02560 exit=0 t=10.5s
  [ 211/1753] z04352_y03328_x01664 exit=0 t=68.2s
  [ 234/1753] z04352_y03456_x01920 exit=0 t=45.8s
  [ 236/1753] z04352_y03456_x02176 exit=0 t=44.0s
  [ 257/1753] z04352_y03584_x02176 exit=0 t=20.1s
  [ 261/1753] z04352_y03584_x02688 exit=0 t=16.7s
  [ 210/1753] z04352_y03328_x01536 exit=0 t=76.0s
  [ 213/1753] z04352_y03328_x01920 exit=0 t=71.8s
  [ 268/1753] z04352_y03584_x03584 exit=0 t=14.1s
  [ 193/1753] z04352_y03200_x02048 exit=0 t=89.1s
  [ 256/1753] z04352_y03584_x02048 exit=0 t=26.8s
  [ 262/1753] z04352_y03584_x02816 exit=0 t=20.9s
  [ 231/1753] z04352_y03456_x01536 exit=0 t=57.8s
  [ 269/1753] z04352_y03584_x03712 exit=0 t=17.0s
  [ 189/1753] z04352_y03200_x01536 exit=0 t=96.7s
  [ 264/1753] z04352_y03584_x03072 exit=0 t=24.1s
  [ 272/1753] z04352_y03584_x04096 exit=0 t=18.1s
  [ 263/1753] z04352_y03584_x02944 exit=0 t=26.8s
  [ 266/1753] z04352_y03584_x03328 exit=0 t=23.6s
  [ 251/1753] z04352_y03456_x04096 exit=0 t=44.4s
  [ 267/1753] z04352_y03584_x03456 exit=0 t=24.5s
  [ 253/1753] z04352_y03584_x01664 exit=0 t=43.0s
  [ 252/1753] z04352_y03584_x01536 exit=0 t=44.0s
  [ 265/1753] z04352_y03584_x03200 exit=0 t=27.0s
  [ 277/1753] z04352_y03712_x02048 exit=0 t=16.8s
  [ 250/1753] z04352_y03456_x03968 exit=0 t=49.2s
  [ 281/1753] z04352_y03712_x02560 exit=0 t=17.1s
  [ 282/1753] z04352_y03712_x02688 exit=0 t=17.6s
  [ 233/1753] z04352_y03456_x01792 exit=0 t=71.3s
  [ 270/1753] z04352_y03584_x03840 exit=0 t=32.0s
  [ 273/1753] z04352_y03712_x01536 exit=0 t=29.0s
  [ 279/1753] z04352_y03712_x02304 exit=0 t=20.4s
  [ 255/1753] z04352_y03584_x01920 exit=0 t=46.9s
  [ 276/1753] z04352_y03712_x01920 exit=0 t=26.6s
  [ 288/1753] z04352_y03712_x03456 exit=0 t=14.0s
  [ 278/1753] z04352_y03712_x02176 exit=0 t=24.4s
  [ 280/1753] z04352_y03712_x02432 exit=0 t=23.4s
  [ 293/1753] z04352_y03712_x04096 exit=0 t=12.5s
  [ 170/1753] z04352_y03072_x01792 exit=0 t=137.7s
  [ 283/1753] z04352_y03712_x02816 exit=0 t=25.5s
  [ 289/1753] z04352_y03712_x03584 exit=0 t=18.9s
  [ 274/1753] z04352_y03712_x01664 exit=0 t=34.7s
  [ 290/1753] z04352_y03712_x03712 exit=0 t=20.0s
  [ 295/1753] z04352_y03840_x01664 exit=0 t=18.9s
  [ 287/1753] z04352_y03712_x03328 exit=0 t=27.7s
  [ 294/1753] z04352_y03840_x01536 exit=0 t=21.7s
  [ 254/1753] z04352_y03584_x01792 exit=0 t=62.5s
  [ 292/1753] z04352_y03712_x03968 exit=0 t=26.1s
  [ 297/1753] z04352_y03840_x01920 exit=0 t=25.0s
  [ 306/1753] z04352_y03840_x03072 exit=0 t=16.8s
  [ 300/1753] z04352_y03840_x02304 exit=0 t=19.7s
  [ 275/1753] z04352_y03712_x01792 exit=0 t=45.1s
  [ 313/1753] z04352_y03840_x03968 exit=0 t=11.7s
  [ 298/1753] z04352_y03840_x02048 exit=0 t=24.8s
  [ 271/1753] z04352_y03584_x03968 exit=0 t=51.4s
  [ 307/1753] z04352_y03840_x03200 exit=0 t=20.2s
  [ 296/1753] z04352_y03840_x01792 exit=0 t=30.6s
  [ 314/1753] z04352_y03840_x04096 exit=0 t=15.6s
  [ 305/1753] z04352_y03840_x02944 exit=0 t=22.0s
  [ 301/1753] z04352_y03840_x02432 exit=0 t=25.2s
  [ 304/1753] z04352_y03840_x02816 exit=0 t=25.1s
  [ 308/1753] z04352_y03840_x03328 exit=0 t=24.0s
  [ 310/1753] z04352_y03840_x03584 exit=0 t=24.0s
  [ 303/1753] z04352_y03840_x02688 exit=0 t=27.9s
  [ 299/1753] z04352_y03840_x02176 exit=0 t=30.6s
  [ 311/1753] z04352_y03840_x03712 exit=0 t=23.3s
  [ 312/1753] z04352_y03840_x03840 exit=0 t=24.5s
  [ 291/1753] z04352_y03712_x03840 exit=0 t=42.6s
  [ 309/1753] z04352_y03840_x03456 exit=0 t=31.5s
  [ 316/1753] z04352_y03968_x01664 exit=0 t=26.6s
  [ 318/1753] z04352_y03968_x01920 exit=0 t=24.7s
  [ 317/1753] z04352_y03968_x01792 exit=0 t=25.1s
  [ 315/1753] z04352_y03968_x01536 exit=0 t=29.3s
  [ 319/1753] z04352_y03968_x02048 exit=0 t=26.0s
  [ 302/1753] z04352_y03840_x02560 exit=0 t=43.1s
  [ 334/1753] z04352_y03968_x03968 exit=0 t=18.8s
  [ 331/1753] z04352_y03968_x03584 exit=0 t=23.9s
  [ 284/1753] z04352_y03712_x02944 exit=0 t=67.2s
  [ 333/1753] z04352_y03968_x03840 exit=0 t=25.7s
  [ 330/1753] z04352_y03968_x03456 exit=0 t=28.3s
  [ 332/1753] z04352_y03968_x03712 exit=0 t=28.7s
  [ 320/1753] z04352_y03968_x02176 exit=0 t=41.0s
  [ 329/1753] z04352_y03968_x03328 exit=0 t=34.9s
  [ 337/1753] z04352_y04096_x01664 exit=0 t=29.6s
  [ 324/1753] z04352_y03968_x02688 exit=0 t=39.7s
  [ 336/1753] z04352_y04096_x01536 exit=0 t=32.3s
  [ 328/1753] z04352_y03968_x03200 exit=0 t=38.2s
  [ 341/1753] z04352_y04096_x02176 exit=0 t=28.8s
  [ 338/1753] z04352_y04096_x01792 exit=0 t=38.1s
  [ 321/1753] z04352_y03968_x02304 exit=0 t=50.4s
  [ 327/1753] z04352_y03968_x03072 exit=0 t=48.3s
  [ 326/1753] z04352_y03968_x02944 exit=0 t=49.7s
  [ 323/1753] z04352_y03968_x02560 exit=0 t=55.0s
  [ 351/1753] z04352_y04096_x03456 exit=0 t=23.6s
  [ 322/1753] z04352_y03968_x02432 exit=0 t=55.9s
  [ 285/1753] z04352_y03712_x03072 exit=0 t=91.5s
  [ 352/1753] z04352_y04096_x03584 exit=0 t=23.5s
  [ 339/1753] z04352_y04096_x01920 exit=0 t=46.1s
  [ 356/1753] z04352_y04096_x04096 exit=0 t=20.0s
  [ 349/1753] z04352_y04096_x03200 exit=0 t=31.0s
  [ 340/1753] z04352_y04096_x02048 exit=0 t=50.4s
  [ 353/1753] z04352_y04096_x03712 exit=0 t=28.9s
  [ 325/1753] z04352_y03968_x02816 exit=0 t=63.6s
  [ 350/1753] z04352_y04096_x03328 exit=0 t=36.2s
  [ 342/1753] z04352_y04096_x02304 exit=0 t=48.7s
  [ 354/1753] z04352_y04096_x03840 exit=0 t=28.6s
  [ 346/1753] z04352_y04096_x02816 exit=0 t=46.6s
  [ 344/1753] z04352_y04096_x02560 exit=0 t=48.5s
  [ 371/1753] z04352_y04224_x03328 exit=0 t=12.0s
  [ 348/1753] z04352_y04096_x03072 exit=0 t=45.5s
  [ 372/1753] z04352_y04224_x03456 exit=0 t=12.3s
  [ 355/1753] z04352_y04096_x03968 exit=0 t=34.0s
  [ 373/1753] z04352_y04224_x03584 exit=0 t=13.0s
  [ 370/1753] z04352_y04224_x03200 exit=0 t=17.7s
  [ 357/1753] z04352_y04224_x01536 exit=0 t=38.8s
  [ 376/1753] z04352_y04224_x03968 exit=0 t=12.4s
  [ 369/1753] z04352_y04224_x03072 exit=0 t=22.9s
  [ 374/1753] z04352_y04224_x03712 exit=0 t=18.7s
  [ 375/1753] z04352_y04224_x03840 exit=0 t=19.1s
  [ 286/1753] z04352_y03712_x03200 exit=0 t=119.5s
  [ 362/1753] z04352_y04224_x02176 exit=0 t=35.4s
  [ 335/1753] z04352_y03968_x04096 exit=0 t=77.5s
  [ 360/1753] z04352_y04224_x01920 exit=0 t=41.4s
  [ 377/1753] z04352_y04224_x04096 exit=0 t=20.3s
  [  69/1753] z04352_y02432_x02304 exit=0 t=373.6s
  [ 361/1753] z04352_y04224_x02048 exit=0 t=42.6s
  [ 366/1753] z04352_y04224_x02688 exit=0 t=38.1s
  [ 347/1753] z04352_y04096_x02944 exit=0 t=72.1s
  [ 343/1753] z04352_y04096_x02432 exit=0 t=78.8s
  [ 365/1753] z04352_y04224_x02560 exit=0 t=49.4s
  [ 368/1753] z04352_y04224_x02944 exit=0 t=50.8s
  [ 394/1753] z04352_y04352_x03584 exit=0 t=21.6s
  [ 363/1753] z04352_y04224_x02304 exit=0 t=57.9s
  [ 396/1753] z04352_y04352_x03840 exit=0 t=21.2s
  [ 393/1753] z04352_y04352_x03456 exit=0 t=24.0s
  [ 407/1753] z04352_y04480_x02560 exit=0 t=1.1s
  [ 408/1753] z04352_y04480_x02688 exit=0 t=0.7s
  [reject] z04352_y04480_x02816 (empty prediction -- no meshable component)
  [ 345/1753] z04352_y04096_x02688 exit=0 t=92.0s
  [ 382/1753] z04352_y04352_x02048 exit=0 t=40.7s
  [ 395/1753] z04352_y04352_x03712 exit=0 t=26.8s
  [ 410/1753] z04352_y04480_x02944 exit=0 t=3.0s
  [ 359/1753] z04352_y04224_x01792 exit=0 t=78.2s
  [ 384/1753] z04352_y04352_x02304 exit=0 t=48.0s
  [ 406/1753] z04352_y04480_x02432 exit=0 t=12.6s
  [ 411/1753] z04352_y04480_x03072 exit=0 t=9.7s
  [ 398/1753] z04352_y04352_x04096 exit=0 t=30.2s
  [ 418/1753] z04352_y04480_x03968 exit=0 t=1.4s
  [ 397/1753] z04352_y04352_x03968 exit=0 t=33.0s
  [ 419/1753] z04352_y04480_x04096 exit=0 t=1.1s
  [ 416/1753] z04352_y04480_x03712 exit=0 t=2.9s
  [reject] z04352_y04608_x01920 (empty prediction -- no meshable component)
  [reject] z04352_y04608_x02048 (empty prediction -- no meshable component)
  [reject] z04352_y04608_x02432 (garbage solid-slab prediction)
  [reject] z04352_y04608_x02560 (garbage solid-slab prediction)
  [ 378/1753] z04352_y04352_x01536 exit=0 t=56.5s
  [reject] z04352_y04608_x02688 (garbage solid-slab prediction)
  [reject] z04352_y04608_x02816 (garbage solid-slab prediction)
  [reject] z04352_y04608_x02944 (garbage solid-slab prediction)
  [reject] z04352_y04608_x03072 (garbage solid-slab prediction)
  [reject] z04352_y04608_x03200 (garbage solid-slab prediction)
  [reject] z04352_y04608_x03328 (garbage solid-slab prediction)
  [reject] z04352_y04608_x03456 (garbage solid-slab prediction)
  [reject] z04352_y04608_x03584 (garbage solid-slab prediction)
  [ 417/1753] z04352_y04480_x03840 exit=0 t=3.1s
  [reject] z04352_y04608_x03712 (garbage solid-slab prediction)
  [reject] z04352_y04608_x03840 (garbage solid-slab prediction)
  [reject] z04352_y04608_x03968 (garbage solid-slab prediction)
  [reject] z04352_y04608_x04096 (garbage solid-slab prediction)
  [reject] z04480_y02048_x01536 (garbage solid-slab prediction)
  [ 404/1753] z04352_y04480_x02176 exit=0 t=17.1s
  [ 387/1753] z04352_y04352_x02688 exit=0 t=46.4s
  [ 414/1753] z04352_y04480_x03456 exit=0 t=11.7s
  [ 388/1753] z04352_y04352_x02816 exit=0 t=47.6s
  [ 415/1753] z04352_y04480_x03584 exit=0 t=7.1s
  [ 364/1753] z04352_y04224_x02432 exit=0 t=77.2s
  [ 413/1753] z04352_y04480_x03328 exit=0 t=15.8s
  [ 405/1753] z04352_y04480_x02304 exit=0 t=20.7s
  [ 422/1753] z04352_y04608_x01792 exit=0 t=7.5s
  [ 420/1753] z04352_y04608_x01536 exit=0 t=9.1s
  [ 386/1753] z04352_y04352_x02560 exit=0 t=55.8s
  [ 385/1753] z04352_y04352_x02432 exit=0 t=56.5s
  [ 440/1753] z04480_y02048_x01792 exit=0 t=9.9s
  [ 412/1753] z04352_y04480_x03200 exit=0 t=26.2s
  [ 383/1753] z04352_y04352_x02176 exit=0 t=68.6s
  [ 381/1753] z04352_y04352_x01920 exit=0 t=72.6s
  [ 448/1753] z04480_y02048_x02816 exit=0 t=22.7s
  [ 402/1753] z04352_y04480_x01920 exit=0 t=46.5s
  [ 392/1753] z04352_y04352_x03328 exit=0 t=66.7s
  [ 459/1753] z04480_y02176_x01536 exit=0 t=0.7s
  [ 460/1753] z04480_y02176_x01664 exit=0 t=2.1s
  [ 400/1753] z04352_y04480_x01664 exit=0 t=60.2s
  [ 447/1753] z04480_y02048_x02688 exit=0 t=29.5s
  [ 390/1753] z04352_y04352_x03072 exit=0 t=74.9s
  [ 367/1753] z04352_y04224_x02816 exit=0 t=104.9s
  [ 453/1753] z04480_y02048_x03456 exit=0 t=28.3s
  [ 449/1753] z04480_y02048_x02944 exit=0 t=33.0s
  [ 454/1753] z04480_y02048_x03584 exit=0 t=29.6s
  [ 452/1753] z04480_y02048_x03328 exit=0 t=31.7s
  [ 421/1753] z04352_y04608_x01664 exit=0 t=42.0s
  [ 403/1753] z04352_y04480_x02048 exit=0 t=57.9s
  [ 455/1753] z04480_y02048_x03712 exit=0 t=31.3s
  [ 450/1753] z04480_y02048_x03072 exit=0 t=38.7s
  [ 451/1753] z04480_y02048_x03200 exit=0 t=37.5s
  [ 457/1753] z04480_y02048_x03968 exit=0 t=29.8s
  [ 389/1753] z04352_y04352_x02944 exit=0 t=93.0s
  [ 456/1753] z04480_y02048_x03840 exit=0 t=33.8s
  [ 445/1753] z04480_y02048_x02432 exit=0 t=47.6s
  [ 480/1753] z04480_y02304_x01536 exit=0 t=1.4s
  [ 401/1753] z04352_y04480_x01792 exit=0 t=81.4s
  [ 458/1753] z04480_y02048_x04096 exit=0 t=35.6s
  [ 473/1753] z04480_y02176_x03328 exit=0 t=15.5s
  [ 470/1753] z04480_y02176_x02944 exit=0 t=19.2s
  [ 469/1753] z04480_y02176_x02816 exit=0 t=21.0s
  [ 446/1753] z04480_y02048_x02560 exit=0 t=58.1s
  [ 471/1753] z04480_y02176_x03072 exit=0 t=23.4s
  [ 472/1753] z04480_y02176_x03200 exit=0 t=24.5s
  [ 468/1753] z04480_y02176_x02688 exit=0 t=29.1s
  [ 467/1753] z04480_y02176_x02560 exit=0 t=29.5s
  [ 358/1753] z04352_y04224_x01664 exit=0 t=149.9s
  [ 474/1753] z04480_y02176_x03456 exit=0 t=27.0s
  [ 475/1753] z04480_y02176_x03584 exit=0 t=27.1s
  [ 380/1753] z04352_y04352_x01792 exit=0 t=127.2s
  [ 391/1753] z04352_y04352_x03200 exit=0 t=113.2s
  [ 379/1753] z04352_y04352_x01664 exit=0 t=128.9s
  [ 477/1753] z04480_y02176_x03840 exit=0 t=28.4s
  [ 399/1753] z04352_y04480_x01536 exit=0 t=105.8s
  [ 476/1753] z04480_y02176_x03712 exit=0 t=31.6s
  [ 479/1753] z04480_y02176_x04096 exit=0 t=28.2s
  [ 478/1753] z04480_y02176_x03968 exit=0 t=28.9s
  [ 443/1753] z04480_y02048_x02176 exit=0 t=78.1s
  [ 488/1753] z04480_y02304_x02560 exit=0 t=16.2s
  [ 489/1753] z04480_y02304_x02688 exit=0 t=18.1s
  [ 495/1753] z04480_y02304_x03456 exit=0 t=14.4s
  [ 494/1753] z04480_y02304_x03328 exit=0 t=15.9s
  [ 496/1753] z04480_y02304_x03584 exit=0 t=14.7s
  [ 461/1753] z04480_y02176_x01792 exit=0 t=61.9s
  [ 493/1753] z04480_y02304_x03200 exit=0 t=21.2s
  [ 487/1753] z04480_y02304_x02432 exit=0 t=29.1s
  [ 444/1753] z04480_y02048_x02304 exit=0 t=88.7s
  [ 492/1753] z04480_y02304_x03072 exit=0 t=26.5s
  [ 497/1753] z04480_y02304_x03712 exit=0 t=21.1s
  [ 442/1753] z04480_y02048_x02048 exit=0 t=95.6s
  [ 490/1753] z04480_y02304_x02816 exit=0 t=32.6s
  [ 500/1753] z04480_y02304_x04096 exit=0 t=23.3s
  [ 466/1753] z04480_y02176_x02432 exit=0 t=69.3s
  [ 462/1753] z04480_y02176_x01920 exit=0 t=75.4s
  [ 491/1753] z04480_y02304_x02944 exit=0 t=37.9s
  [ 499/1753] z04480_y02304_x03968 exit=0 t=28.9s
  [ 498/1753] z04480_y02304_x03840 exit=0 t=30.3s
  [ 483/1753] z04480_y02304_x01920 exit=0 t=52.8s
  [ 463/1753] z04480_y02176_x02048 exit=0 t=82.6s
  [ 515/1753] z04480_y02432_x03328 exit=0 t=16.1s
  [ 512/1753] z04480_y02432_x02944 exit=0 t=22.6s
  [ 514/1753] z04480_y02432_x03200 exit=0 t=20.8s
  [ 511/1753] z04480_y02432_x02816 exit=0 t=25.0s
  [ 482/1753] z04480_y02304_x01792 exit=0 t=61.4s
  [ 516/1753] z04480_y02432_x03456 exit=0 t=18.3s
  [ 508/1753] z04480_y02432_x02432 exit=0 t=31.6s
  [ 501/1753] z04480_y02432_x01536 exit=0 t=42.7s
  [ 509/1753] z04480_y02432_x02560 exit=0 t=32.1s
  [ 503/1753] z04480_y02432_x01792 exit=0 t=42.6s
  [ 520/1753] z04480_y02432_x03968 exit=0 t=19.3s
  [ 521/1753] z04480_y02432_x04096 exit=0 t=19.4s
  [ 513/1753] z04480_y02432_x03072 exit=0 t=30.2s
  [ 517/1753] z04480_y02432_x03584 exit=0 t=24.9s
  [ 504/1753] z04480_y02432_x01920 exit=0 t=48.9s
  [ 481/1753] z04480_y02304_x01664 exit=0 t=80.9s
  [ 518/1753] z04480_y02432_x03712 exit=0 t=29.7s
  [ 510/1753] z04480_y02432_x02688 exit=0 t=43.5s
  [ 519/1753] z04480_y02432_x03840 exit=0 t=33.6s
  [ 536/1753] z04480_y02560_x03328 exit=0 t=14.3s
  [ 534/1753] z04480_y02560_x03072 exit=0 t=17.7s
  [ 535/1753] z04480_y02560_x03200 exit=0 t=16.1s
  [ 537/1753] z04480_y02560_x03456 exit=0 t=17.5s
  [ 530/1753] z04480_y02560_x02560 exit=0 t=27.5s
  [ 533/1753] z04480_y02560_x02944 exit=0 t=24.8s
  [ 465/1753] z04480_y02176_x02304 exit=0 t=114.1s
  [ 502/1753] z04480_y02432_x01664 exit=0 t=71.7s
  [ 441/1753] z04480_y02048_x01920 exit=0 t=149.2s
  [ 538/1753] z04480_y02560_x03584 exit=0 t=27.3s
  [ 531/1753] z04480_y02560_x02688 exit=0 t=32.7s
  [ 525/1753] z04480_y02560_x01920 exit=0 t=40.4s
  [ 486/1753] z04480_y02304_x02304 exit=0 t=94.9s
  [ 532/1753] z04480_y02560_x02816 exit=0 t=34.6s
  [ 523/1753] z04480_y02560_x01664 exit=0 t=45.9s
  [ 529/1753] z04480_y02560_x02432 exit=0 t=39.0s
  [ 542/1753] z04480_y02560_x04096 exit=0 t=24.3s
  [ 541/1753] z04480_y02560_x03968 exit=0 t=29.5s
  [ 524/1753] z04480_y02560_x01792 exit=0 t=51.1s
  [ 528/1753] z04480_y02560_x02304 exit=0 t=48.9s
  [ 505/1753] z04480_y02432_x02048 exit=0 t=83.0s
  [ 540/1753] z04480_y02560_x03840 exit=0 t=36.1s
  [ 539/1753] z04480_y02560_x03712 exit=0 t=40.3s
  [ 464/1753] z04480_y02176_x02176 exit=0 t=138.1s
  [ 557/1753] z04480_y02688_x03328 exit=0 t=21.2s
  [ 558/1753] z04480_y02688_x03456 exit=0 t=21.7s
  [ 556/1753] z04480_y02688_x03200 exit=0 t=22.8s
  [ 484/1753] z04480_y02304_x02048 exit=0 t=120.6s
  [ 555/1753] z04480_y02688_x03072 exit=0 t=25.4s
  [ 507/1753] z04480_y02432_x02304 exit=0 t=91.5s
  [ 554/1753] z04480_y02688_x02944 exit=0 t=28.2s
  [ 545/1753] z04480_y02688_x01792 exit=0 t=40.5s
  [ 559/1753] z04480_y02688_x03584 exit=0 t=24.4s
  [ 544/1753] z04480_y02688_x01664 exit=0 t=47.6s
  [ 560/1753] z04480_y02688_x03712 exit=0 t=29.3s
  [ 553/1753] z04480_y02688_x02816 exit=0 t=36.9s
  [ 563/1753] z04480_y02688_x04096 exit=0 t=25.1s
  [ 550/1753] z04480_y02688_x02432 exit=0 t=42.4s
  [ 561/1753] z04480_y02688_x03840 exit=0 t=29.5s
  [ 562/1753] z04480_y02688_x03968 exit=0 t=28.7s
  [ 485/1753] z04480_y02304_x02176 exit=0 t=135.0s
  [ 546/1753] z04480_y02688_x01920 exit=0 t=60.0s
  [ 570/1753] z04480_y02816_x02304 exit=0 t=24.5s
  [ 576/1753] z04480_y02816_x03072 exit=0 t=25.2s
  [ 552/1753] z04480_y02688_x02688 exit=0 t=56.3s
  [ 575/1753] z04480_y02816_x02944 exit=0 t=26.3s
  [ 571/1753] z04480_y02816_x02432 exit=0 t=29.1s
  [ 573/1753] z04480_y02816_x02688 exit=0 t=28.5s
  [ 574/1753] z04480_y02816_x02816 exit=0 t=27.6s
  [ 579/1753] z04480_y02816_x03456 exit=0 t=19.6s
  [ 551/1753] z04480_y02688_x02560 exit=0 t=60.5s
  [ 565/1753] z04480_y02816_x01664 exit=0 t=41.9s
  [ 580/1753] z04480_y02816_x03584 exit=0 t=20.5s
  [ 527/1753] z04480_y02560_x02176 exit=0 t=95.5s
  [ 578/1753] z04480_y02816_x03328 exit=0 t=23.3s
  [ 572/1753] z04480_y02816_x02560 exit=0 t=32.5s
  [ 577/1753] z04480_y02816_x03200 exit=0 t=25.1s
  [ 506/1753] z04480_y02432_x02176 exit=0 t=128.5s
  [ 581/1753] z04480_y02816_x03712 exit=0 t=25.6s
  [ 549/1753] z04480_y02688_x02304 exit=0 t=69.6s
  [ 582/1753] z04480_y02816_x03840 exit=0 t=29.3s
  [ 583/1753] z04480_y02816_x03968 exit=0 t=31.1s
  [ 592/1753] z04480_y02944_x02432 exit=0 t=15.9s
  [ 584/1753] z04480_y02816_x04096 exit=0 t=31.0s
  [ 568/1753] z04480_y02816_x02048 exit=0 t=49.9s
  [ 564/1753] z04480_y02816_x01536 exit=0 t=59.1s
  [ 593/1753] z04480_y02944_x02560 exit=0 t=19.9s
  [ 548/1753] z04480_y02688_x02176 exit=0 t=83.8s
  [ 591/1753] z04480_y02944_x02304 exit=0 t=21.3s
  [ 603/1753] z04480_y02944_x03840 exit=0 t=14.3s
  [ 597/1753] z04480_y02944_x03072 exit=0 t=22.1s
  [ 585/1753] z04480_y02944_x01536 exit=0 t=33.7s
  [ 602/1753] z04480_y02944_x03712 exit=0 t=21.8s
  [ 604/1753] z04480_y02944_x03968 exit=0 t=16.7s
  [ 598/1753] z04480_y02944_x03200 exit=0 t=29.0s
  [ 612/1753] z04480_y03072_x02304 exit=0 t=13.0s
  [ 600/1753] z04480_y02944_x03456 exit=0 t=31.7s
  [ 605/1753] z04480_y02944_x04096 exit=0 t=20.0s
  [ 588/1753] z04480_y02944_x01920 exit=0 t=38.0s
  [ 599/1753] z04480_y02944_x03328 exit=0 t=33.8s
  [ 586/1753] z04480_y02944_x01664 exit=0 t=43.9s
  [ 601/1753] z04480_y02944_x03584 exit=0 t=33.0s
  [ 596/1753] z04480_y02944_x02944 exit=0 t=40.1s
  [ 613/1753] z04480_y03072_x02432 exit=0 t=22.2s
  [ 619/1753] z04480_y03072_x03200 exit=0 t=11.8s
  [ 617/1753] z04480_y03072_x02944 exit=0 t=16.3s
  [ 522/1753] z04480_y02560_x01536 exit=0 t=148.8s
  [ 618/1753] z04480_y03072_x03072 exit=0 t=15.1s
  [ 621/1753] z04480_y03072_x03456 exit=0 t=12.3s
  [ 625/1753] z04480_y03072_x03968 exit=0 t=8.5s
  [ 624/1753] z04480_y03072_x03840 exit=0 t=11.0s
  [ 620/1753] z04480_y03072_x03328 exit=0 t=14.4s
  [ 594/1753] z04480_y02944_x02688 exit=0 t=49.0s
  [ 622/1753] z04480_y03072_x03584 exit=0 t=15.0s
  [ 590/1753] z04480_y02944_x02176 exit=0 t=53.2s
  [ 626/1753] z04480_y03072_x04096 exit=0 t=12.5s
  [ 623/1753] z04480_y03072_x03712 exit=0 t=18.2s
  [ 595/1753] z04480_y02944_x02816 exit=0 t=53.4s
  [ 547/1753] z04480_y02688_x02048 exit=0 t=122.8s
  [ 566/1753] z04480_y02816_x01792 exit=0 t=97.2s
  [ 567/1753] z04480_y02816_x01920 exit=0 t=97.6s
  [ 642/1753] z04480_y03200_x03456 exit=0 t=5.9s
  [ 609/1753] z04480_y03072_x01920 exit=0 t=45.2s
  [ 616/1753] z04480_y03072_x02816 exit=0 t=34.7s
  [ 641/1753] z04480_y03200_x03328 exit=0 t=9.2s
  [ 633/1753] z04480_y03200_x02304 exit=0 t=17.0s
  [ 606/1753] z04480_y03072_x01536 exit=0 t=49.6s
  [ 614/1753] z04480_y03072_x02560 exit=0 t=42.4s
  [ 640/1753] z04480_y03200_x03200 exit=0 t=12.5s
  [ 615/1753] z04480_y03072_x02688 exit=0 t=42.3s
  [ 643/1753] z04480_y03200_x03584 exit=0 t=11.7s
  [ 638/1753] z04480_y03200_x02944 exit=0 t=17.8s
  [ 644/1753] z04480_y03200_x03712 exit=0 t=9.8s
  [ 610/1753] z04480_y03072_x02048 exit=0 t=52.0s
  [ 639/1753] z04480_y03200_x03072 exit=0 t=17.9s
  [ 645/1753] z04480_y03200_x03840 exit=0 t=11.4s
  [ 646/1753] z04480_y03200_x03968 exit=0 t=12.7s
  [ 635/1753] z04480_y03200_x02560 exit=0 t=26.8s
  [ 634/1753] z04480_y03200_x02432 exit=0 t=28.3s
  [ 589/1753] z04480_y02944_x02048 exit=0 t=78.6s
  [ 658/1753] z04480_y03328_x02816 exit=0 t=6.5s
  [ 659/1753] z04480_y03328_x02944 exit=0 t=7.4s
  [ 663/1753] z04480_y03328_x03456 exit=0 t=5.5s
  [ 636/1753] z04480_y03200_x02688 exit=0 t=32.8s
  [ 647/1753] z04480_y03200_x04096 exit=0 t=21.5s
  [ 655/1753] z04480_y03328_x02432 exit=0 t=16.1s
  [ 611/1753] z04480_y03072_x02176 exit=0 t=66.7s
  [ 608/1753] z04480_y03072_x01792 exit=0 t=70.1s
  [ 662/1753] z04480_y03328_x03328 exit=0 t=11.0s
  [ 657/1753] z04480_y03328_x02688 exit=0 t=17.3s
  [ 656/1753] z04480_y03328_x02560 exit=0 t=19.8s
  [ 637/1753] z04480_y03200_x02816 exit=0 t=41.9s
  [ 661/1753] z04480_y03328_x03200 exit=0 t=17.5s
  [ 587/1753] z04480_y02944_x01792 exit=0 t=96.1s
  [ 628/1753] z04480_y03200_x01664 exit=0 t=49.6s
  [ 654/1753] z04480_y03328_x02304 exit=0 t=26.8s
  [ 665/1753] z04480_y03328_x03712 exit=0 t=16.5s
  [ 660/1753] z04480_y03328_x03072 exit=0 t=22.1s
  [ 664/1753] z04480_y03328_x03584 exit=0 t=20.0s
  [ 667/1753] z04480_y03328_x03968 exit=0 t=15.9s
  [ 676/1753] z04480_y03456_x02432 exit=0 t=7.8s
  [ 569/1753] z04480_y02816_x02176 exit=0 t=135.2s
  [ 666/1753] z04480_y03328_x03840 exit=0 t=22.7s
  [ 607/1753] z04480_y03072_x01664 exit=0 t=89.8s
  [ 675/1753] z04480_y03456_x02304 exit=0 t=14.0s
  [ 683/1753] z04480_y03456_x03328 exit=0 t=8.3s
  [ 631/1753] z04480_y03200_x02048 exit=0 t=63.0s
  [ 526/1753] z04480_y02560_x02048 exit=0 t=205.6s
  [ 652/1753] z04480_y03328_x02048 exit=0 t=43.9s
  [ 677/1753] z04480_y03456_x02560 exit=0 t=18.0s
  [ 678/1753] z04480_y03456_x02688 exit=0 t=16.8s
  [ 630/1753] z04480_y03200_x01920 exit=0 t=65.9s
  [ 653/1753] z04480_y03328_x02176 exit=0 t=44.1s
  [ 682/1753] z04480_y03456_x03200 exit=0 t=14.0s
  [ 648/1753] z04480_y03328_x01536 exit=0 t=50.6s
  [ 697/1753] z04480_y03584_x02432 exit=0 t=2.5s
  [ 650/1753] z04480_y03328_x01792 exit=0 t=50.9s
  [ 681/1753] z04480_y03456_x03072 exit=0 t=21.6s
  [ 679/1753] z04480_y03456_x02816 exit=0 t=24.1s
  [ 686/1753] z04480_y03456_x03712 exit=0 t=15.3s
  [ 696/1753] z04480_y03584_x02304 exit=0 t=9.1s
  [ 687/1753] z04480_y03456_x03840 exit=0 t=16.9s
  [ 673/1753] z04480_y03456_x02048 exit=0 t=35.2s
  [ 684/1753] z04480_y03456_x03456 exit=0 t=23.0s
  [ 698/1753] z04480_y03584_x02560 exit=0 t=10.8s
  [ 543/1753] z04480_y02688_x01536 exit=0 t=198.6s
  [ 629/1753] z04480_y03200_x01792 exit=0 t=84.4s
  [ 685/1753] z04480_y03456_x03584 exit=0 t=27.1s
  [ 702/1753] z04480_y03584_x03072 exit=0 t=12.7s
  [ 703/1753] z04480_y03584_x03200 exit=0 t=13.0s
  [ 680/1753] z04480_y03456_x02944 exit=0 t=36.4s
  [ 699/1753] z04480_y03584_x02688 exit=0 t=19.9s
  [ 649/1753] z04480_y03328_x01664 exit=0 t=70.8s
  [ 627/1753] z04480_y03200_x01536 exit=0 t=91.4s
  [ 700/1753] z04480_y03584_x02816 exit=0 t=20.6s
  [ 671/1753] z04480_y03456_x01792 exit=0 t=49.5s
  [ 707/1753] z04480_y03584_x03712 exit=0 t=15.0s
  [ 674/1753] z04480_y03456_x02176 exit=0 t=50.2s
  [ 695/1753] z04480_y03584_x02176 exit=0 t=28.8s
  [ 694/1753] z04480_y03584_x02048 exit=0 t=29.6s
  [ 688/1753] z04480_y03456_x03968 exit=0 t=35.6s
  [ 668/1753] z04480_y03328_x04096 exit=0 t=58.2s
  [ 632/1753] z04480_y03200_x02176 exit=0 t=96.6s
  [ 706/1753] z04480_y03584_x03584 exit=0 t=20.0s
  [ 701/1753] z04480_y03584_x02944 exit=0 t=27.9s
  [ 669/1753] z04480_y03456_x01536 exit=0 t=63.7s
  [ 708/1753] z04480_y03584_x03840 exit=0 t=24.6s
  [ 705/1753] z04480_y03584_x03456 exit=0 t=28.4s
  [ 717/1753] z04480_y03712_x02304 exit=0 t=16.5s
  [ 710/1753] z04480_y03584_x04096 exit=0 t=22.3s
  [ 712/1753] z04480_y03712_x01664 exit=0 t=21.5s
  [ 704/1753] z04480_y03584_x03328 exit=0 t=34.7s
  [ 719/1753] z04480_y03712_x02560 exit=0 t=19.5s
  [ 720/1753] z04480_y03712_x02688 exit=0 t=17.2s
  [ 714/1753] z04480_y03712_x01920 exit=0 t=24.0s
  [ 689/1753] z04480_y03456_x04096 exit=0 t=50.4s
  [ 715/1753] z04480_y03712_x02048 exit=0 t=22.8s
  [ 727/1753] z04480_y03712_x03584 exit=0 t=14.3s
  [ 716/1753] z04480_y03712_x02176 exit=0 t=23.3s
  [ 718/1753] z04480_y03712_x02432 exit=0 t=24.1s
  [ 691/1753] z04480_y03584_x01664 exit=0 t=51.4s
  [ 722/1753] z04480_y03712_x02944 exit=0 t=21.6s
  [ 726/1753] z04480_y03712_x03456 exit=0 t=18.9s
  [ 723/1753] z04480_y03712_x03072 exit=0 t=22.1s
  [ 672/1753] z04480_y03456_x01920 exit=0 t=77.1s
  [ 721/1753] z04480_y03712_x02816 exit=0 t=25.3s
  [ 709/1753] z04480_y03584_x03968 exit=0 t=38.3s
  [ 693/1753] z04480_y03584_x01920 exit=0 t=54.5s
  [ 732/1753] z04480_y03840_x01536 exit=0 t=14.1s
  [ 733/1753] z04480_y03840_x01664 exit=0 t=15.5s
  [ 731/1753] z04480_y03712_x04096 exit=0 t=19.0s
  [ 692/1753] z04480_y03584_x01792 exit=0 t=59.5s
  [ 730/1753] z04480_y03712_x03968 exit=0 t=21.5s
  [ 728/1753] z04480_y03712_x03712 exit=0 t=27.5s
  [ 711/1753] z04480_y03712_x01536 exit=0 t=46.5s
  [ 670/1753] z04480_y03456_x01664 exit=0 t=90.0s
  [ 729/1753] z04480_y03712_x03840 exit=0 t=27.6s
  [ 742/1753] z04480_y03840_x02816 exit=0 t=18.9s
  [ 735/1753] z04480_y03840_x01920 exit=0 t=24.0s
  [ 734/1753] z04480_y03840_x01792 exit=0 t=25.6s
  [ 736/1753] z04480_y03840_x02048 exit=0 t=23.8s
  [ 751/1753] z04480_y03840_x03968 exit=0 t=14.4s
  [ 752/1753] z04480_y03840_x04096 exit=0 t=14.3s
  [ 744/1753] z04480_y03840_x03072 exit=0 t=19.6s
  [ 743/1753] z04480_y03840_x02944 exit=0 t=23.4s
  [ 651/1753] z04480_y03328_x01920 exit=0 t=118.2s
  [ 745/1753] z04480_y03840_x03200 exit=0 t=25.4s
  [ 746/1753] z04480_y03840_x03328 exit=0 t=26.7s
  [ 750/1753] z04480_y03840_x03840 exit=0 t=25.4s
  [ 749/1753] z04480_y03840_x03712 exit=0 t=26.9s
  [ 741/1753] z04480_y03840_x02688 exit=0 t=33.7s
  [ 754/1753] z04480_y03968_x01664 exit=0 t=23.4s
  [ 690/1753] z04480_y03584_x01536 exit=0 t=84.1s
  [ 737/1753] z04480_y03840_x02176 exit=0 t=37.5s
  [ 740/1753] z04480_y03840_x02560 exit=0 t=37.1s
  [ 747/1753] z04480_y03840_x03456 exit=0 t=32.3s
  [ 713/1753] z04480_y03712_x01792 exit=0 t=62.8s
  [ 753/1753] z04480_y03968_x01536 exit=0 t=29.3s
  [ 738/1753] z04480_y03840_x02304 exit=0 t=40.1s
  [ 755/1753] z04480_y03968_x01792 exit=0 t=28.1s
  [ 748/1753] z04480_y03840_x03584 exit=0 t=35.3s
  [ 724/1753] z04480_y03712_x03200 exit=0 t=57.7s
  [ 764/1753] z04480_y03968_x02944 exit=0 t=20.9s
  [ 772/1753] z04480_y03968_x03968 exit=0 t=11.4s
  [ 771/1753] z04480_y03968_x03840 exit=0 t=18.5s
  [ 725/1753] z04480_y03712_x03328 exit=0 t=66.4s
  [ 763/1753] z04480_y03968_x02816 exit=0 t=29.6s
  [ 770/1753] z04480_y03968_x03712 exit=0 t=23.3s
  [ 779/1753] z04480_y04096_x02176 exit=0 t=15.8s
  [ 773/1753] z04480_y03968_x04096 exit=0 t=19.6s
  [ 768/1753] z04480_y03968_x03456 exit=0 t=28.0s
  [ 756/1753] z04480_y03968_x01920 exit=0 t=41.1s
  [ 769/1753] z04480_y03968_x03584 exit=0 t=28.3s
  [ 739/1753] z04480_y03840_x02432 exit=0 t=55.0s
  [ 778/1753] z04480_y04096_x02048 exit=0 t=18.4s
  [ 767/1753] z04480_y03968_x03328 exit=0 t=32.6s
  [ 780/1753] z04480_y04096_x02304 exit=0 t=21.0s
  [ 761/1753] z04480_y03968_x02560 exit=0 t=41.9s
  [ 781/1753] z04480_y04096_x02432 exit=0 t=24.4s
  [ 765/1753] z04480_y03968_x03072 exit=0 t=41.9s
  [ 784/1753] z04480_y04096_x02816 exit=0 t=24.9s
  [ 786/1753] z04480_y04096_x03072 exit=0 t=23.8s
  [ 760/1753] z04480_y03968_x02432 exit=0 t=48.0s
  [ 759/1753] z04480_y03968_x02304 exit=0 t=50.1s
  [ 777/1753] z04480_y04096_x01920 exit=0 t=34.9s
  [ 762/1753] z04480_y03968_x02688 exit=0 t=49.3s
  [ 757/1753] z04480_y03968_x02048 exit=0 t=54.7s
  [ 785/1753] z04480_y04096_x02944 exit=0 t=29.3s
  [ 782/1753] z04480_y04096_x02560 exit=0 t=32.1s
  [ 766/1753] z04480_y03968_x03200 exit=0 t=50.1s
  [ 787/1753] z04480_y04096_x03200 exit=0 t=31.2s
  [ 758/1753] z04480_y03968_x02176 exit=0 t=57.3s
  [ 788/1753] z04480_y04096_x03328 exit=0 t=29.1s
  [ 792/1753] z04480_y04096_x03840 exit=0 t=25.5s
  [ 793/1753] z04480_y04096_x03968 exit=0 t=26.4s
  [ 776/1753] z04480_y04096_x01792 exit=0 t=44.9s
  [ 794/1753] z04480_y04096_x04096 exit=0 t=27.6s
  [ 789/1753] z04480_y04096_x03456 exit=0 t=31.1s
  [ 800/1753] z04480_y04224_x02176 exit=0 t=23.7s
  [ 783/1753] z04480_y04096_x02688 exit=0 t=42.4s
  [ 790/1753] z04480_y04096_x03584 exit=0 t=32.1s
  [ 791/1753] z04480_y04096_x03712 exit=0 t=31.6s
  [ 809/1753] z04480_y04224_x03328 exit=0 t=18.6s
  [ 795/1753] z04480_y04224_x01536 exit=0 t=36.5s
  [ 801/1753] z04480_y04224_x02304 exit=0 t=31.0s
  [ 810/1753] z04480_y04224_x03456 exit=0 t=21.7s
  [ 812/1753] z04480_y04224_x03712 exit=0 t=21.0s
  [ 799/1753] z04480_y04224_x02048 exit=0 t=37.5s
  [ 774/1753] z04480_y04096_x01536 exit=0 t=59.5s
  [ 811/1753] z04480_y04224_x03584 exit=0 t=24.4s
  [ 808/1753] z04480_y04224_x03200 exit=0 t=26.1s
  [ 814/1753] z04480_y04224_x03968 exit=0 t=24.0s
  [ 813/1753] z04480_y04224_x03840 exit=0 t=26.8s
  [ 807/1753] z04480_y04224_x03072 exit=0 t=30.7s
  [ 775/1753] z04480_y04096_x01664 exit=0 t=65.2s
  [ 815/1753] z04480_y04224_x04096 exit=0 t=28.3s
  [ 796/1753] z04480_y04224_x01664 exit=0 t=52.6s
  [ 806/1753] z04480_y04224_x02944 exit=0 t=43.2s
  [ 833/1753] z04480_y04352_x03712 exit=0 t=14.8s
  [ 832/1753] z04480_y04352_x03584 exit=0 t=21.7s
  [ 803/1753] z04480_y04224_x02560 exit=0 t=52.6s
  [ 834/1753] z04480_y04352_x03840 exit=0 t=20.4s
  [ 798/1753] z04480_y04224_x01920 exit=0 t=62.5s
  [ 820/1753] z04480_y04352_x02048 exit=0 t=37.4s
  [ 836/1753] z04480_y04352_x04096 exit=0 t=19.7s
  [ 802/1753] z04480_y04224_x02432 exit=0 t=57.2s
  [ 805/1753] z04480_y04224_x02816 exit=0 t=53.9s
  [ 850/1753] z04480_y04480_x03328 exit=0 t=0.7s
  [ 797/1753] z04480_y04224_x01792 exit=0 t=67.1s
  [ 821/1753] z04480_y04352_x02176 exit=0 t=40.1s
  [ 849/1753] z04480_y04480_x03072 exit=0 t=2.2s
  [ 835/1753] z04480_y04352_x03968 exit=0 t=23.8s
  [ 851/1753] z04480_y04480_x03456 exit=0 t=1.8s
  [ 804/1753] z04480_y04224_x02688 exit=0 t=56.8s
  [ 856/1753] z04480_y04480_x04096 exit=0 t=1.0s
  [ 852/1753] z04480_y04480_x03584 exit=0 t=2.3s
  [ 853/1753] z04480_y04480_x03712 exit=0 t=2.5s
  [ 818/1753] z04480_y04352_x01792 exit=0 t=45.8s
  [ 831/1753] z04480_y04352_x03456 exit=0 t=33.3s
  [ 861/1753] z04480_y04608_x02048 exit=0 t=1.4s
  [ 862/1753] z04480_y04608_x02176 exit=0 t=0.5s
  [ 860/1753] z04480_y04608_x01920 exit=0 t=2.4s
  [ 854/1753] z04480_y04480_x03840 exit=0 t=4.6s
  [reject] z04480_y04608_x02688 (empty prediction -- no meshable component)
  [reject] z04480_y04608_x02944 (garbage solid-slab prediction)
  [reject] z04480_y04608_x03072 (garbage solid-slab prediction)
  [reject] z04480_y04608_x03200 (garbage solid-slab prediction)
  [reject] z04480_y04608_x03328 (garbage solid-slab prediction)
  [reject] z04480_y04608_x03456 (garbage solid-slab prediction)
  [reject] z04480_y04608_x03584 (garbage solid-slab prediction)
  [reject] z04480_y04608_x03712 (garbage solid-slab prediction)
  [reject] z04480_y04608_x03840 (garbage solid-slab prediction)
  [reject] z04480_y04608_x03968 (garbage solid-slab prediction)
  [reject] z04480_y04608_x04096 (garbage solid-slab prediction)
  [ 865/1753] z04480_y04608_x02560 exit=0 t=0.9s
  [reject] z04608_y02048_x01664 (empty prediction -- no meshable component)
  [ 863/1753] z04480_y04608_x02304 exit=0 t=1.1s
  [reject] z04608_y02048_x01536 (garbage solid-slab prediction)
  [ 857/1753] z04480_y04608_x01536 exit=0 t=5.0s
  [ 855/1753] z04480_y04480_x03968 exit=0 t=5.4s
  [ 864/1753] z04480_y04608_x02432 exit=0 t=2.9s
  [ 822/1753] z04480_y04352_x02304 exit=0 t=47.7s
  [ 819/1753] z04480_y04352_x01920 exit=0 t=50.6s
  [ 848/1753] z04480_y04480_x02944 exit=0 t=13.2s
  [ 839/1753] z04480_y04480_x01792 exit=0 t=33.0s
  [ 859/1753] z04480_y04608_x01792 exit=0 t=13.6s
  [ 817/1753] z04480_y04352_x01664 exit=0 t=62.7s
  [ 816/1753] z04480_y04352_x01536 exit=0 t=65.4s
  [ 879/1753] z04608_y02048_x01792 exit=0 t=24.9s
  [ 887/1753] z04608_y02048_x02816 exit=0 t=22.4s
  [ 888/1753] z04608_y02048_x02944 exit=0 t=17.8s
  [ 847/1753] z04480_y04480_x02816 exit=0 t=36.4s
  [ 889/1753] z04608_y02048_x03072 exit=0 t=18.2s
  [ 886/1753] z04608_y02048_x02688 exit=0 t=26.9s
  [ 838/1753] z04480_y04480_x01664 exit=0 t=57.6s
  [ 840/1753] z04480_y04480_x01920 exit=0 t=54.4s
  [ 898/1753] z04608_y02176_x01664 exit=0 t=5.4s
  [ 890/1753] z04608_y02048_x03200 exit=0 t=23.3s
  [ 823/1753] z04480_y04352_x02432 exit=0 t=83.0s
  [ 884/1753] z04608_y02048_x02432 exit=0 t=36.9s
  [ 824/1753] z04480_y04352_x02560 exit=0 t=84.0s
  [ 891/1753] z04608_y02048_x03328 exit=0 t=24.4s
  [ 858/1753] z04480_y04608_x01664 exit=0 t=46.0s
  [ 842/1753] z04480_y04480_x02176 exit=0 t=62.5s
  [ 893/1753] z04608_y02048_x03584 exit=0 t=18.7s
  [ 841/1753] z04480_y04480_x02048 exit=0 t=63.6s
  [ 845/1753] z04480_y04480_x02560 exit=0 t=57.1s
  [ 894/1753] z04608_y02048_x03712 exit=0 t=19.8s
  [ 892/1753] z04608_y02048_x03456 exit=0 t=22.0s
  [ 896/1753] z04608_y02048_x03968 exit=0 t=19.1s
  [ 885/1753] z04608_y02048_x02560 exit=0 t=45.1s
  [ 825/1753] z04480_y04352_x02688 exit=0 t=93.6s
  [ 829/1753] z04480_y04352_x03200 exit=0 t=85.8s
  [ 846/1753] z04480_y04480_x02688 exit=0 t=61.0s
  [ 895/1753] z04608_y02048_x03840 exit=0 t=25.9s
  [ 830/1753] z04480_y04352_x03328 exit=0 t=88.6s
  [ 897/1753] z04608_y02048_x04096 exit=0 t=24.6s
  [ 918/1753] z04608_y02304_x01536 exit=0 t=4.0s
  [ 843/1753] z04480_y04480_x02304 exit=0 t=70.5s
  [ 905/1753] z04608_y02176_x02560 exit=0 t=25.1s
  [ 906/1753] z04608_y02176_x02688 exit=0 t=24.0s
  [ 883/1753] z04608_y02048_x02304 exit=0 t=66.0s
  [ 909/1753] z04608_y02176_x03072 exit=0 t=24.7s
  [ 907/1753] z04608_y02176_x02816 exit=0 t=26.3s
  [ 826/1753] z04480_y04352_x02816 exit=0 t=113.4s
  [ 904/1753] z04608_y02176_x02432 exit=0 t=36.2s
  [ 908/1753] z04608_y02176_x02944 exit=0 t=31.6s
  [ 910/1753] z04608_y02176_x03200 exit=0 t=31.2s
  [ 915/1753] z04608_y02176_x03840 exit=0 t=29.6s
  [ 917/1753] z04608_y02176_x04096 exit=0 t=29.6s
  [ 912/1753] z04608_y02176_x03456 exit=0 t=35.6s
  [ 914/1753] z04608_y02176_x03712 exit=0 t=35.9s
  [ 913/1753] z04608_y02176_x03584 exit=0 t=36.1s
  [ 837/1753] z04480_y04480_x01536 exit=0 t=112.1s
  [ 911/1753] z04608_y02176_x03328 exit=0 t=38.2s
  [ 916/1753] z04608_y02176_x03968 exit=0 t=35.1s
  [ 903/1753] z04608_y02176_x02304 exit=0 t=52.2s
  [ 925/1753] z04608_y02304_x02432 exit=0 t=28.5s
  [ 931/1753] z04608_y02304_x03200 exit=0 t=17.8s
  [ 926/1753] z04608_y02304_x02560 exit=0 t=27.1s
  [ 924/1753] z04608_y02304_x02304 exit=0 t=31.2s
  [ 932/1753] z04608_y02304_x03328 exit=0 t=19.4s
  [ 930/1753] z04608_y02304_x03072 exit=0 t=23.4s
  [ 933/1753] z04608_y02304_x03456 exit=0 t=23.0s
  [ 828/1753] z04480_y04352_x03072 exit=0 t=141.9s
  [ 934/1753] z04608_y02304_x03584 exit=0 t=24.4s
  [ 927/1753] z04608_y02304_x02688 exit=0 t=36.8s
  [ 929/1753] z04608_y02304_x02944 exit=0 t=32.6s
  [ 938/1753] z04608_y02304_x04096 exit=0 t=24.1s
  [ 935/1753] z04608_y02304_x03712 exit=0 t=29.6s
  [ 844/1753] z04480_y04480_x02432 exit=0 t=125.0s
  [ 928/1753] z04608_y02304_x02816 exit=0 t=40.6s
  [ 937/1753] z04608_y02304_x03968 exit=0 t=33.0s
  [ 936/1753] z04608_y02304_x03840 exit=0 t=37.1s
  [ 881/1753] z04608_y02048_x02048 exit=0 t=123.4s
  [ 952/1753] z04608_y02432_x03200 exit=0 t=17.3s
  [ 950/1753] z04608_y02432_x02944 exit=0 t=18.7s
  [ 939/1753] z04608_y02432_x01536 exit=0 t=42.3s
  [ 953/1753] z04608_y02432_x03328 exit=0 t=15.9s
  [ 921/1753] z04608_y02304_x01920 exit=0 t=72.6s
  [ 954/1753] z04608_y02432_x03456 exit=0 t=16.5s
  [ 951/1753] z04608_y02432_x03072 exit=0 t=21.9s
  [ 827/1753] z04480_y04352_x02944 exit=0 t=169.2s
  [ 899/1753] z04608_y02176_x01792 exit=0 t=100.0s
  [ 949/1753] z04608_y02432_x02816 exit=0 t=30.1s
  [ 955/1753] z04608_y02432_x03584 exit=0 t=22.7s
  [ 956/1753] z04608_y02432_x03712 exit=0 t=22.1s
  [ 946/1753] z04608_y02432_x02432 exit=0 t=40.0s
  [ 948/1753] z04608_y02432_x02688 exit=0 t=37.4s
  [ 959/1753] z04608_y02432_x04096 exit=0 t=17.8s
  [ 958/1753] z04608_y02432_x03968 exit=0 t=21.7s
  [ 957/1753] z04608_y02432_x03840 exit=0 t=24.9s
  [ 947/1753] z04608_y02432_x02560 exit=0 t=42.2s
  [ 941/1753] z04608_y02432_x01792 exit=0 t=50.8s
  [ 945/1753] z04608_y02432_x02304 exit=0 t=51.2s
  [ 882/1753] z04608_y02048_x02176 exit=0 t=152.5s
  [ 969/1753] z04608_y02560_x02688 exit=0 t=18.9s
  [ 967/1753] z04608_y02560_x02432 exit=0 t=26.6s
  [ 970/1753] z04608_y02560_x02816 exit=0 t=23.8s
  [ 900/1753] z04608_y02176_x01920 exit=0 t=128.0s
  [ 968/1753] z04608_y02560_x02560 exit=0 t=27.5s
  [ 920/1753] z04608_y02304_x01792 exit=0 t=112.0s
  [ 971/1753] z04608_y02560_x02944 exit=0 t=31.0s
  [ 976/1753] z04608_y02560_x03584 exit=0 t=27.4s
  [ 966/1753] z04608_y02560_x02304 exit=0 t=44.3s
  [ 980/1753] z04608_y02560_x04096 exit=0 t=19.8s
  [ 972/1753] z04608_y02560_x03072 exit=0 t=33.4s
  [ 977/1753] z04608_y02560_x03712 exit=0 t=31.4s
  [ 975/1753] z04608_y02560_x03456 exit=0 t=31.8s
  [ 978/1753] z04608_y02560_x03840 exit=0 t=27.9s
  [ 919/1753] z04608_y02304_x01664 exit=0 t=125.4s
  [ 973/1753] z04608_y02560_x03200 exit=0 t=35.1s
  [ 974/1753] z04608_y02560_x03328 exit=0 t=34.7s
  [ 979/1753] z04608_y02560_x03968 exit=0 t=27.2s
  [ 961/1753] z04608_y02560_x01664 exit=0 t=53.8s
  [ 902/1753] z04608_y02176_x02176 exit=0 t=147.2s
  [ 940/1753] z04608_y02432_x01664 exit=0 t=102.7s
  [ 995/1753] z04608_y02688_x03328 exit=0 t=17.1s
  [ 996/1753] z04608_y02688_x03456 exit=0 t=17.8s
  [ 987/1753] z04608_y02688_x02304 exit=0 t=27.0s
  [ 982/1753] z04608_y02688_x01664 exit=0 t=38.5s
  [ 994/1753] z04608_y02688_x03200 exit=0 t=23.4s
  [ 922/1753] z04608_y02304_x02048 exit=0 t=144.6s
  [ 997/1753] z04608_y02688_x03584 exit=0 t=22.8s
  [ 960/1753] z04608_y02560_x01536 exit=0 t=80.5s
  [ 993/1753] z04608_y02688_x03072 exit=0 t=32.9s
  [ 998/1753] z04608_y02688_x03712 exit=0 t=29.1s
  [ 992/1753] z04608_y02688_x02944 exit=0 t=34.1s
  [ 942/1753] z04608_y02432_x01920 exit=0 t=119.0s
  [ 988/1753] z04608_y02688_x02432 exit=0 t=39.2s
  [ 991/1753] z04608_y02688_x02816 exit=0 t=39.2s
  [1001/1753] z04608_y02688_x04096 exit=0 t=21.0s
  [ 962/1753] z04608_y02560_x01792 exit=0 t=89.7s
  [ 999/1753] z04608_y02688_x03840 exit=0 t=34.6s
  [ 989/1753] z04608_y02688_x02560 exit=0 t=45.4s
  [ 990/1753] z04608_y02688_x02688 exit=0 t=46.5s
  [ 981/1753] z04608_y02688_x01536 exit=0 t=65.2s
  [1000/1753] z04608_y02688_x03968 exit=0 t=32.6s
  [ 943/1753] z04608_y02432_x02048 exit=0 t=130.3s
  [1017/1753] z04608_y02816_x03456 exit=0 t=12.1s
  [ 944/1753] z04608_y02432_x02176 exit=0 t=136.7s
  [1014/1753] z04608_y02816_x03072 exit=0 t=17.8s
  [1013/1753] z04608_y02816_x02944 exit=0 t=18.8s
  [1018/1753] z04608_y02816_x03584 exit=0 t=12.6s
  [ 985/1753] z04608_y02688_x02048 exit=0 t=69.1s
  [1016/1753] z04608_y02816_x03328 exit=0 t=17.1s
  [1015/1753] z04608_y02816_x03200 exit=0 t=22.4s
  [1011/1753] z04608_y02816_x02688 exit=0 t=30.6s
  [ 963/1753] z04608_y02560_x01920 exit=0 t=114.6s
  [1012/1753] z04608_y02816_x02816 exit=0 t=30.8s
  [1010/1753] z04608_y02816_x02560 exit=0 t=35.0s
  [1019/1753] z04608_y02816_x03712 exit=0 t=24.1s
  [1022/1753] z04608_y02816_x04096 exit=0 t=20.9s
  [1003/1753] z04608_y02816_x01664 exit=0 t=51.5s
  [1021/1753] z04608_y02816_x03968 exit=0 t=27.6s
  [ 983/1753] z04608_y02688_x01792 exit=0 t=91.3s
  [1020/1753] z04608_y02816_x03840 exit=0 t=29.8s
  [1009/1753] z04608_y02816_x02432 exit=0 t=45.9s
  [ 986/1753] z04608_y02688_x02176 exit=0 t=85.3s
  [ 964/1753] z04608_y02560_x02048 exit=0 t=127.9s
  [1002/1753] z04608_y02816_x01536 exit=0 t=60.5s
  [1029/1753] z04608_y02944_x02304 exit=0 t=22.9s
  [1008/1753] z04608_y02816_x02304 exit=0 t=58.8s
  [1031/1753] z04608_y02944_x02560 exit=0 t=24.6s
  [1023/1753] z04608_y02944_x01536 exit=0 t=36.7s
  [1030/1753] z04608_y02944_x02432 exit=0 t=31.2s
  [1006/1753] z04608_y02816_x02048 exit=0 t=69.2s
  [1041/1753] z04608_y02944_x03840 exit=0 t=16.5s
  [1042/1753] z04608_y02944_x03968 exit=0 t=18.2s
  [1035/1753] z04608_y02944_x03072 exit=0 t=27.7s
  [1040/1753] z04608_y02944_x03712 exit=0 t=20.4s
  [ 923/1753] z04608_y02304_x02176 exit=0 t=211.0s
  [1043/1753] z04608_y02944_x04096 exit=0 t=19.5s
  [1037/1753] z04608_y02944_x03328 exit=0 t=26.3s
  [1036/1753] z04608_y02944_x03200 exit=0 t=29.8s
  [1032/1753] z04608_y02944_x02688 exit=0 t=35.1s
  [1033/1753] z04608_y02944_x02816 exit=0 t=35.2s
  [ 901/1753] z04608_y02176_x02048 exit=0 t=244.9s
  [1038/1753] z04608_y02944_x03456 exit=0 t=28.3s
  [1039/1753] z04608_y02944_x03584 exit=0 t=28.8s
  [1034/1753] z04608_y02944_x02944 exit=0 t=38.1s
  [1050/1753] z04608_y03072_x02304 exit=0 t=16.8s
  [1056/1753] z04608_y03072_x03072 exit=0 t=13.6s
  [1057/1753] z04608_y03072_x03200 exit=0 t=13.5s
  [1063/1753] z04608_y03072_x03968 exit=0 t=9.9s
  [1059/1753] z04608_y03072_x03456 exit=0 t=14.1s
  [1051/1753] z04608_y03072_x02432 exit=0 t=21.0s
  [1058/1753] z04608_y03072_x03328 exit=0 t=16.7s
  [1062/1753] z04608_y03072_x03840 exit=0 t=14.1s
  [1028/1753] z04608_y02944_x02176 exit=0 t=61.3s
  [1060/1753] z04608_y03072_x03584 exit=0 t=17.7s
  [1055/1753] z04608_y03072_x02944 exit=0 t=25.4s
  [1024/1753] z04608_y02944_x01664 exit=0 t=67.7s
  [1061/1753] z04608_y03072_x03712 exit=0 t=21.2s
  [ 984/1753] z04608_y02688_x01920 exit=0 t=141.8s
  [1007/1753] z04608_y02816_x02176 exit=0 t=104.0s
  [1071/1753] z04608_y03200_x02304 exit=0 t=18.9s
  [1044/1753] z04608_y03072_x01536 exit=0 t=55.8s
  [1079/1753] z04608_y03200_x03328 exit=0 t=7.5s
  [1052/1753] z04608_y03072_x02560 exit=0 t=40.8s
  [1053/1753] z04608_y03072_x02688 exit=0 t=40.7s
  [1054/1753] z04608_y03072_x02816 exit=0 t=41.7s
  [1078/1753] z04608_y03200_x03200 exit=0 t=12.7s
  [1080/1753] z04608_y03200_x03456 exit=0 t=6.1s
  [1005/1753] z04608_y02816_x01920 exit=0 t=119.1s
  [1073/1753] z04608_y03200_x02560 exit=0 t=26.0s
  [1045/1753] z04608_y03072_x01664 exit=0 t=64.4s
  [1076/1753] z04608_y03200_x02944 exit=0 t=22.8s
  [1077/1753] z04608_y03200_x03072 exit=0 t=22.1s
  [1048/1753] z04608_y03072_x02048 exit=0 t=57.6s
  [1083/1753] z04608_y03200_x03840 exit=0 t=10.2s
  [1084/1753] z04608_y03200_x03968 exit=0 t=11.2s
  [1047/1753] z04608_y03072_x01920 exit=0 t=60.6s
  [1072/1753] z04608_y03200_x02432 exit=0 t=32.5s
  [1082/1753] z04608_y03200_x03712 exit=0 t=15.4s
  [1064/1753] z04608_y03072_x04096 exit=0 t=46.1s
  [1074/1753] z04608_y03200_x02688 exit=0 t=33.9s
  [1049/1753] z04608_y03072_x02176 exit=0 t=61.1s
  [1081/1753] z04608_y03200_x03584 exit=0 t=23.9s
  [1101/1753] z04608_y03328_x03456 exit=0 t=5.8s
  [1096/1753] z04608_y03328_x02816 exit=0 t=11.9s
  [1093/1753] z04608_y03328_x02432 exit=0 t=14.6s
  [1070/1753] z04608_y03200_x02176 exit=0 t=46.3s
  [1097/1753] z04608_y03328_x02944 exit=0 t=12.1s
  [1069/1753] z04608_y03200_x02048 exit=0 t=48.4s
  [1068/1753] z04608_y03200_x01920 exit=0 t=48.9s
  [1025/1753] z04608_y02944_x01792 exit=0 t=111.4s
  [1099/1753] z04608_y03328_x03200 exit=0 t=16.0s
  [1100/1753] z04608_y03328_x03328 exit=0 t=15.0s
  [1098/1753] z04608_y03328_x03072 exit=0 t=17.5s
  [1046/1753] z04608_y03072_x01792 exit=0 t=81.3s
  [1026/1753] z04608_y02944_x01920 exit=0 t=114.0s
  [1094/1753] z04608_y03328_x02560 exit=0 t=23.4s
  [1095/1753] z04608_y03328_x02688 exit=0 t=22.7s
  [1092/1753] z04608_y03328_x02304 exit=0 t=25.8s
  [1103/1753] z04608_y03328_x03712 exit=0 t=15.6s
  [1091/1753] z04608_y03328_x02176 exit=0 t=30.3s
  [1075/1753] z04608_y03200_x02816 exit=0 t=53.1s
  [1085/1753] z04608_y03200_x04096 exit=0 t=40.3s
  [1114/1753] z04608_y03456_x02432 exit=0 t=11.1s
  [1088/1753] z04608_y03328_x01792 exit=0 t=37.8s
  [1102/1753] z04608_y03328_x03584 exit=0 t=22.2s
  [1105/1753] z04608_y03328_x03968 exit=0 t=20.9s
  [1113/1753] z04608_y03456_x02304 exit=0 t=14.0s
  [1104/1753] z04608_y03328_x03840 exit=0 t=24.3s
  [1116/1753] z04608_y03456_x02688 exit=0 t=14.1s
  [1121/1753] z04608_y03456_x03328 exit=0 t=9.3s
  [ 965/1753] z04608_y02560_x02176 exit=0 t=236.0s
  [1067/1753] z04608_y03200_x01792 exit=0 t=76.0s
  [1115/1753] z04608_y03456_x02560 exit=0 t=20.4s
  [1089/1753] z04608_y03328_x01920 exit=0 t=47.0s
  [1117/1753] z04608_y03456_x02816 exit=0 t=20.0s
  [1122/1753] z04608_y03456_x03456 exit=0 t=12.4s
  [1027/1753] z04608_y02944_x02048 exit=0 t=136.3s
  [1065/1753] z04608_y03200_x01536 exit=0 t=83.7s
  [1120/1753] z04608_y03456_x03200 exit=0 t=18.1s
  [1066/1753] z04608_y03200_x01664 exit=0 t=84.6s
  [1134/1753] z04608_y03584_x02304 exit=0 t=6.6s
  [1135/1753] z04608_y03584_x02432 exit=0 t=7.9s
  [1124/1753] z04608_y03456_x03712 exit=0 t=19.4s
  [1111/1753] z04608_y03456_x02048 exit=0 t=33.6s
  [1136/1753] z04608_y03584_x02560 exit=0 t=10.6s
  [1125/1753] z04608_y03456_x03840 exit=0 t=21.1s
  [1123/1753] z04608_y03456_x03584 exit=0 t=22.9s
  [1119/1753] z04608_y03456_x03072 exit=0 t=28.7s
  [1118/1753] z04608_y03456_x02944 exit=0 t=31.9s
  [1106/1753] z04608_y03328_x04096 exit=0 t=47.0s
  [1112/1753] z04608_y03456_x02176 exit=0 t=40.8s
  [1126/1753] z04608_y03456_x03968 exit=0 t=27.8s
  [1141/1753] z04608_y03584_x03200 exit=0 t=12.8s
  [1133/1753] z04608_y03584_x02176 exit=0 t=20.8s
  [1145/1753] z04608_y03584_x03712 exit=0 t=14.2s
  [1137/1753] z04608_y03584_x02688 exit=0 t=24.5s
  [1132/1753] z04608_y03584_x02048 exit=0 t=29.1s
  [1140/1753] z04608_y03584_x03072 exit=0 t=22.0s
  [1142/1753] z04608_y03584_x03328 exit=0 t=20.1s
  [1148/1753] z04608_y03584_x04096 exit=0 t=18.0s
  [1087/1753] z04608_y03328_x01664 exit=0 t=80.7s
  [1138/1753] z04608_y03584_x02816 exit=0 t=30.2s
  [1143/1753] z04608_y03584_x03456 exit=0 t=24.0s
  [1146/1753] z04608_y03584_x03840 exit=0 t=21.5s
  [1086/1753] z04608_y03328_x01536 exit=0 t=83.8s
  [1157/1753] z04608_y03712_x02560 exit=0 t=6.7s
  [1139/1753] z04608_y03584_x02944 exit=0 t=31.0s
  [1127/1753] z04608_y03456_x04096 exit=0 t=44.6s
  [1109/1753] z04608_y03456_x01792 exit=0 t=64.1s
  [1090/1753] z04608_y03328_x02048 exit=0 t=83.7s
  [1153/1753] z04608_y03712_x02048 exit=0 t=18.2s
  [1144/1753] z04608_y03584_x03584 exit=0 t=27.6s
  [1155/1753] z04608_y03712_x02304 exit=0 t=14.2s
  [1154/1753] z04608_y03712_x02176 exit=0 t=20.4s
  [1158/1753] z04608_y03712_x02688 exit=0 t=14.0s
  [1156/1753] z04608_y03712_x02432 exit=0 t=16.6s
  [1165/1753] z04608_y03712_x03584 exit=0 t=14.1s
  [1169/1753] z04608_y03712_x04096 exit=0 t=12.8s
  [1107/1753] z04608_y03456_x01536 exit=0 t=77.9s
  [1150/1753] z04608_y03712_x01664 exit=0 t=33.0s
  [1159/1753] z04608_y03712_x02816 exit=0 t=23.3s
  [1152/1753] z04608_y03712_x01920 exit=0 t=33.3s
  [1166/1753] z04608_y03712_x03712 exit=0 t=21.5s
  [ 880/1753] z04608_y02048_x01920 exit=0 t=425.1s
  [1147/1753] z04608_y03584_x03968 exit=0 t=45.5s
  [1170/1753] z04608_y03840_x01536 exit=0 t=21.9s
  [1160/1753] z04608_y03712_x02944 exit=0 t=28.4s
  [1164/1753] z04608_y03712_x03456 exit=0 t=27.1s
  [1110/1753] z04608_y03456_x01920 exit=0 t=85.6s
  [1130/1753] z04608_y03584_x01792 exit=0 t=67.0s
  [1161/1753] z04608_y03712_x03072 exit=0 t=31.4s
  [1168/1753] z04608_y03712_x03968 exit=0 t=26.7s
  [1173/1753] z04608_y03840_x01920 exit=0 t=24.7s
  [1174/1753] z04608_y03840_x02048 exit=0 t=24.3s
  [1129/1753] z04608_y03584_x01664 exit=0 t=71.3s
  [1167/1753] z04608_y03712_x03840 exit=0 t=32.7s
  [1149/1753] z04608_y03712_x01536 exit=0 t=54.4s
  [1176/1753] z04608_y03840_x02304 exit=0 t=24.7s
  [1171/1753] z04608_y03840_x01664 exit=0 t=30.4s
  [1177/1753] z04608_y03840_x02432 exit=0 t=22.0s
  [1190/1753] z04608_y03840_x04096 exit=0 t=9.1s
  [1162/1753] z04608_y03712_x03200 exit=0 t=39.8s
  [1172/1753] z04608_y03840_x01792 exit=0 t=36.1s
  [1189/1753] z04608_y03840_x03968 exit=0 t=14.7s
  [1108/1753] z04608_y03456_x01664 exit=0 t=104.6s
  [1182/1753] z04608_y03840_x03072 exit=0 t=24.1s
  [1175/1753] z04608_y03840_x02176 exit=0 t=35.4s
  [1184/1753] z04608_y03840_x03328 exit=0 t=23.7s
  [1183/1753] z04608_y03840_x03200 exit=0 t=23.8s
  [1163/1753] z04608_y03712_x03328 exit=0 t=47.3s
  [1181/1753] z04608_y03840_x02944 exit=0 t=30.6s
  [1180/1753] z04608_y03840_x02816 exit=0 t=33.4s
  [1178/1753] z04608_y03840_x02560 exit=0 t=35.1s
  [1187/1753] z04608_y03840_x03712 exit=0 t=27.1s
  [1128/1753] z04608_y03584_x01536 exit=0 t=92.5s
  [1198/1753] z04608_y03968_x02432 exit=0 t=20.3s
  [1185/1753] z04608_y03840_x03456 exit=0 t=32.0s
  [1210/1753] z04608_y03968_x03968 exit=0 t=12.2s
  [1191/1753] z04608_y03968_x01536 exit=0 t=31.1s
  [1211/1753] z04608_y03968_x04096 exit=0 t=13.5s
  [1197/1753] z04608_y03968_x02304 exit=0 t=28.3s
  [1204/1753] z04608_y03968_x03200 exit=0 t=19.7s
  [1206/1753] z04608_y03968_x03456 exit=0 t=19.4s
  [1192/1753] z04608_y03968_x01664 exit=0 t=34.5s
  [1193/1753] z04608_y03968_x01792 exit=0 t=34.1s
  [1203/1753] z04608_y03968_x03072 exit=0 t=24.5s
  [1186/1753] z04608_y03840_x03584 exit=0 t=39.8s
  [1205/1753] z04608_y03968_x03328 exit=0 t=22.2s
  [1151/1753] z04608_y03712_x01792 exit=0 t=82.7s
  [1188/1753] z04608_y03840_x03840 exit=0 t=40.8s
  [1209/1753] z04608_y03968_x03840 exit=0 t=22.1s
  [1201/1753] z04608_y03968_x02816 exit=0 t=30.6s
  [1131/1753] z04608_y03584_x01920 exit=0 t=105.5s
  [1207/1753] z04608_y03968_x03584 exit=0 t=24.6s
  [1202/1753] z04608_y03968_x02944 exit=0 t=32.3s
  [1199/1753] z04608_y03968_x02560 exit=0 t=36.9s
  [1200/1753] z04608_y03968_x02688 exit=0 t=35.8s
  [1208/1753] z04608_y03968_x03712 exit=0 t=27.4s
  [1179/1753] z04608_y03840_x02688 exit=0 t=59.0s
  [1195/1753] z04608_y03968_x02048 exit=0 t=44.8s
  [1196/1753] z04608_y03968_x02176 exit=0 t=46.4s
  [1232/1753] z04608_y04096_x04096 exit=0 t=13.3s
  [1004/1753] z04608_y02816_x01792 exit=0 t=284.4s
  [1230/1753] z04608_y04096_x03840 exit=0 t=17.9s
  [1231/1753] z04608_y04096_x03968 exit=0 t=19.7s
  [1215/1753] z04608_y04096_x01920 exit=0 t=34.9s
  [1223/1753] z04608_y04096_x02944 exit=0 t=25.4s
  [1214/1753] z04608_y04096_x01792 exit=0 t=36.3s
  [1227/1753] z04608_y04096_x03456 exit=0 t=23.8s
  [1226/1753] z04608_y04096_x03328 exit=0 t=24.8s
  [1233/1753] z04608_y04224_x01536 exit=0 t=22.2s
  [1217/1753] z04608_y04096_x02176 exit=0 t=37.6s
  [1228/1753] z04608_y04096_x03584 exit=0 t=28.2s
  [1218/1753] z04608_y04096_x02304 exit=0 t=35.9s
  [1229/1753] z04608_y04096_x03712 exit=0 t=28.6s
  [1225/1753] z04608_y04096_x03200 exit=0 t=32.4s
  [1194/1753] z04608_y03968_x01920 exit=0 t=66.6s
  [1224/1753] z04608_y04096_x03072 exit=0 t=34.7s
  [1212/1753] z04608_y04096_x01536 exit=0 t=49.1s
  [1216/1753] z04608_y04096_x02048 exit=0 t=48.4s
  [1213/1753] z04608_y04096_x01664 exit=0 t=52.4s
  [1248/1753] z04608_y04224_x03456 exit=0 t=15.1s
  [1250/1753] z04608_y04224_x03712 exit=0 t=14.5s
  [1249/1753] z04608_y04224_x03584 exit=0 t=15.9s
  [1238/1753] z04608_y04224_x02176 exit=0 t=32.3s
  [1219/1753] z04608_y04096_x02432 exit=0 t=45.0s
  [1239/1753] z04608_y04224_x02304 exit=0 t=31.9s
  [1240/1753] z04608_y04224_x02432 exit=0 t=30.7s
  [1247/1753] z04608_y04224_x03328 exit=0 t=19.8s
  [1221/1753] z04608_y04096_x02688 exit=0 t=48.2s
  [1237/1753] z04608_y04224_x02048 exit=0 t=38.7s
  [1234/1753] z04608_y04224_x01664 exit=0 t=43.3s
  [1241/1753] z04608_y04224_x02560 exit=0 t=33.4s
  [1244/1753] z04608_y04224_x02944 exit=0 t=29.1s
  [1251/1753] z04608_y04224_x03840 exit=0 t=24.2s
  [1246/1753] z04608_y04224_x03200 exit=0 t=27.8s
  [1243/1753] z04608_y04224_x02816 exit=0 t=33.9s
  [1245/1753] z04608_y04224_x03072 exit=0 t=28.7s
  [1252/1753] z04608_y04224_x03968 exit=0 t=23.6s
  [1242/1753] z04608_y04224_x02688 exit=0 t=37.3s
  [1222/1753] z04608_y04096_x02816 exit=0 t=56.8s
  [1253/1753] z04608_y04224_x04096 exit=0 t=25.7s
  [1236/1753] z04608_y04224_x01920 exit=0 t=48.1s
  [1220/1753] z04608_y04096_x02560 exit=0 t=61.0s
  [1269/1753] z04608_y04352_x03456 exit=0 t=19.2s
  [1270/1753] z04608_y04352_x03584 exit=0 t=21.2s
  [1256/1753] z04608_y04352_x01792 exit=0 t=34.1s
  [1271/1753] z04608_y04352_x03712 exit=0 t=21.4s
  [1254/1753] z04608_y04352_x01536 exit=0 t=37.0s
  [reject] z04608_y04480_x03328 (empty prediction -- no meshable component)
  [1288/1753] z04608_y04480_x03200 exit=0 t=0.8s
  [1290/1753] z04608_y04480_x03456 exit=0 t=1.2s
  [1274/1753] z04608_y04352_x04096 exit=0 t=20.5s
  [1291/1753] z04608_y04480_x03584 exit=0 t=2.5s
  [1292/1753] z04608_y04480_x03712 exit=0 t=3.2s
  [1295/1753] z04608_y04480_x04096 exit=0 t=1.1s
  [1272/1753] z04608_y04352_x03840 exit=0 t=26.6s
  [1296/1753] z04608_y04608_x01536 exit=0 t=1.9s
  [1257/1753] z04608_y04352_x01920 exit=0 t=41.4s
  [1260/1753] z04608_y04352_x02304 exit=0 t=40.0s
  [1273/1753] z04608_y04352_x03968 exit=0 t=30.4s
  [1294/1753] z04608_y04480_x03968 exit=0 t=9.1s
  [1293/1753] z04608_y04480_x03840 exit=0 t=9.3s
  [1262/1753] z04608_y04352_x02560 exit=0 t=41.6s
  [1287/1753] z04608_y04480_x03072 exit=0 t=14.8s
  [1255/1753] z04608_y04352_x01664 exit=0 t=50.7s
  [1268/1753] z04608_y04352_x03328 exit=0 t=41.1s
  [1307/1753] z04608_y04608_x02944 exit=0 t=2.9s
  [reject] z04608_y04608_x03200 (garbage solid-slab prediction)
  [reject] z04608_y04608_x03328 (garbage solid-slab prediction)
  [reject] z04608_y04608_x03456 (garbage solid-slab prediction)
  [reject] z04608_y04608_x03584 (garbage solid-slab prediction)
  [reject] z04608_y04608_x03712 (garbage solid-slab prediction)
  [reject] z04608_y04608_x03840 (garbage solid-slab prediction)
  [reject] z04608_y04608_x03968 (garbage solid-slab prediction)
  [reject] z04608_y04608_x04096 (garbage solid-slab prediction)
  [1316/1753] z04736_y02048_x01664 exit=0 t=0.7s
  [1306/1753] z04608_y04608_x02816 exit=0 t=9.2s
  [1299/1753] z04608_y04608_x01920 exit=0 t=16.4s
  [1300/1753] z04608_y04608_x02048 exit=0 t=13.6s
  [1301/1753] z04608_y04608_x02176 exit=0 t=13.0s
  [1305/1753] z04608_y04608_x02688 exit=0 t=11.9s
  [1302/1753] z04608_y04608_x02304 exit=0 t=14.5s
  [1281/1753] z04608_y04480_x02304 exit=0 t=41.1s
  [1235/1753] z04608_y04224_x01792 exit=0 t=92.0s
  [1265/1753] z04608_y04352_x02944 exit=0 t=58.8s
  [1259/1753] z04608_y04352_x02176 exit=0 t=65.7s
  [1304/1753] z04608_y04608_x02560 exit=0 t=20.6s
  [1263/1753] z04608_y04352_x02688 exit=0 t=62.0s
  [1276/1753] z04608_y04480_x01664 exit=0 t=51.4s
  [1283/1753] z04608_y04480_x02560 exit=0 t=48.3s
  [1303/1753] z04608_y04608_x02432 exit=0 t=27.0s
  [1282/1753] z04608_y04480_x02432 exit=0 t=52.0s
  [1275/1753] z04608_y04480_x01536 exit=0 t=57.4s
  [1280/1753] z04608_y04480_x02176 exit=0 t=54.2s
  [1279/1753] z04608_y04480_x02048 exit=0 t=56.5s
  [1297/1753] z04608_y04608_x01664 exit=0 t=36.5s
  [1327/1753] z04736_y02048_x03072 exit=0 t=10.0s
  [1326/1753] z04736_y02048_x02944 exit=0 t=11.9s
  [1328/1753] z04736_y02048_x03200 exit=0 t=10.6s
  [1261/1753] z04608_y04352_x02432 exit=0 t=73.7s
  [1266/1753] z04608_y04352_x03072 exit=0 t=72.0s
  [1286/1753] z04608_y04480_x02944 exit=0 t=45.9s
  [1331/1753] z04736_y02048_x03584 exit=0 t=9.7s
  [1325/1753] z04736_y02048_x02816 exit=0 t=15.9s
  [1330/1753] z04736_y02048_x03456 exit=0 t=13.1s
  [1329/1753] z04736_y02048_x03328 exit=0 t=14.1s
  [1258/1753] z04608_y04352_x02048 exit=0 t=82.0s
  [1284/1753] z04608_y04480_x02688 exit=0 t=59.7s
  [1277/1753] z04608_y04480_x01792 exit=0 t=67.6s
  [1332/1753] z04736_y02048_x03712 exit=0 t=16.3s
  [1336/1753] z04736_y02176_x01664 exit=0 t=14.8s
  [1267/1753] z04608_y04352_x03200 exit=0 t=81.8s
  [1333/1753] z04736_y02048_x03840 exit=0 t=19.2s
  [1264/1753] z04608_y04352_x02816 exit=0 t=90.0s
  [1321/1753] z04736_y02048_x02304 exit=0 t=38.6s
  [1322/1753] z04736_y02048_x02432 exit=0 t=38.6s
  [1324/1753] z04736_y02048_x02688 exit=0 t=37.4s
  [1350/1753] z04736_y02176_x03456 exit=0 t=14.4s
  [1345/1753] z04736_y02176_x02816 exit=0 t=19.7s
  [1346/1753] z04736_y02176_x02944 exit=0 t=18.9s
  [1343/1753] z04736_y02176_x02560 exit=0 t=23.2s
  [1298/1753] z04608_y04608_x01792 exit=0 t=61.7s
  [1344/1753] z04736_y02176_x02688 exit=0 t=23.5s
  [1335/1753] z04736_y02048_x04096 exit=0 t=30.1s
  [1351/1753] z04736_y02176_x03584 exit=0 t=15.7s
  [1353/1753] z04736_y02176_x03840 exit=0 t=14.7s
  [1334/1753] z04736_y02048_x03968 exit=0 t=32.5s
  [1352/1753] z04736_y02176_x03712 exit=0 t=16.5s
  [1349/1753] z04736_y02176_x03328 exit=0 t=22.7s
  [1347/1753] z04736_y02176_x03072 exit=0 t=25.3s
  [1323/1753] z04736_y02048_x02560 exit=0 t=47.5s
  [1354/1753] z04736_y02176_x03968 exit=0 t=18.5s
  [1341/1753] z04736_y02176_x02304 exit=0 t=34.1s
  [1278/1753] z04608_y04480_x01920 exit=0 t=95.6s
  [1348/1753] z04736_y02176_x03200 exit=0 t=33.1s
  [1356/1753] z04736_y02304_x01536 exit=0 t=25.9s
  [1355/1753] z04736_y02176_x04096 exit=0 t=27.5s
  [1362/1753] z04736_y02304_x02304 exit=0 t=22.4s
  [1370/1753] z04736_y02304_x03328 exit=0 t=21.3s
  [1371/1753] z04736_y02304_x03456 exit=0 t=21.6s
  [1363/1753] z04736_y02304_x02432 exit=0 t=27.0s
  [1285/1753] z04608_y04480_x02816 exit=0 t=102.2s
  [1368/1753] z04736_y02304_x03072 exit=0 t=25.0s
  [1342/1753] z04736_y02176_x02432 exit=0 t=52.8s
  [1367/1753] z04736_y02304_x02944 exit=0 t=26.9s
  [1372/1753] z04736_y02304_x03584 exit=0 t=25.2s
  [1317/1753] z04736_y02048_x01792 exit=0 t=78.9s
  [1366/1753] z04736_y02304_x02816 exit=0 t=29.2s
  [1369/1753] z04736_y02304_x03200 exit=0 t=28.4s
  [1364/1753] z04736_y02304_x02560 exit=0 t=34.3s
  [1376/1753] z04736_y02304_x04096 exit=0 t=21.8s
  [1340/1753] z04736_y02176_x02176 exit=0 t=61.8s
  [1365/1753] z04736_y02304_x02688 exit=0 t=37.6s
  [1373/1753] z04736_y02304_x03712 exit=0 t=31.6s
  [1375/1753] z04736_y02304_x03968 exit=0 t=29.8s
  [1374/1753] z04736_y02304_x03840 exit=0 t=33.8s
  [1320/1753] z04736_y02048_x02176 exit=0 t=90.0s
  [1392/1753] z04736_y02432_x03456 exit=0 t=16.9s
  [1391/1753] z04736_y02432_x03328 exit=0 t=17.1s
  [1386/1753] z04736_y02432_x02688 exit=0 t=25.2s
  [1393/1753] z04736_y02432_x03584 exit=0 t=17.5s
  [1385/1753] z04736_y02432_x02560 exit=0 t=26.3s
  [1388/1753] z04736_y02432_x02944 exit=0 t=25.0s
  [1390/1753] z04736_y02432_x03200 exit=0 t=26.5s
  [1384/1753] z04736_y02432_x02432 exit=0 t=31.9s
  [1387/1753] z04736_y02432_x02816 exit=0 t=30.7s
  [1394/1753] z04736_y02432_x03712 exit=0 t=25.2s
  [1383/1753] z04736_y02432_x02304 exit=0 t=36.2s
  [1396/1753] z04736_y02432_x03968 exit=0 t=25.4s
  [1395/1753] z04736_y02432_x03840 exit=0 t=26.5s
  [1397/1753] z04736_y02432_x04096 exit=0 t=22.5s
  [1389/1753] z04736_y02432_x03072 exit=0 t=35.3s
  [1382/1753] z04736_y02432_x02176 exit=0 t=39.9s
  [1361/1753] z04736_y02304_x02176 exit=0 t=75.7s
  [1319/1753] z04736_y02048_x02048 exit=0 t=119.6s
  [1408/1753] z04736_y02560_x02816 exit=0 t=11.2s
  [1360/1753] z04736_y02304_x02048 exit=0 t=78.7s
  [1338/1753] z04736_y02176_x01920 exit=0 t=102.0s
  [1409/1753] z04736_y02560_x02944 exit=0 t=15.0s
  [1412/1753] z04736_y02560_x03328 exit=0 t=14.8s
  [1413/1753] z04736_y02560_x03456 exit=0 t=15.0s
  [1358/1753] z04736_y02304_x01792 exit=0 t=87.3s
  [1411/1753] z04736_y02560_x03200 exit=0 t=18.7s
  [1403/1753] z04736_y02560_x02176 exit=0 t=30.0s
  [1404/1753] z04736_y02560_x02304 exit=0 t=30.3s
  [1414/1753] z04736_y02560_x03584 exit=0 t=20.6s
  [1410/1753] z04736_y02560_x03072 exit=0 t=22.5s
  [1405/1753] z04736_y02560_x02432 exit=0 t=32.0s
  [1407/1753] z04736_y02560_x02688 exit=0 t=30.7s
  [1415/1753] z04736_y02560_x03712 exit=0 t=19.6s
  [1378/1753] z04736_y02432_x01664 exit=0 t=74.1s
  [1418/1753] z04736_y02560_x04096 exit=0 t=19.6s
  [1400/1753] z04736_y02560_x01792 exit=0 t=45.9s
  [1406/1753] z04736_y02560_x02560 exit=0 t=39.5s
  [1416/1753] z04736_y02560_x03840 exit=0 t=28.7s
  [1417/1753] z04736_y02560_x03968 exit=0 t=29.4s
  [1379/1753] z04736_y02432_x01792 exit=0 t=84.7s
  [1399/1753] z04736_y02560_x01664 exit=0 t=57.1s
  [1424/1753] z04736_y02688_x02176 exit=0 t=27.4s
  [1337/1753] z04736_y02176_x01792 exit=0 t=138.7s
  [1359/1753] z04736_y02304_x01920 exit=0 t=116.3s
  [1380/1753] z04736_y02432_x01920 exit=0 t=88.6s
  [1427/1753] z04736_y02688_x02560 exit=0 t=28.5s
  [1433/1753] z04736_y02688_x03328 exit=0 t=22.8s
  [1434/1753] z04736_y02688_x03456 exit=0 t=21.4s
  [1339/1753] z04736_y02176_x02048 exit=0 t=145.4s
  [1435/1753] z04736_y02688_x03584 exit=0 t=25.9s
  [1426/1753] z04736_y02688_x02432 exit=0 t=40.3s
  [1420/1753] z04736_y02688_x01664 exit=0 t=46.5s
  [1428/1753] z04736_y02688_x02688 exit=0 t=44.5s
  [1432/1753] z04736_y02688_x03200 exit=0 t=37.7s
  [1425/1753] z04736_y02688_x02304 exit=0 t=54.9s
  [1438/1753] z04736_y02688_x03968 exit=0 t=36.0s
  [1429/1753] z04736_y02688_x02816 exit=0 t=54.0s
  [1436/1753] z04736_y02688_x03712 exit=0 t=43.4s
  [1437/1753] z04736_y02688_x03840 exit=0 t=41.4s
  [1431/1753] z04736_y02688_x03072 exit=0 t=55.2s
  [1421/1753] z04736_y02688_x01792 exit=0 t=68.0s
  [1440/1753] z04736_y02816_x01536 exit=0 t=37.9s
  [1452/1753] z04736_y02816_x03072 exit=0 t=17.8s
  [1402/1753] z04736_y02560_x02048 exit=0 t=97.7s
  [1439/1753] z04736_y02688_x04096 exit=0 t=44.6s
  [1453/1753] z04736_y02816_x03200 exit=0 t=14.1s
  [1423/1753] z04736_y02688_x02048 exit=0 t=71.0s
  [1454/1753] z04736_y02816_x03328 exit=0 t=14.6s
  [1377/1753] z04736_y02432_x01536 exit=0 t=138.3s
  [1401/1753] z04736_y02560_x01920 exit=0 t=104.3s
  [1430/1753] z04736_y02688_x02944 exit=0 t=67.4s
  [1455/1753] z04736_y02816_x03456 exit=0 t=15.0s
  [1357/1753] z04736_y02304_x01664 exit=0 t=164.1s
  [1441/1753] z04736_y02816_x01664 exit=0 t=48.0s
  [1445/1753] z04736_y02816_x02176 exit=0 t=42.2s
  [1444/1753] z04736_y02816_x02048 exit=0 t=46.6s
  [1456/1753] z04736_y02816_x03584 exit=0 t=16.8s
  [1451/1753] z04736_y02816_x02944 exit=0 t=31.9s
  [1381/1753] z04736_y02432_x02048 exit=0 t=143.7s
  [1457/1753] z04736_y02816_x03712 exit=0 t=25.1s
  [1450/1753] z04736_y02816_x02816 exit=0 t=46.3s
  [1476/1753] z04736_y02944_x03456 exit=0 t=10.9s
  [1458/1753] z04736_y02816_x03840 exit=0 t=27.9s
  [1475/1753] z04736_y02944_x03328 exit=0 t=13.5s
  [1446/1753] z04736_y02816_x02304 exit=0 t=58.0s
  [1460/1753] z04736_y02816_x04096 exit=0 t=27.1s
  [1419/1753] z04736_y02688_x01536 exit=0 t=102.8s
  [1459/1753] z04736_y02816_x03968 exit=0 t=32.3s
  [1447/1753] z04736_y02816_x02432 exit=0 t=62.1s
  [1474/1753] z04736_y02944_x03200 exit=0 t=21.8s
  [1468/1753] z04736_y02944_x02432 exit=0 t=27.6s
  [1478/1753] z04736_y02944_x03712 exit=0 t=16.1s
  [1467/1753] z04736_y02944_x02304 exit=0 t=29.7s
  [1469/1753] z04736_y02944_x02560 exit=0 t=30.4s
  [1461/1753] z04736_y02944_x01536 exit=0 t=40.9s
  [1477/1753] z04736_y02944_x03584 exit=0 t=22.1s
  [1479/1753] z04736_y02944_x03840 exit=0 t=20.6s
  [1473/1753] z04736_y02944_x03072 exit=0 t=32.0s
  [1466/1753] z04736_y02944_x02176 exit=0 t=35.9s
  [1480/1753] z04736_y02944_x03968 exit=0 t=17.9s
  [1470/1753] z04736_y02944_x02688 exit=0 t=34.9s
  [1449/1753] z04736_y02816_x02688 exit=0 t=71.0s
  [1481/1753] z04736_y02944_x04096 exit=0 t=21.4s
  [1471/1753] z04736_y02944_x02816 exit=0 t=38.1s
  [1472/1753] z04736_y02944_x02944 exit=0 t=37.3s
  [1448/1753] z04736_y02816_x02560 exit=0 t=75.8s
  [1488/1753] z04736_y03072_x02304 exit=0 t=19.8s
  [1500/1753] z04736_y03072_x03840 exit=0 t=13.0s
  [1495/1753] z04736_y03072_x03200 exit=0 t=17.4s
  [1464/1753] z04736_y02944_x01920 exit=0 t=56.4s
  [1497/1753] z04736_y03072_x03456 exit=0 t=17.7s
  [1501/1753] z04736_y03072_x03968 exit=0 t=14.0s
  [1494/1753] z04736_y03072_x03072 exit=0 t=20.8s
  [1489/1753] z04736_y03072_x02432 exit=0 t=27.8s
  [1498/1753] z04736_y03072_x03584 exit=0 t=20.4s
  [1398/1753] z04736_y02560_x01536 exit=0 t=169.9s
  [1422/1753] z04736_y02688_x01920 exit=0 t=134.4s
  [1496/1753] z04736_y03072_x03328 exit=0 t=23.1s
  [1499/1753] z04736_y03072_x03712 exit=0 t=22.7s
  [1486/1753] z04736_y03072_x02048 exit=0 t=36.9s
  [1518/1753] z04736_y03200_x03456 exit=0 t=5.5s
  [1517/1753] z04736_y03200_x03328 exit=0 t=7.9s
  [1493/1753] z04736_y03072_x02944 exit=0 t=33.5s
  [1516/1753] z04736_y03200_x03200 exit=0 t=12.5s
  [1487/1753] z04736_y03072_x02176 exit=0 t=47.8s
  [1509/1753] z04736_y03200_x02304 exit=0 t=20.2s
  [1519/1753] z04736_y03200_x03584 exit=0 t=12.2s
  [1521/1753] z04736_y03200_x03840 exit=0 t=11.1s
  [1515/1753] z04736_y03200_x03072 exit=0 t=22.7s
  [1522/1753] z04736_y03200_x03968 exit=0 t=10.1s
  [1520/1753] z04736_y03200_x03712 exit=0 t=15.2s
  [1492/1753] z04736_y03072_x02816 exit=0 t=51.0s
  [1465/1753] z04736_y02944_x02048 exit=0 t=86.8s
  [1485/1753] z04736_y03072_x01920 exit=0 t=62.2s
  [1512/1753] z04736_y03200_x02688 exit=0 t=28.0s
  [1514/1753] z04736_y03200_x02944 exit=0 t=27.1s
  [1511/1753] z04736_y03200_x02560 exit=0 t=30.2s
  [1491/1753] z04736_y03072_x02688 exit=0 t=56.5s
  [1318/1753] z04736_y02048_x01920 exit=0 t=291.1s
  [1490/1753] z04736_y03072_x02560 exit=0 t=59.5s
  [1513/1753] z04736_y03200_x02816 exit=0 t=34.1s
  [1482/1753] z04736_y03072_x01536 exit=0 t=72.1s
  [1510/1753] z04736_y03200_x02432 exit=0 t=38.7s
  [1539/1753] z04736_y03328_x03456 exit=0 t=4.5s
  [1535/1753] z04736_y03328_x02944 exit=0 t=11.0s
  [1536/1753] z04736_y03328_x03072 exit=0 t=11.2s
  [1531/1753] z04736_y03328_x02432 exit=0 t=16.8s
  [1534/1753] z04736_y03328_x02816 exit=0 t=17.3s
  [1523/1753] z04736_y03200_x04096 exit=0 t=30.3s
  [1508/1753] z04736_y03200_x02176 exit=0 t=50.6s
  [1538/1753] z04736_y03328_x03328 exit=0 t=14.5s
  [1537/1753] z04736_y03328_x03200 exit=0 t=17.0s
  [1530/1753] z04736_y03328_x02304 exit=0 t=22.3s
  [1532/1753] z04736_y03328_x02560 exit=0 t=21.4s
  [1540/1753] z04736_y03328_x03584 exit=0 t=16.1s
  [1507/1753] z04736_y03200_x02048 exit=0 t=54.9s
  [1506/1753] z04736_y03200_x01920 exit=0 t=55.3s
  [1462/1753] z04736_y02944_x01664 exit=0 t=113.4s
  [1505/1753] z04736_y03200_x01792 exit=0 t=63.9s
  [1533/1753] z04736_y03328_x02688 exit=0 t=26.3s
  [1541/1753] z04736_y03328_x03712 exit=0 t=18.5s
  [1542/1753] z04736_y03328_x03840 exit=0 t=18.8s
  [1543/1753] z04736_y03328_x03968 exit=0 t=17.6s
  [1552/1753] z04736_y03456_x02432 exit=0 t=9.8s
  [1527/1753] z04736_y03328_x01920 exit=0 t=35.0s
  [1502/1753] z04736_y03072_x04096 exit=0 t=77.0s
  [1554/1753] z04736_y03456_x02688 exit=0 t=13.0s
  [1559/1753] z04736_y03456_x03328 exit=0 t=9.9s
  [1560/1753] z04736_y03456_x03456 exit=0 t=7.3s
  [1551/1753] z04736_y03456_x02304 exit=0 t=16.2s
  [1553/1753] z04736_y03456_x02560 exit=0 t=17.1s
  [1544/1753] z04736_y03328_x04096 exit=0 t=27.6s
  [1555/1753] z04736_y03456_x02816 exit=0 t=19.3s
  [1483/1753] z04736_y03072_x01664 exit=0 t=108.4s
  [1558/1753] z04736_y03456_x03200 exit=0 t=17.8s
  [1529/1753] z04736_y03328_x02176 exit=0 t=46.9s
  [1563/1753] z04736_y03456_x03840 exit=0 t=15.1s
  [1573/1753] z04736_y03584_x02432 exit=0 t=5.5s
  [1572/1753] z04736_y03584_x02304 exit=0 t=6.3s
  [1556/1753] z04736_y03456_x02944 exit=0 t=27.0s
  [1557/1753] z04736_y03456_x03072 exit=0 t=25.6s
  [1463/1753] z04736_y02944_x01792 exit=0 t=141.5s
  [1562/1753] z04736_y03456_x03712 exit=0 t=23.9s
  [1503/1753] z04736_y03200_x01536 exit=0 t=99.5s
  [1550/1753] z04736_y03456_x02176 exit=0 t=36.1s
  [1484/1753] z04736_y03072_x01792 exit=0 t=121.4s
  [1564/1753] z04736_y03456_x03968 exit=0 t=26.3s
  [1561/1753] z04736_y03456_x03584 exit=0 t=29.5s
  [1571/1753] z04736_y03584_x02176 exit=0 t=17.2s
  [1579/1753] z04736_y03584_x03200 exit=0 t=11.7s
  [1574/1753] z04736_y03584_x02560 exit=0 t=19.4s
  [1528/1753] z04736_y03328_x02048 exit=0 t=68.1s
  [1580/1753] z04736_y03584_x03328 exit=0 t=12.9s
  [1526/1753] z04736_y03328_x01792 exit=0 t=71.6s
  [1546/1753] z04736_y03456_x01664 exit=0 t=52.1s
  [1575/1753] z04736_y03584_x02688 exit=0 t=23.1s
  [1583/1753] z04736_y03584_x03712 exit=0 t=15.3s
  [1565/1753] z04736_y03456_x04096 exit=0 t=36.3s
  [1545/1753] z04736_y03456_x01536 exit=0 t=57.4s
  [1584/1753] z04736_y03584_x03840 exit=0 t=16.9s
  [1548/1753] z04736_y03456_x01920 exit=0 t=55.1s
  [1443/1753] z04736_y02816_x01920 exit=0 t=203.4s
  [1578/1753] z04736_y03584_x03072 exit=0 t=25.2s
  [1582/1753] z04736_y03584_x03584 exit=0 t=21.1s
  [1570/1753] z04736_y03584_x02048 exit=0 t=35.5s
  [1594/1753] z04736_y03712_x02432 exit=0 t=8.4s
  [1549/1753] z04736_y03456_x02048 exit=0 t=59.0s
  [1576/1753] z04736_y03584_x02816 exit=0 t=29.3s
  [1593/1753] z04736_y03712_x02304 exit=0 t=10.6s
  [1525/1753] z04736_y03328_x01664 exit=0 t=86.3s
  [1524/1753] z04736_y03328_x01536 exit=0 t=92.0s
  [1566/1753] z04736_y03584_x01536 exit=0 t=44.4s
  [1595/1753] z04736_y03712_x02560 exit=0 t=9.7s
  [1596/1753] z04736_y03712_x02688 exit=0 t=9.6s
  [1586/1753] z04736_y03584_x04096 exit=0 t=22.8s
  [1581/1753] z04736_y03584_x03456 exit=0 t=27.7s
  [1577/1753] z04736_y03584_x02944 exit=0 t=32.8s
  [1592/1753] z04736_y03712_x02176 exit=0 t=19.3s
  [1597/1753] z04736_y03712_x02816 exit=0 t=12.0s
  [1591/1753] z04736_y03712_x02048 exit=0 t=21.7s
  [1607/1753] z04736_y03712_x04096 exit=0 t=9.2s
  [1604/1753] z04736_y03712_x03712 exit=0 t=13.3s
  [1504/1753] z04736_y03200_x01664 exit=0 t=132.8s
  [1603/1753] z04736_y03712_x03584 exit=0 t=18.7s
  [1598/1753] z04736_y03712_x02944 exit=0 t=22.3s
  [1599/1753] z04736_y03712_x03072 exit=0 t=25.9s
  [1609/1753] z04736_y03840_x01664 exit=0 t=19.4s
  [1588/1753] z04736_y03712_x01664 exit=0 t=38.3s
  [1567/1753] z04736_y03584_x01664 exit=0 t=65.2s
  [1568/1753] z04736_y03584_x01792 exit=0 t=66.0s
  [1605/1753] z04736_y03712_x03840 exit=0 t=24.4s
  [1585/1753] z04736_y03584_x03968 exit=0 t=45.5s
  [1608/1753] z04736_y03840_x01536 exit=0 t=25.8s
  [1590/1753] z04736_y03712_x01920 exit=0 t=45.8s
  [1612/1753] z04736_y03840_x02048 exit=0 t=30.1s
  [1628/1753] z04736_y03840_x04096 exit=0 t=10.3s
  [1616/1753] z04736_y03840_x02560 exit=0 t=29.6s
  [1615/1753] z04736_y03840_x02432 exit=0 t=32.7s
  [1547/1753] z04736_y03456_x01792 exit=0 t=98.1s
  [1613/1753] z04736_y03840_x02176 exit=0 t=35.5s
  [1587/1753] z04736_y03712_x01536 exit=0 t=58.6s
  [1606/1753] z04736_y03712_x03968 exit=0 t=41.7s
  [1601/1753] z04736_y03712_x03328 exit=0 t=44.3s
  [1589/1753] z04736_y03712_x01792 exit=0 t=55.9s
  [1617/1753] z04736_y03840_x02688 exit=0 t=35.4s
  [1442/1753] z04736_y02816_x01792 exit=0 t=253.3s
  [1623/1753] z04736_y03840_x03456 exit=0 t=28.5s
  [1614/1753] z04736_y03840_x02304 exit=0 t=42.4s
  [1622/1753] z04736_y03840_x03328 exit=0 t=29.0s
  [1621/1753] z04736_y03840_x03200 exit=0 t=32.6s
  [1600/1753] z04736_y03712_x03200 exit=0 t=49.6s
  [1627/1753] z04736_y03840_x03968 exit=0 t=25.6s
  [1629/1753] z04736_y03968_x01536 exit=0 t=24.9s
  [1624/1753] z04736_y03840_x03584 exit=0 t=29.4s
  [1610/1753] z04736_y03840_x01792 exit=0 t=48.7s
  [1618/1753] z04736_y03840_x02816 exit=0 t=43.3s
  [1611/1753] z04736_y03840_x01920 exit=0 t=49.1s
  [1569/1753] z04736_y03584_x01920 exit=0 t=91.3s
  [1626/1753] z04736_y03840_x03840 exit=0 t=30.5s
  [1625/1753] z04736_y03840_x03712 exit=0 t=33.4s
  [1649/1753] z04736_y03968_x04096 exit=0 t=9.3s
  [1619/1753] z04736_y03840_x02944 exit=0 t=46.1s
  [1631/1753] z04736_y03968_x01792 exit=0 t=30.5s
  [1620/1753] z04736_y03840_x03072 exit=0 t=45.1s
  [1648/1753] z04736_y03968_x03968 exit=0 t=11.7s
  [1630/1753] z04736_y03968_x01664 exit=0 t=32.5s
  [1634/1753] z04736_y03968_x02176 exit=0 t=30.1s
  [1643/1753] z04736_y03968_x03328 exit=0 t=22.4s
  [1602/1753] z04736_y03712_x03456 exit=0 t=67.3s
  [1642/1753] z04736_y03968_x03200 exit=0 t=23.7s
  [1644/1753] z04736_y03968_x03456 exit=0 t=21.6s
  [1635/1753] z04736_y03968_x02304 exit=0 t=31.2s
  [1633/1753] z04736_y03968_x02048 exit=0 t=33.9s
  [1645/1753] z04736_y03968_x03584 exit=0 t=22.2s
  [1636/1753] z04736_y03968_x02432 exit=0 t=33.5s
  [1632/1753] z04736_y03968_x01920 exit=0 t=38.0s
  [1646/1753] z04736_y03968_x03712 exit=0 t=24.7s
  [1641/1753] z04736_y03968_x03072 exit=0 t=31.0s
  [1668/1753] z04736_y04096_x03840 exit=0 t=12.1s
  [1662/1753] z04736_y04096_x03072 exit=0 t=20.6s
  [1661/1753] z04736_y04096_x02944 exit=0 t=21.6s
  [1665/1753] z04736_y04096_x03456 exit=0 t=15.3s
  [1647/1753] z04736_y03968_x03840 exit=0 t=34.7s
  [1670/1753] z04736_y04096_x04096 exit=0 t=13.8s
  [1660/1753] z04736_y04096_x02816 exit=0 t=25.3s
  [1656/1753] z04736_y04096_x02304 exit=0 t=29.4s
  [1669/1753] z04736_y04096_x03968 exit=0 t=15.3s
  [1640/1753] z04736_y03968_x02944 exit=0 t=40.9s
  [1658/1753] z04736_y04096_x02560 exit=0 t=31.0s
  [1650/1753] z04736_y04096_x01536 exit=0 t=37.6s
  [1655/1753] z04736_y04096_x02176 exit=0 t=36.6s
  [1667/1753] z04736_y04096_x03712 exit=0 t=24.9s
  [1664/1753] z04736_y04096_x03328 exit=0 t=31.8s
  [1657/1753] z04736_y04096_x02432 exit=0 t=37.0s
  [1666/1753] z04736_y04096_x03584 exit=0 t=27.2s
  [1639/1753] z04736_y03968_x02816 exit=0 t=56.5s
  [1663/1753] z04736_y04096_x03200 exit=0 t=39.2s
  [1638/1753] z04736_y03968_x02688 exit=0 t=59.7s
  [1637/1753] z04736_y03968_x02560 exit=0 t=62.2s
  [1659/1753] z04736_y04096_x02688 exit=0 t=44.7s
  [1653/1753] z04736_y04096_x01920 exit=0 t=50.7s
  [1671/1753] z04736_y04224_x01536 exit=0 t=35.3s
  [1672/1753] z04736_y04224_x01664 exit=0 t=35.1s
  [1685/1753] z04736_y04224_x03328 exit=0 t=21.8s
  [1688/1753] z04736_y04224_x03712 exit=0 t=18.0s
  [1687/1753] z04736_y04224_x03584 exit=0 t=18.6s
  [1679/1753] z04736_y04224_x02560 exit=0 t=25.5s
  [1682/1753] z04736_y04224_x02944 exit=0 t=24.1s
  [1680/1753] z04736_y04224_x02688 exit=0 t=25.5s
  [1686/1753] z04736_y04224_x03456 exit=0 t=25.2s
  [1689/1753] z04736_y04224_x03840 exit=0 t=19.4s
  [1678/1753] z04736_y04224_x02432 exit=0 t=29.6s
  [1652/1753] z04736_y04096_x01792 exit=0 t=61.7s
  [1690/1753] z04736_y04224_x03968 exit=0 t=23.1s
  [1681/1753] z04736_y04224_x02816 exit=0 t=32.4s
  [1651/1753] z04736_y04096_x01664 exit=0 t=64.9s
  [1677/1753] z04736_y04224_x02304 exit=0 t=37.6s
  [1683/1753] z04736_y04224_x03072 exit=0 t=33.9s
  [1684/1753] z04736_y04224_x03200 exit=0 t=36.3s
  [1654/1753] z04736_y04096_x02048 exit=0 t=69.0s
  [1691/1753] z04736_y04224_x04096 exit=0 t=31.7s
  [1700/1753] z04736_y04352_x02560 exit=0 t=20.0s
  [1695/1753] z04736_y04352_x01920 exit=0 t=26.6s
  [1694/1753] z04736_y04352_x01792 exit=0 t=31.6s
  [1701/1753] z04736_y04352_x02688 exit=0 t=31.2s
  [1673/1753] z04736_y04224_x01792 exit=0 t=66.1s
  [1706/1753] z04736_y04352_x03328 exit=0 t=32.7s
  [1718/1753] z04736_y04480_x02176 exit=0 t=19.0s
  [1702/1753] z04736_y04352_x02816 exit=0 t=36.1s
  [1692/1753] z04736_y04352_x01536 exit=0 t=51.1s
  [1721/1753] z04736_y04480_x02560 exit=0 t=19.1s
  [1696/1753] z04736_y04352_x02048 exit=0 t=44.9s
  [1711/1753] z04736_y04352_x03968 exit=0 t=31.6s
  [1707/1753] z04736_y04352_x03456 exit=0 t=38.9s
  [1703/1753] z04736_y04352_x02944 exit=0 t=39.9s
  [1710/1753] z04736_y04352_x03840 exit=0 t=37.0s
  [reject] z04736_y04608_x01536 (empty prediction -- no meshable component)
  [1726/1753] z04736_y04480_x03200 exit=0 t=5.7s
  [1733/1753] z04736_y04480_x04096 exit=0 t=0.9s
  [1725/1753] z04736_y04480_x03072 exit=0 t=7.7s
  [1720/1753] z04736_y04480_x02432 exit=0 t=23.0s
  [1712/1753] z04736_y04352_x04096 exit=0 t=33.0s
  [1704/1753] z04736_y04352_x03072 exit=0 t=41.7s
  [1676/1753] z04736_y04224_x02176 exit=0 t=75.5s
  [1719/1753] z04736_y04480_x02304 exit=0 t=26.4s
  [1722/1753] z04736_y04480_x02688 exit=0 t=21.6s
  [1727/1753] z04736_y04480_x03328 exit=0 t=9.8s
  [1743/1753] z04736_y04608_x02688 exit=0 t=2.5s
  [1744/1753] z04736_y04608_x02816 exit=0 t=1.4s
  [reject] z04736_y04608_x03200 (garbage solid-slab prediction)
  [reject] z04736_y04608_x03328 (garbage solid-slab prediction)
  [reject] z04736_y04608_x03456 (garbage solid-slab prediction)
  [1745/1753] z04736_y04608_x02944 exit=0 t=0.8s
  [reject] z04736_y04608_x03584 (garbage solid-slab prediction)
  [reject] z04736_y04608_x03712 (garbage solid-slab prediction)
  [reject] z04736_y04608_x03840 (garbage solid-slab prediction)
  [reject] z04736_y04608_x03968 (garbage solid-slab prediction)
  [reject] z04736_y04608_x04096 (garbage solid-slab prediction)
  [1708/1753] z04736_y04352_x03584 exit=0 t=43.6s
  [1729/1753] z04736_y04480_x03584 exit=0 t=8.6s
  [1742/1753] z04736_y04608_x02560 exit=0 t=3.7s
  [1741/1753] z04736_y04608_x02432 exit=0 t=7.0s
  [1693/1753] z04736_y04352_x01664 exit=0 t=63.1s
  [1717/1753] z04736_y04480_x02048 exit=0 t=38.0s
  [1728/1753] z04736_y04480_x03456 exit=0 t=14.7s
  [1732/1753] z04736_y04480_x03968 exit=0 t=12.5s
  [1675/1753] z04736_y04224_x02048 exit=0 t=86.4s
  [1699/1753] z04736_y04352_x02432 exit=0 t=55.5s
  [1698/1753] z04736_y04352_x02304 exit=0 t=57.4s
  [1739/1753] z04736_y04608_x02176 exit=0 t=13.7s
  [1730/1753] z04736_y04480_x03712 exit=0 t=15.9s
  [1723/1753] z04736_y04480_x02816 exit=0 t=26.0s
  [1735/1753] z04736_y04608_x01664 exit=0 t=15.4s
  [1697/1753] z04736_y04352_x02176 exit=0 t=60.9s
  [1731/1753] z04736_y04480_x03840 exit=0 t=17.7s
  [1740/1753] z04736_y04608_x02304 exit=0 t=16.7s
  [1705/1753] z04736_y04352_x03200 exit=0 t=57.7s
  [1724/1753] z04736_y04480_x02944 exit=0 t=27.4s
  [1709/1753] z04736_y04352_x03712 exit=0 t=55.6s
  [1674/1753] z04736_y04224_x01920 exit=0 t=99.9s
  [1738/1753] z04736_y04608_x02048 exit=0 t=24.1s
  [1737/1753] z04736_y04608_x01920 exit=0 t=32.6s
  [1716/1753] z04736_y04480_x01920 exit=0 t=68.0s
  [1713/1753] z04736_y04480_x01536 exit=0 t=71.5s
  [1714/1753] z04736_y04480_x01664 exit=0 t=71.3s
  [1715/1753] z04736_y04480_x01792 exit=0 t=72.6s
  [1736/1753] z04736_y04608_x01792 exit=0 t=51.7s
Cubes: 1702 ok (0 skipped already-done), 51 rejected (44 solid-slab, 7 empty), 0 fail in 2080.7s
  rejected cube list -> output\pherc0139_4x21x21_run\mesh/rejected_cubes.txt
Seam gates armed for weld: umbilicus=(3405.0,2878.0) pitch=9.50
Running grid_weld -> output\pherc0139_4x21x21_run\mesh/welded.obj
grid_weld CRASHED (exit=0xFFFFFFFF)
grid_weld crashed -- pipeline aborted
