[obj_bake_raw] in=.\output\tiled_4x5_validation_20260730_v4\atlas\atlas_bake.obj raw=D:\work\vesuvius-c\PHerc0139-4x5x5\cubes_RAW out=D:\work\scrollfiesta_public\output\canonical_best\pherc0139_4x5x5\texture id=atlas
  parsed: 98521 verts, 98521 vt, 167397 faces (0.1s)
  cube table: 6x7x7 cubes (chunk 128) over bbox
TIFFOpen: D:\work\vesuvius-c\PHerc0139-4x5x5\cubes_RAW/z04352_y02944_x02560.tif: Cannot open.
TIFFOpen: D:\work\vesuvius-c\PHerc0139-4x5x5\cubes_RAW/z04352_y03072_x02432.tif: Cannot open.
TIFFOpen: D:\work\vesuvius-c\PHerc0139-4x5x5\cubes_RAW/z04352_y02944_x02688.tif: Cannot open.
TIFFOpen: D:\work\vesuvius-c\PHerc0139-4x5x5\cubes_RAW/z04352_y02944_x02816.tif: Cannot open.
TIFFOpen: D:\work\vesuvius-c\PHerc0139-4x5x5\cubes_RAW/z04352_y02944_x02944.tif: Cannot open.
TIFFOpen: D:\work\vesuvius-c\PHerc0139-4x5x5\cubes_RAW/z04352_y03072_x03200.tif: Cannot open.
TIFFOpen: D:\work\vesuvius-c\PHerc0139-4x5x5\cubes_RAW/z04352_y02944_x03072.tif: Cannot open.
TIFFOpen: D:\work\vesuvius-c\PHerc0139-4x5x5\cubes_RAW/z04352_y03200_x02432.tif: Cannot open.
TIFFOpen: D:\work\vesuvius-c\PHerc0139-4x5x5\cubes_RAW/z04352_y03200_x03200.tif: Cannot open.
TIFFOpen: D:\work\vesuvius-c\PHerc0139-4x5x5\cubes_RAW/z04352_y03328_x03200.tif: Cannot open.
TIFFOpen: D:\work\vesuvius-c\PHerc0139-4x5x5\cubes_RAW/z04352_y03328_x02432.tif: Cannot open.
TIFFOpen: D:\work\vesuvius-c\PHerc0139-4x5x5\cubes_RAW/z04352_y03456_x02432.tif: Cannot open.
TIFFOpen: D:\work\vesuvius-c\PHerc0139-4x5x5\cubes_RAW/z04352_y03456_x03200.tif: Cannot open.
TIFFOpen: D:\work\vesuvius-c\PHerc0139-4x5x5\cubes_RAW/z04352_y03584_x02432.tif: Cannot open.
TIFFOpen: D:\work\vesuvius-c\PHerc0139-4x5x5\cubes_RAW/z04352_y03712_x02560.tif: Cannot open.
TIFFOpen: D:\work\vesuvius-c\PHerc0139-4x5x5\cubes_RAW/z04352_y03712_x02688.tif: Cannot open.
TIFFOpen: D:\work\vesuvius-c\PHerc0139-4x5x5\cubes_RAW/z04352_y03712_x02816.tif: Cannot open.
TIFFOpen: D:\work\vesuvius-c\PHerc0139-4x5x5\cubes_RAW/z04352_y03712_x02944.tif: Cannot open.
TIFFOpen: D:\work\vesuvius-c\PHerc0139-4x5x5\cubes_RAW/z04352_y03584_x03200.tif: Cannot open.
TIFFOpen: D:\work\vesuvius-c\PHerc0139-4x5x5\cubes_RAW/z04480_y02944_x02560.tif: Cannot open.
TIFFOpen: D:\work\vesuvius-c\PHerc0139-4x5x5\cubes_RAW/z04480_y03072_x02432.tif: Cannot open.
TIFFOpen: D:\work\vesuvius-c\PHerc0139-4x5x5\cubes_RAW/z04480_y02944_x02688.tif: Cannot open.
TIFFOpen: D:\work\vesuvius-c\PHerc0139-4x5x5\cubes_RAW/z04480_y02944_x02816.tif: Cannot open.
TIFFOpen: D:\work\vesuvius-c\PHerc0139-4x5x5\cubes_RAW/z04480_y02944_x02944.tif: Cannot open.
TIFFOpen: D:\work\vesuvius-c\PHerc0139-4x5x5\cubes_RAW/z04480_y03072_x03200.tif: Cannot open.
TIFFOpen: D:\work\vesuvius-c\PHerc0139-4x5x5\cubes_RAW/z04480_y03200_x02432.tif: Cannot open.
TIFFOpen: D:\work\vesuvius-c\PHerc0139-4x5x5\cubes_RAW/z04480_y03200_x03200.tif: Cannot open.
TIFFOpen: D:\work\vesuvius-c\PHerc0139-4x5x5\cubes_RAW/z04480_y03328_x02432.tif: Cannot open.
TIFFOpen: D:\work\vesuvius-c\PHerc0139-4x5x5\cubes_RAW/z04480_y03328_x03200.tif: Cannot open.
TIFFOpen: D:\work\vesuvius-c\PHerc0139-4x5x5\cubes_RAW/z04480_y03456_x02432.tif: Cannot open.
TIFFOpen: D:\work\vesuvius-c\PHerc0139-4x5x5\cubes_RAW/z04480_y03456_x03200.tif: Cannot open.
TIFFOpen: D:\work\vesuvius-c\PHerc0139-4x5x5\cubes_RAW/z04480_y03712_x02816.tif: Cannot open.
TIFFOpen: D:\work\vesuvius-c\PHerc0139-4x5x5\cubes_RAW/z04480_y03712_x02944.tif: Cannot open.
TIFFOpen: D:\work\vesuvius-c\PHerc0139-4x5x5\cubes_RAW/z04480_y03584_x03200.tif: Cannot open.
TIFFOpen: D:\work\vesuvius-c\PHerc0139-4x5x5\cubes_RAW/z04480_y03712_x03072.tif: Cannot open.
TIFFOpen: D:\work\vesuvius-c\PHerc0139-4x5x5\cubes_RAW/z04608_y03072_x02432.tif: Cannot open.
TIFFOpen: D:\work\vesuvius-c\PHerc0139-4x5x5\cubes_RAW/z04608_y02944_x02560.tif: Cannot open.
TIFFOpen: D:\work\vesuvius-c\PHerc0139-4x5x5\cubes_RAW/z04608_y02944_x02688.tif: Cannot open.
TIFFOpen: D:\work\vesuvius-c\PHerc0139-4x5x5\cubes_RAW/z04608_y02944_x02816.tif: Cannot open.
TIFFOpen: D:\work\vesuvius-c\PHerc0139-4x5x5\cubes_RAW/z04608_y02944_x02944.tif: Cannot open.
TIFFOpen: D:\work\vesuvius-c\PHerc0139-4x5x5\cubes_RAW/z04608_y03072_x03200.tif: Cannot open.
TIFFOpen: D:\work\vesuvius-c\PHerc0139-4x5x5\cubes_RAW/z04608_y02944_x03072.tif: Cannot open.
TIFFOpen: D:\work\vesuvius-c\PHerc0139-4x5x5\cubes_RAW/z04608_y03200_x02432.tif: Cannot open.
TIFFOpen: D:\work\vesuvius-c\PHerc0139-4x5x5\cubes_RAW/z04608_y03200_x03200.tif: Cannot open.
TIFFOpen: D:\work\vesuvius-c\PHerc0139-4x5x5\cubes_RAW/z04608_y03328_x02432.tif: Cannot open.
TIFFOpen: D:\work\vesuvius-c\PHerc0139-4x5x5\cubes_RAW/z04608_y03328_x03200.tif: Cannot open.
TIFFOpen: D:\work\vesuvius-c\PHerc0139-4x5x5\cubes_RAW/z04608_y03456_x02432.tif: Cannot open.
TIFFOpen: D:\work\vesuvius-c\PHerc0139-4x5x5\cubes_RAW/z04608_y03456_x03200.tif: Cannot open.
TIFFOpen: D:\work\vesuvius-c\PHerc0139-4x5x5\cubes_RAW/z04608_y03584_x02432.tif: Cannot open.
TIFFOpen: D:\work\vesuvius-c\PHerc0139-4x5x5\cubes_RAW/z04608_y03712_x02560.tif: Cannot open.
TIFFOpen: D:\work\vesuvius-c\PHerc0139-4x5x5\cubes_RAW/z04608_y03712_x02688.tif: Cannot open.
TIFFOpen: D:\work\vesuvius-c\PHerc0139-4x5x5\cubes_RAW/z04608_y03712_x02816.tif: Cannot open.
TIFFOpen: D:\work\vesuvius-c\PHerc0139-4x5x5\cubes_RAW/z04608_y03712_x02944.tif: Cannot open.
TIFFOpen: D:\work\vesuvius-c\PHerc0139-4x5x5\cubes_RAW/z04608_y03584_x03200.tif: Cannot open.
TIFFOpen: D:\work\vesuvius-c\PHerc0139-4x5x5\cubes_RAW/z04608_y03712_x03072.tif: Cannot open.
TIFFOpen: D:\work\vesuvius-c\PHerc0139-4x5x5\cubes_RAW/z04864_y03072_x02560.tif: Cannot open.
TIFFOpen: D:\work\vesuvius-c\PHerc0139-4x5x5\cubes_RAW/z04736_y03072_x02432.tif: Cannot open.
TIFFOpen: D:\work\vesuvius-c\PHerc0139-4x5x5\cubes_RAW/z04864_y03072_x02688.tif: Cannot open.
TIFFOpen: D:\work\vesuvius-c\PHerc0139-4x5x5\cubes_RAW/z04736_y02944_x02688.tif: Cannot open.
TIFFOpen: D:\work\vesuvius-c\PHerc0139-4x5x5\cubes_RAW/z04736_y02944_x02816.tif: Cannot open.
TIFFOpen: D:\work\vesuvius-c\PHerc0139-4x5x5\cubes_RAW/z04864_y03072_x02816.tif: Cannot open.
TIFFOpen: D:\work\vesuvius-c\PHerc0139-4x5x5\cubes_RAW/z04864_y03072_x02944.tif: Cannot open.
TIFFOpen: D:\work\vesuvius-c\PHerc0139-4x5x5\cubes_RAW/z04736_y02944_x02944.tif: Cannot open.
TIFFOpen: D:\work\vesuvius-c\PHerc0139-4x5x5\cubes_RAW/z04864_y03072_x03072.tif: Cannot open.
TIFFOpen: D:\work\vesuvius-c\PHerc0139-4x5x5\cubes_RAW/z04736_y03072_x03200.tif: Cannot open.
TIFFOpen: D:\work\vesuvius-c\PHerc0139-4x5x5\cubes_RAW/z04736_y02944_x03072.tif: Cannot open.
TIFFOpen: D:\work\vesuvius-c\PHerc0139-4x5x5\cubes_RAW/z04864_y03200_x02560.tif: Cannot open.
TIFFOpen: D:\work\vesuvius-c\PHerc0139-4x5x5\cubes_RAW/z04736_y03200_x02432.tif: Cannot open.
TIFFOpen: D:\work\vesuvius-c\PHerc0139-4x5x5\cubes_RAW/z04864_y03200_x02688.tif: Cannot open.
TIFFOpen: D:\work\vesuvius-c\PHerc0139-4x5x5\cubes_RAW/z04864_y03200_x02816.tif: Cannot open.
TIFFOpen: D:\work\vesuvius-c\PHerc0139-4x5x5\cubes_RAW/z04864_y03200_x02944.tif: Cannot open.
TIFFOpen: D:\work\vesuvius-c\PHerc0139-4x5x5\cubes_RAW/z04736_y03200_x03200.tif: Cannot open.
TIFFOpen: D:\work\vesuvius-c\PHerc0139-4x5x5\cubes_RAW/z04864_y03200_x03072.tif: Cannot open.
TIFFOpen: D:\work\vesuvius-c\PHerc0139-4x5x5\cubes_RAW/z04864_y03328_x02560.tif: Cannot open.
TIFFOpen: D:\work\vesuvius-c\PHerc0139-4x5x5\cubes_RAW/z04736_y03328_x02432.tif: Cannot open.
TIFFOpen: D:\work\vesuvius-c\PHerc0139-4x5x5\cubes_RAW/z04864_y03328_x02688.tif: Cannot open.
TIFFOpen: D:\work\vesuvius-c\PHerc0139-4x5x5\cubes_RAW/z04864_y03328_x02816.tif: Cannot open.
TIFFOpen: D:\work\vesuvius-c\PHerc0139-4x5x5\cubes_RAW/z04864_y03328_x02944.tif: Cannot open.
TIFFOpen: D:\work\vesuvius-c\PHerc0139-4x5x5\cubes_RAW/z04736_y03328_x03200.tif: Cannot open.
TIFFOpen: D:\work\vesuvius-c\PHerc0139-4x5x5\cubes_RAW/z04736_y03456_x03200.tif: Cannot open.
TIFFOpen: D:\work\vesuvius-c\PHerc0139-4x5x5\cubes_RAW/z04864_y03456_x02560.tif: Cannot open.
TIFFOpen: D:\work\vesuvius-c\PHerc0139-4x5x5\cubes_RAW/z04736_y03456_x02432.tif: Cannot open.
TIFFOpen: D:\work\vesuvius-c\PHerc0139-4x5x5\cubes_RAW/z04864_y03456_x02816.tif: Cannot open.
TIFFOpen: D:\work\vesuvius-c\PHerc0139-4x5x5\cubes_RAW/z04864_y03456_x02944.tif: Cannot open.
TIFFOpen: D:\work\vesuvius-c\PHerc0139-4x5x5\cubes_RAW/z04864_y03456_x03072.tif: Cannot open.
TIFFOpen: D:\work\vesuvius-c\PHerc0139-4x5x5\cubes_RAW/z04864_y03584_x02560.tif: Cannot open.
TIFFOpen: D:\work\vesuvius-c\PHerc0139-4x5x5\cubes_RAW/z04736_y03712_x02560.tif: Cannot open.
TIFFOpen: D:\work\vesuvius-c\PHerc0139-4x5x5\cubes_RAW/z04864_y03584_x02688.tif: Cannot open.
TIFFOpen: D:\work\vesuvius-c\PHerc0139-4x5x5\cubes_RAW/z04736_y03712_x02688.tif: Cannot open.
TIFFOpen: D:\work\vesuvius-c\PHerc0139-4x5x5\cubes_RAW/z04864_y03584_x02816.tif: Cannot open.
TIFFOpen: D:\work\vesuvius-c\PHerc0139-4x5x5\cubes_RAW/z04736_y03712_x02816.tif: Cannot open.
TIFFOpen: D:\work\vesuvius-c\PHerc0139-4x5x5\cubes_RAW/z04864_y03584_x02944.tif: Cannot open.
TIFFOpen: D:\work\vesuvius-c\PHerc0139-4x5x5\cubes_RAW/z04736_y03712_x02944.tif: Cannot open.
TIFFOpen: D:\work\vesuvius-c\PHerc0139-4x5x5\cubes_RAW/z04736_y03584_x03200.tif: Cannot open.
TIFFOpen: D:\work\vesuvius-c\PHerc0139-4x5x5\cubes_RAW/z04864_y03584_x03072.tif: Cannot open.
TIFFOpen: D:\work\vesuvius-c\PHerc0139-4x5x5\cubes_RAW/z04736_y03712_x03072.tif: Cannot open.
  sampled: 98521/98521 verts (100.00%), 100 cubes loaded, 96 missing (0.4s)
  contrast window: [43, 191] (stretch on)
  intensity percentiles p1/p25/p50/p75/p99: 43 / 108 / 131 / 149 / 191
  [diag] class px: ok=6052261 (96.90%) skip-uv=394 (0.01%) skip-3d=0 (0.00%) dark=193173 (3.09%) multi=497979 bg=14320635  (% of non-bg non-multi)
  [diag] hot tile  0: px(40960..41216, 0..64) u=[40960,41216] v=[0,64]  bad=27.7% (172/620)
  [diag] hot tile  1: px(32256..32512, 128..192) u=[32256,32512] v=[128,192]  bad=24.1% (266/1105)
  [diag] hot tile  2: px(19968..20224, 320..384) u=[19968,20224] v=[320,384]  bad=21.7% (2271/10469)
  [diag] hot tile  3: px(19968..20224, 448..512) u=[19968,20224] v=[448,512]  bad=21.0% (2388/11381)
  [diag] hot tile  4: px(32512..32768, 384..448) u=[32512,32768] v=[384,448]  bad=19.3% (772/4003)
  [diag] hot tile  5: px(16128..16384, 384..448) u=[16128,16384] v=[384,448]  bad=19.2% (461/2399)
  [diag] hot tile  6: px(32512..32768, 256..320) u=[32512,32768] v=[256,320]  bad=18.9% (332/1761)
  [diag] hot tile  7: px(17408..17664, 0..64) u=[17408,17664] v=[0,64]  bad=18.6% (962/5185)
  [diag] hot tile  8: px(32512..32768, 192..256) u=[32512,32768] v=[192,256]  bad=18.2% (132/727)
  [diag] hot tile  9: px(35840..36096, 384..448) u=[35840,36096] v=[384,448]  bad=18.1% (449/2476)
  [diag] hot tile 10: px(34560..34816, 448..512) u=[34560,34816] v=[448,512]  bad=17.7% (421/2383)
  [diag] hot tile 11: px(30976..31232, 384..448) u=[30976,31232] v=[384,448]  bad=17.5% (1199/6857)
  [diag] wrote D:\work\scrollfiesta_public\output\canonical_best\pherc0139_4x5x5\texture/atlas_diag{class,stretch,squash,verr}.tif (zmin est 4353.00)
  wrote D:\work\scrollfiesta_public\output\canonical_best\pherc0139_4x5x5\texture/atlas_rawtex.tif (41222x511 px, 32.0% filled, 497979 multi-cover px, skipped 2 uv-stretched + 0 big-3d faces, 3.9s)
[obj_bake_raw] SUMMARY id=atlas verts=98521 sampled=100.00% cubes=100/196 window=[43,191] parse=0.1s sample=0.4s write=3.9s
